 Ali_model_sfun

 Timestamp is 562ab87e (Fri Oct 23 18:45:18 2015)

 Preferred load address is 0000000180000000

 Start         Length     Name                   Class
 0001:00000000 0003260eH .text                   CODE
 0001:00032610 0000007bH .text$x                 CODE
 0002:00000000 00000478H .idata$5                DATA
 0002:00000478 00000008H .CRT$XCA                DATA
 0002:00000480 00000008H .CRT$XCZ                DATA
 0002:00000488 00000008H .CRT$XIA                DATA
 0002:00000490 00000008H .CRT$XIAA               DATA
 0002:00000498 00000008H .CRT$XIC                DATA
 0002:000004a0 00000008H .CRT$XIZ                DATA
 0002:000004b0 00000900H .rdata                  DATA
 0002:00000db0 00000008H .rtc$IAA                DATA
 0002:00000db8 00000008H .rtc$IZZ                DATA
 0002:00000dc0 00000008H .rtc$TAA                DATA
 0002:00000dc8 00000008H .rtc$TZZ                DATA
 0002:00000dd0 00000c8cH .xdata                  DATA
 0002:00001a5c 0000008cH .idata$2                DATA
 0002:00001ae8 00000014H .idata$3                DATA
 0002:00001b00 00000478H .idata$4                DATA
 0002:00001f78 00000cb0H .idata$6                DATA
 0002:00002c30 00000054H .edata                  DATA
 0003:00000000 0000e158H .data                   DATA
 0003:0000e160 00000708H .bss                    DATA
 0004:00000000 00000ef4H .pdata                  DATA

  Address         Publics by Value              Rva+Base               Lib:Object

 0000:00000000       ___safe_se_handler_table   0000000000000000     <absolute>
 0000:00000000       ___safe_se_handler_count   0000000000000000     <absolute>
 0000:00000000       __ImageBase                0000000180000000     <linker-defined>
 0001:00000000       Ali_model_initializer      0000000180001000 f   Ali_model_sfun.obj
 0001:00000010       Ali_model_terminator       0000000180001010 f   Ali_model_sfun.obj
 0001:00000020       load_Ali_model_optimization_info 0000000180001020 f   Ali_model_sfun.obj
 0001:00000070       unload_Ali_model_optimization_info 0000000180001070 f   Ali_model_sfun.obj
 0001:000000a0       sf_Ali_model_method_dispatcher 00000001800010a0 f   Ali_model_sfun.obj
 0001:00000150       sf_Ali_model_uses_exported_functions 0000000180001150 f   Ali_model_sfun.obj
 0001:00000190       sf_Ali_model_process_check_sum_call 0000000180001190 f   Ali_model_sfun.obj
 0001:00000860       sf_Ali_model_autoinheritance_info 0000000180001860 f   Ali_model_sfun.obj
 0001:00000b70       sf_Ali_model_get_eml_resolved_functions_info 0000000180001b70 f   Ali_model_sfun.obj
 0001:00000db0       sf_Ali_model_third_party_uses_info 0000000180001db0 f   Ali_model_sfun.obj
 0001:00001030       sf_Ali_model_jit_fallback_info 0000000180002030 f   Ali_model_sfun.obj
 0001:000012b0       sf_Ali_model_updateBuildInfo_args_info 00000001800022b0 f   Ali_model_sfun.obj
 0001:00001530       sf_Ali_model_get_post_codegen_info 0000000180002530 f   Ali_model_sfun.obj
 0001:00001710       Ali_model_debug_initialize 0000000180002710 f   Ali_model_sfun.obj
 0001:00001790       Ali_model_register_exported_symbols 0000000180002790 f   Ali_model_sfun.obj
 0001:000017a0       sf_c1_Ali_model_get_eml_resolved_functions_info 00000001800027a0 f   c1_Ali_model.obj
 0001:00001810       sf_c1_Ali_model_get_check_sum 0000000180002810 f   c1_Ali_model.obj
 0001:000018e0       c1_Ali_model_method_dispatcher 00000001800028e0 f   c1_Ali_model.obj
 0001:00010c70       sf_c1_Ali_model_get_post_codegen_info 0000000180011c70 f   c1_Ali_model.obj
 0001:00010d40       sf_c1_Ali_model_get_autoinheritance_info 0000000180011d40 f   c1_Ali_model.obj
 0001:00011830       sf_c1_Ali_model_third_party_uses_info 0000000180012830 f   c1_Ali_model.obj
 0001:00011860       sf_c1_Ali_model_jit_fallback_info 0000000180012860 f   c1_Ali_model.obj
 0001:00011950       sf_c1_Ali_model_updateBuildInfo_args_info 0000000180012950 f   c1_Ali_model.obj
 0001:00013680       sf_c2_Ali_model_get_eml_resolved_functions_info 0000000180014680 f   c2_Ali_model.obj
 0001:000136f0       sf_c2_Ali_model_get_check_sum 00000001800146f0 f   c2_Ali_model.obj
 0001:000137c0       c2_Ali_model_method_dispatcher 00000001800147c0 f   c2_Ali_model.obj
 0001:00018280       sf_c2_Ali_model_get_post_codegen_info 0000000180019280 f   c2_Ali_model.obj
 0001:00018350       sf_c2_Ali_model_get_autoinheritance_info 0000000180019350 f   c2_Ali_model.obj
 0001:000187a0       sf_c2_Ali_model_third_party_uses_info 00000001800197a0 f   c2_Ali_model.obj
 0001:000187d0       sf_c2_Ali_model_jit_fallback_info 00000001800197d0 f   c2_Ali_model.obj
 0001:000188c0       sf_c2_Ali_model_updateBuildInfo_args_info 00000001800198c0 f   c2_Ali_model.obj
 0001:00019c90       sf_c3_Ali_model_get_eml_resolved_functions_info 000000018001ac90 f   c3_Ali_model.obj
 0001:00019d00       sf_c3_Ali_model_get_check_sum 000000018001ad00 f   c3_Ali_model.obj
 0001:00019dd0       c3_Ali_model_method_dispatcher 000000018001add0 f   c3_Ali_model.obj
 0001:00022e60       sf_c3_Ali_model_get_post_codegen_info 0000000180023e60 f   c3_Ali_model.obj
 0001:00022f30       sf_c3_Ali_model_get_autoinheritance_info 0000000180023f30 f   c3_Ali_model.obj
 0001:000234d0       sf_c3_Ali_model_third_party_uses_info 00000001800244d0 f   c3_Ali_model.obj
 0001:00023500       sf_c3_Ali_model_jit_fallback_info 0000000180024500 f   c3_Ali_model.obj
 0001:000235f0       sf_c3_Ali_model_updateBuildInfo_args_info 00000001800245f0 f   c3_Ali_model.obj
 0001:00024b80       sf_c4_Ali_model_get_eml_resolved_functions_info 0000000180025b80 f   c4_Ali_model.obj
 0001:00024bf0       sf_c4_Ali_model_get_check_sum 0000000180025bf0 f   c4_Ali_model.obj
 0001:00024cc0       c4_Ali_model_method_dispatcher 0000000180025cc0 f   c4_Ali_model.obj
 0001:00028820       sf_c4_Ali_model_get_post_codegen_info 0000000180029820 f   c4_Ali_model.obj
 0001:000288f0       sf_c4_Ali_model_get_autoinheritance_info 00000001800298f0 f   c4_Ali_model.obj
 0001:00029130       sf_c4_Ali_model_third_party_uses_info 000000018002a130 f   c4_Ali_model.obj
 0001:00029160       sf_c4_Ali_model_jit_fallback_info 000000018002a160 f   c4_Ali_model.obj
 0001:00029250       sf_c4_Ali_model_updateBuildInfo_args_info 000000018002a250 f   c4_Ali_model.obj
 0001:0002aa70       mexFunction                000000018002ba70 f   Ali_model_sfun_registry.obj
 0001:0002bc10       _ssSetInputPortDirectFeedThroughFcn 000000018002cc10 f   Ali_model_sfun_registry.obj
 0001:0002bd70       _ssGetInputPortSignalPtrsFcn 000000018002cd70 f   Ali_model_sfun_registry.obj
 0001:0002bf90       _ssGetInputPortSignalFcn   000000018002cf90 f   Ali_model_sfun_registry.obj
 0001:0002c1b0       _ssSetInputPortReusableFcn 000000018002d1b0 f   Ali_model_sfun_registry.obj
 0001:0002c290       _ssSetOutputPortReusableFcn 000000018002d290 f   Ali_model_sfun_registry.obj
 0001:0002c370       ssGetIsZeroCrossControlDisabled 000000018002d370 f   Ali_model_sfun_registry.obj
 0001:0002c3e0       ssSetIsInputPortUsedForContZcSignal 000000018002d3e0 f   Ali_model_sfun_registry.obj
 0001:0002c450       ssSetZcSignalIsZcElementDisc 000000018002d450 f   Ali_model_sfun_registry.obj
 0001:0002c500       ssSetZcSignalName          000000018002d500 f   Ali_model_sfun_registry.obj
 0001:0002c570       ssSetZcSignalWidth         000000018002d570 f   Ali_model_sfun_registry.obj
 0001:0002c5e0       ssSetZcSignalZcEventType   000000018002d5e0 f   Ali_model_sfun_registry.obj
 0001:0002c650       ssSetZcSignalType          000000018002d650 f   Ali_model_sfun_registry.obj
 0001:0002c6c0       ssSetZcSignalZcTol         000000018002d6c0 f   Ali_model_sfun_registry.obj
 0001:0002c730       ssSetZcSignalNeedsEventNotification 000000018002d730 f   Ali_model_sfun_registry.obj
 0001:0002c7a0       ssCreateAndAddZcSignalInfo 000000018002d7a0 f   Ali_model_sfun_registry.obj
 0001:0002c810       ssCloneAndAddZcSignalInfo  000000018002d810 f   Ali_model_sfun_registry.obj
 0001:0002c880       ssGetNumZcSignals          000000018002d880 f   Ali_model_sfun_registry.obj
 0001:0002c8f0       ssGetZcSignalVector        000000018002d8f0 f   Ali_model_sfun_registry.obj
 0001:0002c960       ssGetZcSignalName          000000018002d960 f   Ali_model_sfun_registry.obj
 0001:0002c9d0       ssGetZcSignalWidth         000000018002d9d0 f   Ali_model_sfun_registry.obj
 0001:0002ca40       ssGetZcSignalZcEventType   000000018002da40 f   Ali_model_sfun_registry.obj
 0001:0002cab0       ssGetZcSignalZcEvents      000000018002dab0 f   Ali_model_sfun_registry.obj
 0001:0002cb20       ssGetZcSignalType          000000018002db20 f   Ali_model_sfun_registry.obj
 0001:0002cb90       ssGetZcSignalZcTol         000000018002db90 f   Ali_model_sfun_registry.obj
 0001:0002cc10       ssGetZcSignalNeedsEventNotification 000000018002dc10 f   Ali_model_sfun_registry.obj
 0001:0002cc80       ssGetZcSignalIsZcElementDisc 000000018002dc80 f   Ali_model_sfun_registry.obj
 0001:0002cd20       ssGetIsInputPortElementContinuous 000000018002dd20 f   Ali_model_sfun_registry.obj
 0001:0002cdc0       ssGetDTypeIdFromMxArray    000000018002ddc0 f   Ali_model_sfun_registry.obj
 0001:0002cee0       ssWriteRTWStr              000000018002dee0 f   Ali_model_sfun_registry.obj
 0001:0002cf40       ssWriteRTWNameValuePair    000000018002df40 f   Ali_model_sfun_registry.obj
 0001:0002d440       ssWriteRTWParamSettings    000000018002e440 f   Ali_model_sfun_registry.obj
 0001:0002db30       ssWriteRTWParameters       000000018002eb30 f   Ali_model_sfun_registry.obj
 0001:0002e100       ssWriteRTWWorkVect         000000018002f100 f   Ali_model_sfun_registry.obj
 0001:0002e5f0       ssWriteRTWMxVectParam      000000018002f5f0 f   Ali_model_sfun_registry.obj
 0001:0002e670       ssWriteRTWMx2dMatParam     000000018002f670 f   Ali_model_sfun_registry.obj
 0001:0002e700       _ssSetInputPortMatrixDimensions 000000018002f700 f   Ali_model_sfun_registry.obj
 0001:0002e800       _ssSetOutputPortMatrixDimensions 000000018002f800 f   Ali_model_sfun_registry.obj
 0001:0002e900       _ssSetInputPortVectorDimension 000000018002f900 f   Ali_model_sfun_registry.obj
 0001:0002e9b0       _ssSetOutputPortVectorDimension 000000018002f9b0 f   Ali_model_sfun_registry.obj
 0001:0002ea60       ssIsRunTimeParamTunable    000000018002fa60 f   Ali_model_sfun_registry.obj
 0001:0002ead0       ssGetSFuncBlockHandle      000000018002fad0 f   Ali_model_sfun_registry.obj
 0001:0002eb40       _ssGetCurrentInputPortWidth 000000018002fb40 f   Ali_model_sfun_registry.obj
 0001:0002ec60       _ssGetCurrentOutputPortWidth 000000018002fc60 f   Ali_model_sfun_registry.obj
 0001:0002ed80       _ssGetCallSystemNumFcnCallDestinations 000000018002fd80 f   Ali_model_sfun_registry.obj
 0001:0002edf0       ssWarning                  000000018002fdf0 f   Ali_model_sfun_registry.obj
 0001:0002eee0       _ssGetAbsTol               000000018002fee0 f   Ali_model_sfun_registry.obj
 0001:0002ef50       _ssSetStateAbsTol          000000018002ff50 f   Ali_model_sfun_registry.obj
 0001:0002f030       sf_process_check_sum_call  0000000180030030 f   Ali_model_sfun_registry.obj
 0001:0002f080       sf_process_machine_uses_exported_functions_call 0000000180030080 f   Ali_model_sfun_registry.obj
 0001:0002f230       sf_process_autoinheritance_call 0000000180030230 f   Ali_model_sfun_registry.obj
 0001:0002f460       sf_process_get_third_party_uses_info_call 0000000180030460 f   Ali_model_sfun_registry.obj
 0001:0002f690       sf_process_get_jit_fallback_info_call 0000000180030690 f   Ali_model_sfun_registry.obj
 0001:0002f8c0       sf_process_get_updateBuildInfo_args_info_call 00000001800308c0 f   Ali_model_sfun_registry.obj
 0001:0002faf0       sf_process_get_eml_resolved_functions_info_call 0000000180030af0 f   Ali_model_sfun_registry.obj
 0001:0002fcf0       sf_process_get_post_codegen_info 0000000180030cf0 f   Ali_model_sfun_registry.obj
 0001:0002fea0       sf_mex_unlock_call         0000000180030ea0 f   Ali_model_sfun_registry.obj
 0001:00030180       sf_machine_global_initializer_called 0000000180031180 f   Ali_model_sfun_registry.obj
 0001:000301b0       sf_machine_global_method_dispatcher 00000001800311b0 f   Ali_model_sfun_registry.obj
 0001:00030210       sf_machine_global_terminator 0000000180031210 f   Ali_model_sfun_registry.obj
 0001:00030260       sf_register_machine_exported_symbols 0000000180031260 f   Ali_model_sfun_registry.obj
 0001:00030280       callCustomFcn              0000000180031280 f   Ali_model_sfun_registry.obj
 0001:00030290       sf_machine_global_initializer 0000000180031290 f   Ali_model_sfun_registry.obj
 0001:00030350       mdlGetSimState             0000000180031350 f   Ali_model_sfun_registry.obj
 0001:00030390       mdlSetSimState             0000000180031390 f   Ali_model_sfun_registry.obj
 0001:00030b60       ProcessMexSfunctionEveryCall 0000000180031b60 f   Ali_model_sfun_registry.obj
 0001:000317d4       sf_load_rtw_optimization_info 00000001800327d4 f   sf_runtime:sf_runtime.dll
 0001:000317da       sf_debug_initialize_machine 00000001800327da f   sf_runtime:sf_runtime.dll
 0001:000317e0       sf_debug_set_machine_event_thresholds 00000001800327e0 f   sf_runtime:sf_runtime.dll
 0001:000317e6       sf_debug_set_machine_data_thresholds 00000001800327e6 f   sf_runtime:sf_runtime.dll
 0001:000317ec       sf_rtw_info_uint_prop      00000001800327ec f   sf_runtime:sf_runtime.dll
 0001:000317f2       sf_update_buildInfo        00000001800327f2 f   sf_runtime:sf_runtime.dll
 0001:000317f8       sf_is_chart_inlinable      00000001800327f8 f   sf_runtime:sf_runtime.dll
 0001:000317fe       sf_mark_chart_reusable_outputs 00000001800327fe f   sf_runtime:sf_runtime.dll
 0001:00031804       sf_mark_chart_expressionable_inputs 0000000180032804 f   sf_runtime:sf_runtime.dll
 0001:0003180a       sim_mode_is_rtw_gen        000000018003280a f   sf_runtime:sf_runtime.dll
 0001:00031810       sim_mode_is_external       0000000180032810 f   sf_runtime:sf_runtime.dll
 0001:00031816       sf_clear_rtw_identifier    0000000180032816 f   sf_runtime:sf_runtime.dll
 0001:0003181c       sf_set_rtw_dwork_info      000000018003281c f   sf_runtime:sf_runtime.dll
 0001:00031822       sf_get_time                0000000180032822 f   sf_runtime:sf_runtime.dll
 0001:00031828       sf_mex_error_message       0000000180032828 f   sf_runtime:sf_runtime.dll
 0001:0003182e       sf_mex_addfield            000000018003282e f   sf_runtime:sf_runtime.dll
 0001:00031834       sf_mex_createstruct        0000000180032834 f   sf_runtime:sf_runtime.dll
 0001:0003183a       sf_mex_create              000000018003283a f   sf_runtime:sf_runtime.dll
 0001:00031840       sf_mex_createcellmatrix    0000000180032840 f   sf_runtime:sf_runtime.dll
 0001:00031846       sf_mex_setcell             0000000180032846 f   sf_runtime:sf_runtime.dll
 0001:0003184c       sf_mex_getcell             000000018003284c f   sf_runtime:sf_runtime.dll
 0001:00031852       sf_mex_assign              0000000180032852 f   sf_runtime:sf_runtime.dll
 0001:00031858       sf_mex_dup                 0000000180032858 f   sf_runtime:sf_runtime.dll
 0001:0003185e       sf_mex_destroy             000000018003285e f   sf_runtime:sf_runtime.dll
 0001:00031864       sf_mex_import              0000000180032864 f   sf_runtime:sf_runtime.dll
 0001:0003186a       sf_mex_decode_encoded_mx_struct_array 000000018003286a f   sf_runtime:sf_runtime.dll
 0001:00031870       sf_mex_duplicatearraysafe  0000000180032870 f   sf_runtime:sf_runtime.dll
 0001:00031876       sf_mex_emlrtNameCapturePostProcessR2012a 0000000180032876 f   sf_runtime:sf_runtime.dll
 0001:0003187c       ssGetInputPortSignal_wrapper 000000018003287c f   sf_runtime:sf_runtime.dll
 0001:00031882       ssGetOutputPortSignal_wrapper 0000000180032882 f   sf_runtime:sf_runtime.dll
 0001:00031888       sf_debug_initialize_chart  0000000180032888 f   sf_runtime:sf_runtime.dll
 0001:0003188e       sf_debug_call              000000018003288e f   sf_runtime:sf_runtime.dll
 0001:00031894       eml_debug_line_call        0000000180032894 f   sf_runtime:sf_runtime.dll
 0001:0003189a       cv_eml_eval                000000018003289a f   sf_runtime:sf_runtime.dll
 0001:000318a0       cv_eml_init_script         00000001800328a0 f   sf_runtime:sf_runtime.dll
 0001:000318a6       cv_eml_init_fcn            00000001800328a6 f   sf_runtime:sf_runtime.dll
 0001:000318ac       cv_script_eval             00000001800328ac f   sf_runtime:sf_runtime.dll
 0001:000318b2       cv_script_init_script      00000001800328b2 f   sf_runtime:sf_runtime.dll
 0001:000318b8       cv_script_init_fcn         00000001800328b8 f   sf_runtime:sf_runtime.dll
 0001:000318be       sf_debug_reset_current_state_configuration 00000001800328be f   sf_runtime:sf_runtime.dll
 0001:000318c4       sf_debug_check_for_state_inconsistency 00000001800328c4 f   sf_runtime:sf_runtime.dll
 0001:000318ca       sf_debug_set_chart_data_props 00000001800328ca f   sf_runtime:sf_runtime.dll
 0001:000318d0       sf_debug_set_chart_data_compiled_props 00000001800328d0 f   sf_runtime:sf_runtime.dll
 0001:000318d6       sf_debug_symbol_scope_push 00000001800328d6 f   sf_runtime:sf_runtime.dll
 0001:000318dc       sf_debug_symbol_scope_push_eml 00000001800328dc f   sf_runtime:sf_runtime.dll
 0001:000318e2       sf_debug_symbol_scope_pop  00000001800328e2 f   sf_runtime:sf_runtime.dll
 0001:000318e8       sf_debug_symbol_scope_add_eml 00000001800328e8 f   sf_runtime:sf_runtime.dll
 0001:000318ee       sf_debug_symbol_scope_add_eml_importable 00000001800328ee f   sf_runtime:sf_runtime.dll
 0001:000318f4       sf_debug_set_instance_data_value_ptr 00000001800328f4 f   sf_runtime:sf_runtime.dll
 0001:000318fa       sf_debug_set_chart_disable_implicit_casting 00000001800328fa f   sf_runtime:sf_runtime.dll
 0001:00031900       sf_debug_set_chart_event_thresholds 0000000180032900 f   sf_runtime:sf_runtime.dll
 0001:00031906       sf_debug_set_chart_state_info 0000000180032906 f   sf_runtime:sf_runtime.dll
 0001:0003190c       sf_debug_set_chart_decomposition 000000018003290c f   sf_runtime:sf_runtime.dll
 0001:00031912       sf_debug_set_chart_substate_count 0000000180032912 f   sf_runtime:sf_runtime.dll
 0001:00031918       sf_debug_eml_data_array_bounds_error_check 0000000180032918 f   sf_runtime:sf_runtime.dll
 0001:0003191e       sf_debug_integer_check     000000018003291e f   sf_runtime:sf_runtime.dll
 0001:00031924       sf_debug_data_range_wrapper 0000000180032924 f   sf_runtime:sf_runtime.dll
 0001:0003192a       sf_debug_cv_init_trans     000000018003292a f   sf_runtime:sf_runtime.dll
 0001:00031930       sf_debug_cv_init_chart     0000000180032930 f   sf_runtime:sf_runtime.dll
 0001:00031936       sf_debug_cv_init_state     0000000180032936 f   sf_runtime:sf_runtime.dll
 0001:0003193c       sf_debug_get_script_id     000000018003293c f   sf_runtime:sf_runtime.dll
 0001:00031942       sf_debug_set_script_translation 0000000180032942 f   sf_runtime:sf_runtime.dll
 0001:00031948       callMdlMethodAndReportError 0000000180032948 f   sf_runtime:sf_runtime.dll
 0001:0003194e       call_sf_machine_global_method_dispatcher 000000018003294e f   sf_runtime:sf_runtime.dll
 0001:00031954       sf_mex_error_direct_call   0000000180032954 f   sf_runtime:sf_runtime.dll
 0001:0003195a       sf_clear_error_manager_info 000000018003295a f   sf_runtime:sf_runtime.dll
 0001:00031960       sf_debug_create_debug_instance_struct 0000000180032960 f   sf_runtime:sf_runtime.dll
 0001:00031966       sf_debug_terminate         0000000180032966 f   sf_runtime:sf_runtime.dll
 0001:0003196c       sf_debug_api               000000018003296c f   sf_runtime:sf_runtime.dll
 0001:00031972       mxIsChar                   0000000180032972 f   libmx:libmx.dll
 0001:00031978       mxGetPr                    0000000180032978 f   libmx:libmx.dll
 0001:0003197e       mxGetScalar                000000018003297e f   libmx:libmx.dll
 0001:00031984       mxDestroyArray             0000000180032984 f   libmx:libmx.dll
 0001:0003198a       mxCreateDoubleMatrix_730   000000018003298a f   libmx:libmx.dll
 0001:00031990       mxCreateLogicalScalar      0000000180032990 f   libmx:libmx.dll
 0001:00031996       mxGetString_730            0000000180032996 f   libmx:libmx.dll
 0001:0003199c       mxDuplicateArray           000000018003299c f   libmx:libmx.dll
 0001:000319a2       mxSetField_730             00000001800329a2 f   libmx:libmx.dll
 0001:000319a8       mxCreateDoubleScalar       00000001800329a8 f   libmx:libmx.dll
 0001:000319ae       mxCreateString             00000001800329ae f   libmx:libmx.dll
 0001:000319b4       mxCreateCellMatrix_730     00000001800329b4 f   libmx:libmx.dll
 0001:000319ba       mxCreateCellArray_730      00000001800329ba f   libmx:libmx.dll
 0001:000319c0       mxCreateStructMatrix_730   00000001800329c0 f   libmx:libmx.dll
 0001:000319c6       mxCreateStructArray_730    00000001800329c6 f   libmx:libmx.dll
 0001:000319cc       mxCalloc                   00000001800329cc f   libmx:libmx.dll
 0001:000319d2       mxGetM                     00000001800329d2 f   libmx:libmx.dll
 0001:000319d8       mxGetClassID               00000001800329d8 f   libmx:libmx.dll
 0001:000319de       mxIsNumeric                00000001800329de f   libmx:libmx.dll
 0001:000319e4       mxIsComplex                00000001800329e4 f   libmx:libmx.dll
 0001:000319ea       mxGetN                     00000001800329ea f   libmx:libmx.dll
 0001:000319f0       mexMakeArrayPersistent     00000001800329f0 f   libmex:libmex.dll
 0001:000319f6       mexErrMsgTxt               00000001800329f6 f   libmex:libmex.dll
 0001:000319fc       mexWarnMsgTxt              00000001800329fc f   libmex:libmex.dll
 0001:00031a02       mexCallMATLABWithObject    0000000180032a02 f   libmex:libmex.dll
 0001:00031a08       mexLock                    0000000180032a08 f   libmex:libmex.dll
 0001:00031a0e       mexUnlock                  0000000180032a0e f   libmex:libmex.dll
 0001:00031a14       mexIsLocked                0000000180032a14 f   libmex:libmex.dll
 0001:00031a1a       utMalloc                   0000000180032a1a f   libut:libut.dll
 0001:00031a20       utFree                     0000000180032a20 f   libut:libut.dll
 0001:00031a26       muDoubleScalarCos          0000000180032a26 f   libmwmathutil:libmwmathutil.dll
 0001:00031a2c       muDoubleScalarSin          0000000180032a2c f   libmwmathutil:libmwmathutil.dll
 0001:00031a32       muDoubleScalarAtan2        0000000180032a32 f   libmwmathutil:libmwmathutil.dll
 0001:00031a38       __raise_securityfailure    0000000180032a38 f   MSVCRT:gs_report.obj
 0001:00031a84       __report_gsfailure         0000000180032a84 f   MSVCRT:gs_report.obj
 0001:00031b58       __report_rangecheckfailure 0000000180032b58 f   MSVCRT:gs_report.obj
 0001:00031b6c       __report_securityfailure   0000000180032b6c f   MSVCRT:gs_report.obj
 0001:00031c08       __report_securityfailureEx 0000000180032c08 f   MSVCRT:gs_report.obj
 0001:00031d16       strcmp                     0000000180032d16 f   MSVCRT:MSVCR110.dll
 0001:00031d1c       __GSHandlerCheck           0000000180032d1c f   MSVCRT:gshandler.obj
 0001:00031d3c       __GSHandlerCheckCommon     0000000180032d3c f   MSVCRT:gshandler.obj
 0001:00031db0       __security_check_cookie    0000000180032db0 f   MSVCRT:amdsecgs.obj
 0001:00031dd0       memset                     0000000180032dd0 f   MSVCRT:MSVCR110.dll
 0001:00031dd6       strlen                     0000000180032dd6 f   MSVCRT:MSVCR110.dll
 0001:00031ddc       memcpy                     0000000180032ddc f   MSVCRT:MSVCR110.dll
 0001:00031de2       strcat                     0000000180032de2 f   MSVCRT:MSVCR110.dll
 0001:00031de8       sprintf                    0000000180032de8 f   MSVCRT:MSVCR110.dll
 0001:00031dee       free                       0000000180032dee f   MSVCRT:MSVCR110.dll
 0001:00031df4       malloc                     0000000180032df4 f   MSVCRT:MSVCR110.dll
 0001:00031e5c       NtCurrentTeb               0000000180032e5c f i MSVCRT:crtdll.obj
 0001:00031e68       _CRT_INIT                  0000000180032e68 f   MSVCRT:crtdll.obj
 0001:000320b4       _DllMainCRTStartup         00000001800330b4 f   MSVCRT:crtdll.obj
 0001:0003222a       __crt_debugger_hook        000000018003322a f   MSVCRT:MSVCR110.dll
 0001:00032230       __crtUnhandledException    0000000180033230 f   MSVCRT:MSVCR110.dll
 0001:00032236       __crtTerminateProcess      0000000180033236 f   MSVCRT:MSVCR110.dll
 0001:0003223c       __crtCaptureCurrentContext 000000018003323c f   MSVCRT:MSVCR110.dll
 0001:00032242       __crtCapturePreviousContext 0000000180033242 f   MSVCRT:MSVCR110.dll
 0001:00032248       __CppXcptFilter            0000000180033248 f   MSVCRT:MSVCR110.dll
 0001:0003224e       _amsg_exit                 000000018003324e f   MSVCRT:MSVCR110.dll
 0001:00032260       _FindPESection             0000000180033260 f   MSVCRT:pesect.obj
 0001:000322b0       _IsNonwritableInCurrentImage 00000001800332b0 f   MSVCRT:pesect.obj
 0001:00032300       _ValidateImageBase         0000000180033300 f   MSVCRT:pesect.obj
 0001:00032330       __atonexitinit             0000000180033330 f   MSVCRT:atonexit.obj
 0001:00032380       _onexit                    0000000180033380 f   MSVCRT:atonexit.obj
 0001:00032430       atexit                     0000000180033430 f   MSVCRT:atonexit.obj
 0001:00032448       __security_init_cookie     0000000180033448 f   MSVCRT:gs_support.obj
 0001:00032500       DllMain                    0000000180033500 f   MSVCRT:dllmain.obj
 0001:00032524       _malloc_crt                0000000180033524 f   MSVCRT:MSVCR110.dll
 0001:0003252c       _RTC_Initialize            000000018003352c f   MSVCRT:initsect.obj
 0001:00032564       _RTC_Terminate             0000000180033564 f   MSVCRT:initsect.obj
 0001:0003259c       _initterm                  000000018003359c f   MSVCRT:MSVCR110.dll
 0001:000325a2       _initterm_e                00000001800335a2 f   MSVCRT:MSVCR110.dll
 0001:000325a8       __clean_type_info_names    00000001800335a8 f   MSVCRT:tncleanup.obj
 0001:000325b4       __C_specific_handler       00000001800335b4 f   MSVCRT:MSVCR110.dll
 0001:000325ba       _lock                      00000001800335ba f   MSVCRT:MSVCR110.dll
 0001:000325c0       _unlock                    00000001800335c0 f   MSVCRT:MSVCR110.dll
 0001:000325c6       _calloc_crt                00000001800335c6 f   MSVCRT:MSVCR110.dll
 0001:000325cc       __dllonexit                00000001800335cc f   MSVCRT:MSVCR110.dll
 0001:000325d2       __clean_type_info_names_internal 00000001800335d2 f   MSVCRT:MSVCR110.dll
 0001:000325d8       IsDebuggerPresent          00000001800335d8 f   kernel32:KERNEL32.dll
 0001:000325de       IsProcessorFeaturePresent  00000001800335de f   kernel32:KERNEL32.dll
 0001:000325e4       EncodePointer              00000001800335e4 f   kernel32:KERNEL32.dll
 0001:000325ea       DecodePointer              00000001800335ea f   kernel32:KERNEL32.dll
 0001:000325f0       QueryPerformanceCounter    00000001800335f0 f   kernel32:KERNEL32.dll
 0001:000325f6       GetCurrentThreadId         00000001800335f6 f   kernel32:KERNEL32.dll
 0001:000325fc       GetSystemTimeAsFileTime    00000001800335fc f   kernel32:KERNEL32.dll
 0001:00032602       GetTickCount64             0000000180033602 f   kernel32:KERNEL32.dll
 0001:00032608       DisableThreadLibraryCalls  0000000180033608 f   kernel32:KERNEL32.dll
 0002:00000000       __imp_DisableThreadLibraryCalls 0000000180034000     kernel32:KERNEL32.dll
 0002:00000008       __imp_GetTickCount64       0000000180034008     kernel32:KERNEL32.dll
 0002:00000010       __imp_GetSystemTimeAsFileTime 0000000180034010     kernel32:KERNEL32.dll
 0002:00000018       __imp_GetCurrentThreadId   0000000180034018     kernel32:KERNEL32.dll
 0002:00000020       __imp_QueryPerformanceCounter 0000000180034020     kernel32:KERNEL32.dll
 0002:00000028       __imp_DecodePointer        0000000180034028     kernel32:KERNEL32.dll
 0002:00000030       __imp_EncodePointer        0000000180034030     kernel32:KERNEL32.dll
 0002:00000038       __imp_IsProcessorFeaturePresent 0000000180034038     kernel32:KERNEL32.dll
 0002:00000040       __imp_IsDebuggerPresent    0000000180034040     kernel32:KERNEL32.dll
 0002:00000048       \177KERNEL32_NULL_THUNK_DATA 0000000180034048     kernel32:KERNEL32.dll
 0002:00000050       __imp___clean_type_info_names_internal 0000000180034050     MSVCRT:MSVCR110.dll
 0002:00000058       __imp__onexit              0000000180034058     MSVCRT:MSVCR110.dll
 0002:00000060       __imp___dllonexit          0000000180034060     MSVCRT:MSVCR110.dll
 0002:00000068       __imp__calloc_crt          0000000180034068     MSVCRT:MSVCR110.dll
 0002:00000070       __imp__unlock              0000000180034070     MSVCRT:MSVCR110.dll
 0002:00000078       __imp__lock                0000000180034078     MSVCRT:MSVCR110.dll
 0002:00000080       __imp___C_specific_handler 0000000180034080     MSVCRT:MSVCR110.dll
 0002:00000088       __imp__initterm_e          0000000180034088     MSVCRT:MSVCR110.dll
 0002:00000090       __imp__initterm            0000000180034090     MSVCRT:MSVCR110.dll
 0002:00000098       __imp__malloc_crt          0000000180034098     MSVCRT:MSVCR110.dll
 0002:000000a0       __imp__amsg_exit           00000001800340a0     MSVCRT:MSVCR110.dll
 0002:000000a8       __imp___CppXcptFilter      00000001800340a8     MSVCRT:MSVCR110.dll
 0002:000000b0       __imp___crtCapturePreviousContext 00000001800340b0     MSVCRT:MSVCR110.dll
 0002:000000b8       __imp___crtCaptureCurrentContext 00000001800340b8     MSVCRT:MSVCR110.dll
 0002:000000c0       __imp___crtTerminateProcess 00000001800340c0     MSVCRT:MSVCR110.dll
 0002:000000c8       __imp___crtUnhandledException 00000001800340c8     MSVCRT:MSVCR110.dll
 0002:000000d0       __imp___crt_debugger_hook  00000001800340d0     MSVCRT:MSVCR110.dll
 0002:000000d8       __imp_malloc               00000001800340d8     MSVCRT:MSVCR110.dll
 0002:000000e0       __imp_free                 00000001800340e0     MSVCRT:MSVCR110.dll
 0002:000000e8       __imp_sprintf              00000001800340e8     MSVCRT:MSVCR110.dll
 0002:000000f0       __imp_strcat               00000001800340f0     MSVCRT:MSVCR110.dll
 0002:000000f8       __imp_memcpy               00000001800340f8     MSVCRT:MSVCR110.dll
 0002:00000100       __imp_strlen               0000000180034100     MSVCRT:MSVCR110.dll
 0002:00000108       __imp_memset               0000000180034108     MSVCRT:MSVCR110.dll
 0002:00000110       __imp_strcmp               0000000180034110     MSVCRT:MSVCR110.dll
 0002:00000118       \177MSVCR110_NULL_THUNK_DATA 0000000180034118     MSVCRT:MSVCR110.dll
 0002:00000120       __imp_mexUnlock            0000000180034120     libmex:libmex.dll
 0002:00000128       __imp_mexErrMsgTxt         0000000180034128     libmex:libmex.dll
 0002:00000130       __imp_mexWarnMsgTxt        0000000180034130     libmex:libmex.dll
 0002:00000138       __imp_mexCallMATLABWithObject 0000000180034138     libmex:libmex.dll
 0002:00000140       __imp_mexIsLocked          0000000180034140     libmex:libmex.dll
 0002:00000148       __imp_mexMakeArrayPersistent 0000000180034148     libmex:libmex.dll
 0002:00000150       __imp_mexLock              0000000180034150     libmex:libmex.dll
 0002:00000158       \177libmex_NULL_THUNK_DATA 0000000180034158     libmex:libmex.dll
 0002:00000160       __imp_muDoubleScalarSin    0000000180034160     libmwmathutil:libmwmathutil.dll
 0002:00000168       __imp_muDoubleScalarAtan2  0000000180034168     libmwmathutil:libmwmathutil.dll
 0002:00000170       __imp_muDoubleScalarCos    0000000180034170     libmwmathutil:libmwmathutil.dll
 0002:00000178       \177libmwmathutil_NULL_THUNK_DATA 0000000180034178     libmwmathutil:libmwmathutil.dll
 0002:00000180       __imp_mxGetN               0000000180034180     libmx:libmx.dll
 0002:00000188       __imp_mxIsComplex          0000000180034188     libmx:libmx.dll
 0002:00000190       __imp_mxIsNumeric          0000000180034190     libmx:libmx.dll
 0002:00000198       __imp_mxGetClassID         0000000180034198     libmx:libmx.dll
 0002:000001a0       __imp_mxGetM               00000001800341a0     libmx:libmx.dll
 0002:000001a8       __imp_mxCalloc             00000001800341a8     libmx:libmx.dll
 0002:000001b0       __imp_mxCreateStructArray_730 00000001800341b0     libmx:libmx.dll
 0002:000001b8       __imp_mxCreateStructMatrix_730 00000001800341b8     libmx:libmx.dll
 0002:000001c0       __imp_mxCreateCellArray_730 00000001800341c0     libmx:libmx.dll
 0002:000001c8       __imp_mxCreateCellMatrix_730 00000001800341c8     libmx:libmx.dll
 0002:000001d0       __imp_mxCreateString       00000001800341d0     libmx:libmx.dll
 0002:000001d8       __imp_mxCreateDoubleScalar 00000001800341d8     libmx:libmx.dll
 0002:000001e0       __imp_mxSetField_730       00000001800341e0     libmx:libmx.dll
 0002:000001e8       __imp_mxDuplicateArray     00000001800341e8     libmx:libmx.dll
 0002:000001f0       __imp_mxGetString_730      00000001800341f0     libmx:libmx.dll
 0002:000001f8       __imp_mxCreateLogicalScalar 00000001800341f8     libmx:libmx.dll
 0002:00000200       __imp_mxCreateDoubleMatrix_730 0000000180034200     libmx:libmx.dll
 0002:00000208       __imp_mxDestroyArray       0000000180034208     libmx:libmx.dll
 0002:00000210       __imp_mxGetScalar          0000000180034210     libmx:libmx.dll
 0002:00000218       __imp_mxGetPr              0000000180034218     libmx:libmx.dll
 0002:00000220       __imp_mxIsChar             0000000180034220     libmx:libmx.dll
 0002:00000228       \177libmx_NULL_THUNK_DATA  0000000180034228     libmx:libmx.dll
 0002:00000230       __imp_utMalloc             0000000180034230     libut:libut.dll
 0002:00000238       __imp_utFree               0000000180034238     libut:libut.dll
 0002:00000240       \177libut_NULL_THUNK_DATA  0000000180034240     libut:libut.dll
 0002:00000248       __imp_sf_debug_create_debug_instance_struct 0000000180034248     sf_runtime:sf_runtime.dll
 0002:00000250       __imp_sf_clear_error_manager_info 0000000180034250     sf_runtime:sf_runtime.dll
 0002:00000258       __imp_sf_mex_error_direct_call 0000000180034258     sf_runtime:sf_runtime.dll
 0002:00000260       __imp_call_sf_machine_global_method_dispatcher 0000000180034260     sf_runtime:sf_runtime.dll
 0002:00000268       __imp_callMdlMethodAndReportError 0000000180034268     sf_runtime:sf_runtime.dll
 0002:00000270       __imp_sf_debug_set_script_translation 0000000180034270     sf_runtime:sf_runtime.dll
 0002:00000278       __imp_sf_debug_get_script_id 0000000180034278     sf_runtime:sf_runtime.dll
 0002:00000280       __imp_sf_debug_cv_init_state 0000000180034280     sf_runtime:sf_runtime.dll
 0002:00000288       __imp_sf_debug_cv_init_chart 0000000180034288     sf_runtime:sf_runtime.dll
 0002:00000290       __imp_sf_debug_cv_init_trans 0000000180034290     sf_runtime:sf_runtime.dll
 0002:00000298       __imp_sf_debug_data_range_wrapper 0000000180034298     sf_runtime:sf_runtime.dll
 0002:000002a0       __imp_sf_debug_integer_check 00000001800342a0     sf_runtime:sf_runtime.dll
 0002:000002a8       __imp_sf_debug_eml_data_array_bounds_error_check 00000001800342a8     sf_runtime:sf_runtime.dll
 0002:000002b0       __imp_sf_debug_terminate   00000001800342b0     sf_runtime:sf_runtime.dll
 0002:000002b8       __imp_sf_debug_set_chart_decomposition 00000001800342b8     sf_runtime:sf_runtime.dll
 0002:000002c0       __imp_sf_debug_set_chart_state_info 00000001800342c0     sf_runtime:sf_runtime.dll
 0002:000002c8       __imp_sf_debug_set_chart_event_thresholds 00000001800342c8     sf_runtime:sf_runtime.dll
 0002:000002d0       __imp_sf_debug_set_chart_disable_implicit_casting 00000001800342d0     sf_runtime:sf_runtime.dll
 0002:000002d8       __imp_sf_debug_set_instance_data_value_ptr 00000001800342d8     sf_runtime:sf_runtime.dll
 0002:000002e0       __imp_sf_debug_symbol_scope_add_eml_importable 00000001800342e0     sf_runtime:sf_runtime.dll
 0002:000002e8       __imp_sf_debug_symbol_scope_add_eml 00000001800342e8     sf_runtime:sf_runtime.dll
 0002:000002f0       __imp_sf_debug_symbol_scope_pop 00000001800342f0     sf_runtime:sf_runtime.dll
 0002:000002f8       __imp_sf_debug_symbol_scope_push_eml 00000001800342f8     sf_runtime:sf_runtime.dll
 0002:00000300       __imp_sf_debug_symbol_scope_push 0000000180034300     sf_runtime:sf_runtime.dll
 0002:00000308       __imp_sf_debug_set_chart_data_compiled_props 0000000180034308     sf_runtime:sf_runtime.dll
 0002:00000310       __imp_sf_debug_set_chart_data_props 0000000180034310     sf_runtime:sf_runtime.dll
 0002:00000318       __imp_sf_debug_check_for_state_inconsistency 0000000180034318     sf_runtime:sf_runtime.dll
 0002:00000320       __imp_sf_debug_api         0000000180034320     sf_runtime:sf_runtime.dll
 0002:00000328       __imp_sf_debug_set_chart_substate_count 0000000180034328     sf_runtime:sf_runtime.dll
 0002:00000330       __imp_sf_debug_reset_current_state_configuration 0000000180034330     sf_runtime:sf_runtime.dll
 0002:00000338       __imp_cv_script_init_fcn   0000000180034338     sf_runtime:sf_runtime.dll
 0002:00000340       __imp_cv_script_init_script 0000000180034340     sf_runtime:sf_runtime.dll
 0002:00000348       __imp_cv_script_eval       0000000180034348     sf_runtime:sf_runtime.dll
 0002:00000350       __imp_cv_eml_init_fcn      0000000180034350     sf_runtime:sf_runtime.dll
 0002:00000358       __imp_cv_eml_init_script   0000000180034358     sf_runtime:sf_runtime.dll
 0002:00000360       __imp_cv_eml_eval          0000000180034360     sf_runtime:sf_runtime.dll
 0002:00000368       __imp_eml_debug_line_call  0000000180034368     sf_runtime:sf_runtime.dll
 0002:00000370       __imp_sf_debug_call        0000000180034370     sf_runtime:sf_runtime.dll
 0002:00000378       __imp_sf_debug_initialize_chart 0000000180034378     sf_runtime:sf_runtime.dll
 0002:00000380       __imp_ssGetOutputPortSignal_wrapper 0000000180034380     sf_runtime:sf_runtime.dll
 0002:00000388       __imp_ssGetInputPortSignal_wrapper 0000000180034388     sf_runtime:sf_runtime.dll
 0002:00000390       __imp_sf_mex_emlrtNameCapturePostProcessR2012a 0000000180034390     sf_runtime:sf_runtime.dll
 0002:00000398       __imp_sf_mex_duplicatearraysafe 0000000180034398     sf_runtime:sf_runtime.dll
 0002:000003a0       __imp_sf_mex_decode_encoded_mx_struct_array 00000001800343a0     sf_runtime:sf_runtime.dll
 0002:000003a8       __imp_sf_mex_import        00000001800343a8     sf_runtime:sf_runtime.dll
 0002:000003b0       __imp_sf_mex_destroy       00000001800343b0     sf_runtime:sf_runtime.dll
 0002:000003b8       __imp_sf_mex_dup           00000001800343b8     sf_runtime:sf_runtime.dll
 0002:000003c0       __imp_sf_mex_assign        00000001800343c0     sf_runtime:sf_runtime.dll
 0002:000003c8       __imp_sf_mex_getcell       00000001800343c8     sf_runtime:sf_runtime.dll
 0002:000003d0       __imp_sf_mex_setcell       00000001800343d0     sf_runtime:sf_runtime.dll
 0002:000003d8       __imp_sf_mex_createcellmatrix 00000001800343d8     sf_runtime:sf_runtime.dll
 0002:000003e0       __imp_sf_mex_create        00000001800343e0     sf_runtime:sf_runtime.dll
 0002:000003e8       __imp_sf_mex_createstruct  00000001800343e8     sf_runtime:sf_runtime.dll
 0002:000003f0       __imp_sf_mex_addfield      00000001800343f0     sf_runtime:sf_runtime.dll
 0002:000003f8       __imp_sf_mex_error_message 00000001800343f8     sf_runtime:sf_runtime.dll
 0002:00000400       __imp_sf_get_time          0000000180034400     sf_runtime:sf_runtime.dll
 0002:00000408       __imp_sf_set_rtw_dwork_info 0000000180034408     sf_runtime:sf_runtime.dll
 0002:00000410       __imp_sf_clear_rtw_identifier 0000000180034410     sf_runtime:sf_runtime.dll
 0002:00000418       __imp_sim_mode_is_external 0000000180034418     sf_runtime:sf_runtime.dll
 0002:00000420       __imp_sim_mode_is_rtw_gen  0000000180034420     sf_runtime:sf_runtime.dll
 0002:00000428       __imp_sf_mark_chart_expressionable_inputs 0000000180034428     sf_runtime:sf_runtime.dll
 0002:00000430       __imp_sf_mark_chart_reusable_outputs 0000000180034430     sf_runtime:sf_runtime.dll
 0002:00000438       __imp_sf_is_chart_inlinable 0000000180034438     sf_runtime:sf_runtime.dll
 0002:00000440       __imp_sf_update_buildInfo  0000000180034440     sf_runtime:sf_runtime.dll
 0002:00000448       __imp_sf_rtw_info_uint_prop 0000000180034448     sf_runtime:sf_runtime.dll
 0002:00000450       __imp_sf_debug_set_machine_data_thresholds 0000000180034450     sf_runtime:sf_runtime.dll
 0002:00000458       __imp_sf_debug_set_machine_event_thresholds 0000000180034458     sf_runtime:sf_runtime.dll
 0002:00000460       __imp_sf_debug_initialize_machine 0000000180034460     sf_runtime:sf_runtime.dll
 0002:00000468       __imp_sf_load_rtw_optimization_info 0000000180034468     sf_runtime:sf_runtime.dll
 0002:00000470       \177sf_runtime_NULL_THUNK_DATA 0000000180034470     sf_runtime:sf_runtime.dll
 0002:00000478       __xc_a                     0000000180034478     MSVCRT:cinitexe.obj
 0002:00000480       __xc_z                     0000000180034480     MSVCRT:cinitexe.obj
 0002:00000488       __xi_a                     0000000180034488     MSVCRT:cinitexe.obj
 0002:000004a0       __xi_z                     00000001800344a0     MSVCRT:cinitexe.obj
 0002:000004b0       __real@41c0711060800000    00000001800344b0     Ali_model_sfun.obj
 0002:000004b8       __real@41c9e65402000000    00000001800344b8     Ali_model_sfun.obj
 0002:000004c0       __real@41d022d0e1800000    00000001800344c0     Ali_model_sfun.obj
 0002:000004c8       __real@41d0459b38c00000    00000001800344c8     Ali_model_sfun.obj
 0002:000004d0       __real@41ddae3573400000    00000001800344d0     Ali_model_sfun.obj
 0002:000004d8       __real@41de42db10400000    00000001800344d8     Ali_model_sfun.obj
 0002:000004e0       __real@41e1914a24400000    00000001800344e0     Ali_model_sfun.obj
 0002:000004e8       __real@41e1977482e00000    00000001800344e8     Ali_model_sfun.obj
 0002:000004f0       __real@41e5bab8fe600000    00000001800344f0     Ali_model_sfun.obj
 0002:000004f8       __real@41e634cdc6800000    00000001800344f8     Ali_model_sfun.obj
 0002:00000500       __real@41e6cf0aa2400000    0000000180034500     Ali_model_sfun.obj
 0002:00000508       __real@41ead1319ec00000    0000000180034508     Ali_model_sfun.obj
 0002:00000510       __real@41eb032315200000    0000000180034510     Ali_model_sfun.obj
 0002:00000518       __real@41ec2fb080200000    0000000180034518     Ali_model_sfun.obj
 0002:00000520       __real@41ec4b66b0e00000    0000000180034520     Ali_model_sfun.obj
 0002:00000528       __real@41ede38784a00000    0000000180034528     Ali_model_sfun.obj
 0002:00000530       __real@3fac990d829f820f    0000000180034530     c1_Ali_model.obj
 0002:00000538       __real@3fac990d829f8211    0000000180034538     c1_Ali_model.obj
 0002:00000540       __real@3fb236d7786d44f3    0000000180034540     c1_Ali_model.obj
 0002:00000548       __real@3fb352a843808851    0000000180034548     c1_Ali_model.obj
 0002:00000550       __real@3ff0000000000000    0000000180034550     c1_Ali_model.obj
 0002:00000558       __real@4000000000000000    0000000180034558     c1_Ali_model.obj
 0002:00000560       __real@4010000000000000    0000000180034560     c1_Ali_model.obj
 0002:00000568       __real@4014000000000000    0000000180034568     c1_Ali_model.obj
 0002:00000570       __real@4018000000000000    0000000180034570     c1_Ali_model.obj
 0002:00000578       __real@4020000000000000    0000000180034578     c1_Ali_model.obj
 0002:00000580       __real@4024000000000000    0000000180034580     c1_Ali_model.obj
 0002:00000588       __real@4031000000000000    0000000180034588     c1_Ali_model.obj
 0002:00000590       __real@4039000000000000    0000000180034590     c1_Ali_model.obj
 0002:00000598       __real@4042800000000000    0000000180034598     c1_Ali_model.obj
 0002:000005a0       __real@4049000000000000    00000001800345a0     c1_Ali_model.obj
 0002:000005a8       __real@4059000000000000    00000001800345a8     c1_Ali_model.obj
 0002:000005b0       __real@405bc00000000000    00000001800345b0     c1_Ali_model.obj
 0002:000005b8       __real@406f400000000000    00000001800345b8     c1_Ali_model.obj
 0002:000005c0       __real@41a8cf00be000000    00000001800345c0     c1_Ali_model.obj
 0002:000005c8       __real@41df2ba7a8c00000    00000001800345c8     c1_Ali_model.obj
 0002:000005d0       __real@41e4057861400000    00000001800345d0     c1_Ali_model.obj
 0002:000005d8       __real@41e63c16da800000    00000001800345d8     c1_Ali_model.obj
 0002:000005e0       __real@bff0000000000000    00000001800345e0     c1_Ali_model.obj
 0002:000005e8       __real@c059000000000000    00000001800345e8     c1_Ali_model.obj
 0002:000005f0       __xmm@80000000000000008000000000000000 00000001800345f0     c1_Ali_model.obj
 0002:00000600       __real@3eb3e5ce0049af40    0000000180034600     c2_Ali_model.obj
 0002:00000608       __real@3f5ff6de7f133d17    0000000180034608     c2_Ali_model.obj
 0002:00000610       __real@3f763468213eb990    0000000180034610     c2_Ali_model.obj
 0002:00000618       __real@3f9e87b242d0b064    0000000180034618     c2_Ali_model.obj
 0002:00000620       __real@3fbdf5bb65b2df06    0000000180034620     c2_Ali_model.obj
 0002:00000628       __real@3fe62042f7cc4ecb    0000000180034628     c2_Ali_model.obj
 0002:00000630       __real@3ff0c152382d7365    0000000180034630     c2_Ali_model.obj
 0002:00000638       __real@41cb34e42b800000    0000000180034638     c2_Ali_model.obj
 0002:00000640       __real@41e43a0462e00000    0000000180034640     c2_Ali_model.obj
 0002:00000648       __real@41e549e72a000000    0000000180034648     c2_Ali_model.obj
 0002:00000650       __real@41ed432a98800000    0000000180034650     c2_Ali_model.obj
 0002:00000658       __real@3f837250ddf195e3    0000000180034658     c3_Ali_model.obj
 0002:00000660       __real@3fc01a36e2eb1c43    0000000180034660     c3_Ali_model.obj
 0002:00000668       __real@4069000000000000    0000000180034668     c3_Ali_model.obj
 0002:00000670       __real@4138d5d42aaaaaac    0000000180034670     c3_Ali_model.obj
 0002:00000678       __real@41c204bbbe800000    0000000180034678     c3_Ali_model.obj
 0002:00000680       __real@41da5e19fc400000    0000000180034680     c3_Ali_model.obj
 0002:00000688       __real@41e8cecd53600000    0000000180034688     c3_Ali_model.obj
 0002:00000690       __real@41ec2bc6e8c00000    0000000180034690     c3_Ali_model.obj
 0002:00000698       __real@43237250ddf195e2    0000000180034698     c3_Ali_model.obj
 0002:000006a0       __real@4328c576f5b35388    00000001800346a0     c3_Ali_model.obj
 0002:000006a8       __real@44421c6b00000000    00000001800346a8     c3_Ali_model.obj
 0002:000006b0       __real@444825e400000000    00000001800346b0     c3_Ali_model.obj
 0002:000006b8       __real@445711f300000002    00000001800346b8     c3_Ali_model.obj
 0002:000006c0       __real@44621c6b00000001    00000001800346c0     c3_Ali_model.obj
 0002:000006c8       __real@44721c6b00000000    00000001800346c8     c3_Ali_model.obj
 0002:000006d0       __real@447711f300000001    00000001800346d0     c3_Ali_model.obj
 0002:000006d8       __real@449dfe38ffffffff    00000001800346d8     c3_Ali_model.obj
 0002:000006e0       __real@44f65a0bc0000000    00000001800346e0     c3_Ali_model.obj
 0002:000006e8       __real@44fdcd6500000000    00000001800346e8     c3_Ali_model.obj
 0002:000006f0       __real@45ac1caaf9458800    00000001800346f0     c3_Ali_model.obj
 0002:000006f8       __real@479c0a250d2342ea    00000001800346f8     c3_Ali_model.obj
 0002:00000700       __real@47a6032513b0fba5    0000000180034700     c3_Ali_model.obj
 0002:00000708       __real@47b1dbd2834ac519    0000000180034708     c3_Ali_model.obj
 0002:00000710       __real@48d48023394b9000    0000000180034710     c3_Ali_model.obj
 0002:00000718       __real@48e48023394b8ffe    0000000180034718     c3_Ali_model.obj
 0002:00000720       __real@48ea1d2b11491000    0000000180034720     c3_Ali_model.obj
 0002:00000728       __real@48f48023394b8ffe    0000000180034728     c3_Ali_model.obj
 0002:00000730       __real@48f48023394b9000    0000000180034730     c3_Ali_model.obj
 0002:00000738       __real@4900a1d761654801    0000000180034738     c3_Ali_model.obj
 0002:00000740       __real@c45825e3fffffffe    0000000180034740     c3_Ali_model.obj
 0002:00000748       __real@417c2eee80000000    0000000180034748     c4_Ali_model.obj
 0002:00000750       __real@41c396b20d800000    0000000180034750     c4_Ali_model.obj
 0002:00000758       __real@41d136ebf0000000    0000000180034758     c4_Ali_model.obj
 0002:00000760       __real@41dfc3d081400000    0000000180034760     c4_Ali_model.obj
 0002:00000770       DYNAMIC_DIMENSION_DEF      0000000180034770     Ali_model_sfun_registry.obj
 0002:00000790       _ssBadLevel2InputAccessMsg 0000000180034790     Ali_model_sfun_registry.obj
 0002:00000920       _ssBadLevel2DirectFeedMsg  0000000180034920     Ali_model_sfun_registry.obj
 0002:00000a60       _ssBadLevel2DirectFeedSolutionMsg 0000000180034a60     Ali_model_sfun_registry.obj
 0002:00000ad0       _ssBadLevel2ZeroDirectFeedMsg 0000000180034ad0     Ali_model_sfun_registry.obj
 0002:00000c10       _ssBadLevel2ZeroDirectFeedMsg2 0000000180034c10     Ali_model_sfun_registry.obj
 0002:00000cf8       __real@0000000000000000    0000000180034cf8     Ali_model_sfun_registry.obj
 0002:00000d00       __real@41602cbca0000000    0000000180034d00     Ali_model_sfun_registry.obj
 0002:00000d18       _pDefaultRawDllMain        0000000180034d18     MSVCRT:crtdll.obj
 0002:00000d18       _pRawDllMain               0000000180034d18     MSVCRT:crtdll.obj
 0002:00000d20       ?ProcessDetach@NativeDll@<CrtImplementationDetails>@@0IB 0000000180034d20     MSVCRT:initsect.obj
 0002:00000d24       ?ProcessAttach@NativeDll@<CrtImplementationDetails>@@0IB 0000000180034d24     MSVCRT:initsect.obj
 0002:00000d28       ?ThreadAttach@NativeDll@<CrtImplementationDetails>@@0IB 0000000180034d28     MSVCRT:initsect.obj
 0002:00000d2c       ?ThreadDetach@NativeDll@<CrtImplementationDetails>@@0IB 0000000180034d2c     MSVCRT:initsect.obj
 0002:00000d30       ?ProcessVerifier@NativeDll@<CrtImplementationDetails>@@0IB 0000000180034d30     MSVCRT:initsect.obj
 0002:00000d34       ?value@?$integral_constant@_N$0A@@std@@2_NB 0000000180034d34     MSVCRT:tncleanup.obj
 0002:00000d35       ?value@?$integral_constant@_N$00@std@@2_NB 0000000180034d35     MSVCRT:tncleanup.obj
 0002:00000d38       ?value@?$_Sizeof@U_Nil@std@@U12@U12@U12@U12@U12@U12@U12@@std@@2_KB 0000000180034d38     MSVCRT:tncleanup.obj
 0002:00000d40       _load_config_used          0000000180034d40     MSVCRT:loadcfg.obj
 0002:00000db0       __rtc_iaa                  0000000180034db0     MSVCRT:initsect.obj
 0002:00000db8       __rtc_izz                  0000000180034db8     MSVCRT:initsect.obj
 0002:00000dc0       __rtc_taa                  0000000180034dc0     MSVCRT:initsect.obj
 0002:00000dc8       __rtc_tzz                  0000000180034dc8     MSVCRT:initsect.obj
 0002:00001a5c       __IMPORT_DESCRIPTOR_sf_runtime 0000000180035a5c     sf_runtime:sf_runtime.dll
 0002:00001a70       __IMPORT_DESCRIPTOR_libmx  0000000180035a70     libmx:libmx.dll
 0002:00001a84       __IMPORT_DESCRIPTOR_libmex 0000000180035a84     libmex:libmex.dll
 0002:00001a98       __IMPORT_DESCRIPTOR_libut  0000000180035a98     libut:libut.dll
 0002:00001aac       __IMPORT_DESCRIPTOR_libmwmathutil 0000000180035aac     libmwmathutil:libmwmathutil.dll
 0002:00001ac0       __IMPORT_DESCRIPTOR_MSVCR110 0000000180035ac0     MSVCRT:MSVCR110.dll
 0002:00001ad4       __IMPORT_DESCRIPTOR_KERNEL32 0000000180035ad4     kernel32:KERNEL32.dll
 0002:00001ae8       __NULL_IMPORT_DESCRIPTOR   0000000180035ae8     sf_runtime:sf_runtime.dll
 0003:0000d448       DYNAMIC_DIMENSION          0000000180044448     Ali_model_sfun_registry.obj
 0003:0000e140       __security_cookie          0000000180045140     MSVCRT:gs_cookie.obj
 0003:0000e148       __security_cookie_complement 0000000180045148     MSVCRT:gs_cookie.obj
 0003:0000e150       _fltused                   0000000180045150     MSVCRT:dllsupp.obj
 0003:0000e154       __native_dllmain_reason    0000000180045154     MSVCRT:natstart.obj
 0003:0000e1c8       sfGlobalDebugInstanceStruct 00000001800451c8     Ali_model_sfun_registry.obj
 0003:0000e828       ?__type_info_root_node@@3U__type_info_node@@A 0000000180045828     MSVCRT:tncleanup.obj
 0003:0000e838       _Ali_modelMachineNumber_   0000000180045838     <common>
 0003:0000e840       __native_startup_lock      0000000180045840     <common>
 0003:0000e848       __native_startup_state     0000000180045848     <common>
 0003:0000e850       __onexitend                0000000180045850     <common>
 0003:0000e858       __onexitbegin              0000000180045858     <common>
 0003:0000e860       __dyn_tls_init_callback    0000000180045860     <common>

 entry point at        0001:000320b4

 Static symbols

 0000:00000000       .debug$S                   0000000180000000     kernel32:KERNEL32.dll
 0000:00000000       .debug$S                   0000000180000000     kernel32:KERNEL32.dll
 0000:00000000       .debug$S                   0000000180000000     kernel32:KERNEL32.dll
 0000:00000000       .debug$S                   0000000180000000     kernel32:KERNEL32.dll
 0000:00000000       .debug$S                   0000000180000000     kernel32:KERNEL32.dll
 0000:00000000       .debug$S                   0000000180000000     kernel32:KERNEL32.dll
 0000:00000000       .debug$S                   0000000180000000     kernel32:KERNEL32.dll
 0000:00000000       .debug$S                   0000000180000000     kernel32:KERNEL32.dll
 0000:00000000       .debug$S                   0000000180000000     kernel32:KERNEL32.dll
 0000:00000000       .debug$S                   0000000180000000     sf_runtime:sf_runtime.dll
 0000:00000000       .debug$S                   0000000180000000     MSVCRT:MSVCR110.dll
 0000:00000000       .debug$S                   0000000180000000     MSVCRT:MSVCR110.dll
 0000:00000000       .debug$S                   0000000180000000     MSVCRT:MSVCR110.dll
 0000:00000000       .debug$S                   0000000180000000     MSVCRT:MSVCR110.dll
 0000:00000000       .debug$S                   0000000180000000     MSVCRT:MSVCR110.dll
 0000:00000000       .debug$S                   0000000180000000     MSVCRT:MSVCR110.dll
 0000:00000000       .debug$S                   0000000180000000     MSVCRT:MSVCR110.dll
 0000:00000000       .debug$S                   0000000180000000     MSVCRT:MSVCR110.dll
 0000:00000000       .debug$S                   0000000180000000     MSVCRT:MSVCR110.dll
 0000:00000000       .debug$S                   0000000180000000     MSVCRT:MSVCR110.dll
 0000:00000000       .debug$S                   0000000180000000     MSVCRT:MSVCR110.dll
 0000:00000000       .debug$S                   0000000180000000     MSVCRT:MSVCR110.dll
 0000:00000000       .debug$S                   0000000180000000     MSVCRT:MSVCR110.dll
 0000:00000000       .debug$S                   0000000180000000     MSVCRT:MSVCR110.dll
 0000:00000000       .debug$S                   0000000180000000     MSVCRT:MSVCR110.dll
 0000:00000000       .debug$S                   0000000180000000     MSVCRT:MSVCR110.dll
 0000:00000000       .debug$S                   0000000180000000     MSVCRT:MSVCR110.dll
 0000:00000000       .debug$S                   0000000180000000     MSVCRT:MSVCR110.dll
 0000:00000000       .debug$S                   0000000180000000     MSVCRT:MSVCR110.dll
 0000:00000000       .debug$S                   0000000180000000     MSVCRT:MSVCR110.dll
 0000:00000000       .debug$S                   0000000180000000     MSVCRT:MSVCR110.dll
 0000:00000000       .debug$S                   0000000180000000     MSVCRT:MSVCR110.dll
 0000:00000000       .debug$S                   0000000180000000     MSVCRT:MSVCR110.dll
 0000:00000000       .debug$S                   0000000180000000     MSVCRT:MSVCR110.dll
 0000:00000000       .debug$S                   0000000180000000     MSVCRT:MSVCR110.dll
 0000:00000000       .debug$S                   0000000180000000     sf_runtime:sf_runtime.dll
 0000:00000000       .debug$S                   0000000180000000     sf_runtime:sf_runtime.dll
 0000:00000000       .debug$S                   0000000180000000     sf_runtime:sf_runtime.dll
 0000:00000000       .debug$S                   0000000180000000     sf_runtime:sf_runtime.dll
 0000:00000000       .debug$S                   0000000180000000     sf_runtime:sf_runtime.dll
 0000:00000000       .debug$S                   0000000180000000     sf_runtime:sf_runtime.dll
 0000:00000000       .debug$S                   0000000180000000     sf_runtime:sf_runtime.dll
 0000:00000000       .debug$S                   0000000180000000     sf_runtime:sf_runtime.dll
 0000:00000000       .debug$S                   0000000180000000     sf_runtime:sf_runtime.dll
 0000:00000000       .debug$S                   0000000180000000     sf_runtime:sf_runtime.dll
 0000:00000000       .debug$S                   0000000180000000     sf_runtime:sf_runtime.dll
 0000:00000000       .debug$S                   0000000180000000     sf_runtime:sf_runtime.dll
 0000:00000000       .debug$S                   0000000180000000     sf_runtime:sf_runtime.dll
 0000:00000000       .debug$S                   0000000180000000     sf_runtime:sf_runtime.dll
 0000:00000000       .debug$S                   0000000180000000     sf_runtime:sf_runtime.dll
 0000:00000000       .debug$S                   0000000180000000     sf_runtime:sf_runtime.dll
 0000:00000000       .debug$S                   0000000180000000     sf_runtime:sf_runtime.dll
 0000:00000000       .debug$S                   0000000180000000     sf_runtime:sf_runtime.dll
 0000:00000000       .debug$S                   0000000180000000     sf_runtime:sf_runtime.dll
 0000:00000000       .debug$S                   0000000180000000     sf_runtime:sf_runtime.dll
 0000:00000000       .debug$S                   0000000180000000     sf_runtime:sf_runtime.dll
 0000:00000000       .debug$S                   0000000180000000     sf_runtime:sf_runtime.dll
 0000:00000000       .debug$S                   0000000180000000     sf_runtime:sf_runtime.dll
 0000:00000000       .debug$S                   0000000180000000     sf_runtime:sf_runtime.dll
 0000:00000000       .debug$S                   0000000180000000     sf_runtime:sf_runtime.dll
 0000:00000000       .debug$S                   0000000180000000     sf_runtime:sf_runtime.dll
 0000:00000000       .debug$S                   0000000180000000     sf_runtime:sf_runtime.dll
 0000:00000000       .debug$S                   0000000180000000     sf_runtime:sf_runtime.dll
 0000:00000000       .debug$S                   0000000180000000     sf_runtime:sf_runtime.dll
 0000:00000000       .debug$S                   0000000180000000     sf_runtime:sf_runtime.dll
 0000:00000000       .debug$S                   0000000180000000     sf_runtime:sf_runtime.dll
 0000:00000000       .debug$S                   0000000180000000     sf_runtime:sf_runtime.dll
 0000:00000000       .debug$S                   0000000180000000     sf_runtime:sf_runtime.dll
 0000:00000000       .debug$S                   0000000180000000     sf_runtime:sf_runtime.dll
 0000:00000000       .debug$S                   0000000180000000     sf_runtime:sf_runtime.dll
 0000:00000000       .debug$S                   0000000180000000     sf_runtime:sf_runtime.dll
 0000:00000000       .debug$S                   0000000180000000     libmwmathutil:libmwmathutil.dll
 0000:00000000       .debug$S                   0000000180000000     libmwmathutil:libmwmathutil.dll
 0000:00000000       .debug$S                   0000000180000000     libmwmathutil:libmwmathutil.dll
 0000:00000000       .debug$S                   0000000180000000     sf_runtime:sf_runtime.dll
 0000:00000000       .debug$S                   0000000180000000     libut:libut.dll
 0000:00000000       .debug$S                   0000000180000000     libut:libut.dll
 0000:00000000       .debug$S                   0000000180000000     sf_runtime:sf_runtime.dll
 0000:00000000       .debug$S                   0000000180000000     libmex:libmex.dll
 0000:00000000       .debug$S                   0000000180000000     libmex:libmex.dll
 0000:00000000       .debug$S                   0000000180000000     libmex:libmex.dll
 0000:00000000       .debug$S                   0000000180000000     libmex:libmex.dll
 0000:00000000       .debug$S                   0000000180000000     libmex:libmex.dll
 0000:00000000       .debug$S                   0000000180000000     libmex:libmex.dll
 0000:00000000       .debug$S                   0000000180000000     libmex:libmex.dll
 0000:00000000       .debug$S                   0000000180000000     sf_runtime:sf_runtime.dll
 0000:00000000       .debug$S                   0000000180000000     libmx:libmx.dll
 0000:00000000       .debug$S                   0000000180000000     libmx:libmx.dll
 0000:00000000       .debug$S                   0000000180000000     libmx:libmx.dll
 0000:00000000       .debug$S                   0000000180000000     libmx:libmx.dll
 0000:00000000       .debug$S                   0000000180000000     libmx:libmx.dll
 0000:00000000       .debug$S                   0000000180000000     libmx:libmx.dll
 0000:00000000       .debug$S                   0000000180000000     libmx:libmx.dll
 0000:00000000       .debug$S                   0000000180000000     libmx:libmx.dll
 0000:00000000       .debug$S                   0000000180000000     libmx:libmx.dll
 0000:00000000       .debug$S                   0000000180000000     libmx:libmx.dll
 0000:00000000       .debug$S                   0000000180000000     libmx:libmx.dll
 0000:00000000       .debug$S                   0000000180000000     libmx:libmx.dll
 0000:00000000       .debug$S                   0000000180000000     libmx:libmx.dll
 0000:00000000       .debug$S                   0000000180000000     libmx:libmx.dll
 0000:00000000       .debug$S                   0000000180000000     libmx:libmx.dll
 0000:00000000       .debug$S                   0000000180000000     sf_runtime:sf_runtime.dll
 0000:00000000       .debug$S                   0000000180000000     sf_runtime:sf_runtime.dll
 0000:00000000       .debug$S                   0000000180000000     sf_runtime:sf_runtime.dll
 0000:00000000       .debug$S                   0000000180000000     sf_runtime:sf_runtime.dll
 0000:00000000       .debug$S                   0000000180000000     sf_runtime:sf_runtime.dll
 0000:00000000       .debug$S                   0000000180000000     sf_runtime:sf_runtime.dll
 0000:00000000       .debug$S                   0000000180000000     sf_runtime:sf_runtime.dll
 0000:00000000       .debug$S                   0000000180000000     sf_runtime:sf_runtime.dll
 0000:00000000       .debug$S                   0000000180000000     sf_runtime:sf_runtime.dll
 0000:00000000       .debug$S                   0000000180000000     sf_runtime:sf_runtime.dll
 0000:00000000       .debug$S                   0000000180000000     sf_runtime:sf_runtime.dll
 0000:00000000       .debug$S                   0000000180000000     sf_runtime:sf_runtime.dll
 0000:00000000       .debug$S                   0000000180000000     sf_runtime:sf_runtime.dll
 0000:00000000       .debug$S                   0000000180000000     sf_runtime:sf_runtime.dll
 0000:00000000       .debug$S                   0000000180000000     sf_runtime:sf_runtime.dll
 0000:00000000       .debug$S                   0000000180000000     sf_runtime:sf_runtime.dll
 0000:00000000       .debug$S                   0000000180000000     sf_runtime:sf_runtime.dll
 0000:00000000       .debug$S                   0000000180000000     sf_runtime:sf_runtime.dll
 0000:00000000       .debug$S                   0000000180000000     sf_runtime:sf_runtime.dll
 0000:00000000       .debug$S                   0000000180000000     sf_runtime:sf_runtime.dll
 0000:00000000       .debug$S                   0000000180000000     sf_runtime:sf_runtime.dll
 0000:00000000       .debug$S                   0000000180000000     sf_runtime:sf_runtime.dll
 0000:00000000       .debug$S                   0000000180000000     sf_runtime:sf_runtime.dll
 0000:00000000       .debug$S                   0000000180000000     sf_runtime:sf_runtime.dll
 0000:00000000       .debug$S                   0000000180000000     sf_runtime:sf_runtime.dll
 0000:00000000       .debug$S                   0000000180000000     sf_runtime:sf_runtime.dll
 0000:00000000       .debug$S                   0000000180000000     sf_runtime:sf_runtime.dll
 0000:00000000       .debug$S                   0000000180000000     sf_runtime:sf_runtime.dll
 0000:00000000       .debug$S                   0000000180000000     libmx:libmx.dll
 0000:00000000       .debug$S                   0000000180000000     libmx:libmx.dll
 0000:00000000       .debug$S                   0000000180000000     libmx:libmx.dll
 0000:00000000       .debug$S                   0000000180000000     libmx:libmx.dll
 0000:00000000       .debug$S                   0000000180000000     libmx:libmx.dll
 0000:00000000       .debug$S                   0000000180000000     libmx:libmx.dll
 0000:00000000       .debug$S                   0000000180000000     sf_runtime:sf_runtime.dll
 0001:00001950       initialize_c1_Ali_model    0000000180002950 f   c1_Ali_model.obj
 0001:000019a0       initialize_params_c1_Ali_model 00000001800029a0 f   c1_Ali_model.obj
 0001:000019b0       enable_c1_Ali_model        00000001800029b0 f   c1_Ali_model.obj
 0001:000019e0       disable_c1_Ali_model       00000001800029e0 f   c1_Ali_model.obj
 0001:00001a10       c1_update_debugger_state_c1_Ali_model 0000000180002a10 f   c1_Ali_model.obj
 0001:00001a20       get_sim_state_c1_Ali_model 0000000180002a20 f   c1_Ali_model.obj
 0001:00001bf0       set_sim_state_c1_Ali_model 0000000180002bf0 f   c1_Ali_model.obj
 0001:00001d00       finalize_c1_Ali_model      0000000180002d00 f   c1_Ali_model.obj
 0001:00001d10       sf_gateway_c1_Ali_model    0000000180002d10 f   c1_Ali_model.obj
 0001:00002190       c1_chartstep_c1_Ali_model  0000000180003190 f   c1_Ali_model.obj
 0001:000056b0       initSimStructsc1_Ali_model 00000001800066b0 f   c1_Ali_model.obj
 0001:000056c0       c1_B_inverse               00000001800066c0 f   c1_Ali_model.obj
 0001:000069a0       init_script_number_translation 00000001800079a0 f   c1_Ali_model.obj
 0001:00006a30       c1_sf_marshallOut          0000000180007a30 f   c1_Ali_model.obj
 0001:00006b80       c1_emlrt_marshallIn        0000000180007b80 f   c1_Ali_model.obj
 0001:00006bf0       c1_b_emlrt_marshallIn      0000000180007bf0 f   c1_Ali_model.obj
 0001:00006ce0       c1_sf_marshallIn           0000000180007ce0 f   c1_Ali_model.obj
 0001:00006de0       c1_b_sf_marshallOut        0000000180007de0 f   c1_Ali_model.obj
 0001:00006f30       c1_c_sf_marshallOut        0000000180007f30 f   c1_Ali_model.obj
 0001:00007110       c1_d_sf_marshallOut        0000000180008110 f   c1_Ali_model.obj
 0001:000071c0       c1_c_emlrt_marshallIn      00000001800081c0 f   c1_Ali_model.obj
 0001:00007250       c1_b_sf_marshallIn         0000000180008250 f   c1_Ali_model.obj
 0001:000072f0       c1_d_emlrt_marshallIn      00000001800082f0 f   c1_Ali_model.obj
 0001:000073f0       c1_c_sf_marshallIn         00000001800083f0 f   c1_Ali_model.obj
 0001:00007530       c1_info_helper             0000000180008530 f   c1_Ali_model.obj
 0001:000107d0       c1_emlrt_marshallOut       00000001800117d0 f   c1_Ali_model.obj
 0001:00010860       c1_b_emlrt_marshallOut     0000000180011860 f   c1_Ali_model.obj
 0001:000108d0       c1_power                   00000001800118d0 f   c1_Ali_model.obj
 0001:00010930       c1_eml_scalar_eg           0000000180011930 f   c1_Ali_model.obj
 0001:00010940       c1_rdivide                 0000000180011940 f   c1_Ali_model.obj
 0001:000109a0       c1_b_eml_scalar_eg         00000001800119a0 f   c1_Ali_model.obj
 0001:000109b0       c1_f_emlrt_marshallIn      00000001800119b0 f   c1_Ali_model.obj
 0001:00010a10       c1_g_emlrt_marshallIn      0000000180011a10 f   c1_Ali_model.obj
 0001:00010aa0       c1_b_eml_xgemm             0000000180011aa0 f   c1_Ali_model.obj
 0001:00010b70       init_dsm_address_info      0000000180011b70 f   c1_Ali_model.obj
 0001:00010b80       init_simulink_io_address   0000000180011b80 f   c1_Ali_model.obj
 0001:00011980       sf_get_sim_state_info_c1_Ali_model 0000000180012980 f   c1_Ali_model.obj
 0001:00011a50       chart_debug_initialization 0000000180012a50 f   c1_Ali_model.obj
 0001:00012aa0       sf_get_instance_specialization 0000000180013aa0 f   c1_Ali_model.obj
 0001:00012ab0       sf_opaque_initialize_c1_Ali_model 0000000180013ab0 f   c1_Ali_model.obj
 0001:00012af0       sf_opaque_enable_c1_Ali_model 0000000180013af0 f   c1_Ali_model.obj
 0001:00012b10       sf_opaque_disable_c1_Ali_model 0000000180013b10 f   c1_Ali_model.obj
 0001:00012b30       sf_opaque_gateway_c1_Ali_model 0000000180013b30 f   c1_Ali_model.obj
 0001:00012b50       sf_opaque_get_sim_state_c1_Ali_model 0000000180013b50 f   c1_Ali_model.obj
 0001:00012ba0       sf_opaque_set_sim_state_c1_Ali_model 0000000180013ba0 f   c1_Ali_model.obj
 0001:00012bf0       sf_opaque_terminate_c1_Ali_model 0000000180013bf0 f   c1_Ali_model.obj
 0001:00012c90       sf_opaque_init_subchart_simstructs 0000000180013c90 f   c1_Ali_model.obj
 0001:00012cb0       mdlProcessParameters_c1_Ali_model 0000000180013cb0 f   c1_Ali_model.obj
 0001:00012d90       mdlSetWorkWidths_c1_Ali_model 0000000180013d90 f   c1_Ali_model.obj
 0001:000133d0       mdlRTW_c1_Ali_model        00000001800143d0 f   c1_Ali_model.obj
 0001:00013410       mdlStart_c1_Ali_model      0000000180014410 f   c1_Ali_model.obj
 0001:00013830       initialize_c2_Ali_model    0000000180014830 f   c2_Ali_model.obj
 0001:00013880       initialize_params_c2_Ali_model 0000000180014880 f   c2_Ali_model.obj
 0001:00013890       enable_c2_Ali_model        0000000180014890 f   c2_Ali_model.obj
 0001:000138c0       disable_c2_Ali_model       00000001800148c0 f   c2_Ali_model.obj
 0001:000138f0       c2_update_debugger_state_c2_Ali_model 00000001800148f0 f   c2_Ali_model.obj
 0001:00013900       get_sim_state_c2_Ali_model 0000000180014900 f   c2_Ali_model.obj
 0001:00013ad0       set_sim_state_c2_Ali_model 0000000180014ad0 f   c2_Ali_model.obj
 0001:00013be0       finalize_c2_Ali_model      0000000180014be0 f   c2_Ali_model.obj
 0001:00013bf0       sf_gateway_c2_Ali_model    0000000180014bf0 f   c2_Ali_model.obj
 0001:00014950       initSimStructsc2_Ali_model 0000000180015950 f   c2_Ali_model.obj
 0001:00014960       init_script_number_translation 0000000180015960 f   c2_Ali_model.obj
 0001:000149b0       c2_sf_marshallOut          00000001800159b0 f   c2_Ali_model.obj
 0001:00014b00       c2_emlrt_marshallIn        0000000180015b00 f   c2_Ali_model.obj
 0001:00014b70       c2_b_emlrt_marshallIn      0000000180015b70 f   c2_Ali_model.obj
 0001:00014c60       c2_sf_marshallIn           0000000180015c60 f   c2_Ali_model.obj
 0001:00014d60       c2_b_sf_marshallOut        0000000180015d60 f   c2_Ali_model.obj
 0001:00014e10       c2_c_emlrt_marshallIn      0000000180015e10 f   c2_Ali_model.obj
 0001:00014ea0       c2_b_sf_marshallIn         0000000180015ea0 f   c2_Ali_model.obj
 0001:00014f40       c2_c_sf_marshallOut        0000000180015f40 f   c2_Ali_model.obj
 0001:00015020       c2_d_emlrt_marshallIn      0000000180016020 f   c2_Ali_model.obj
 0001:00015100       c2_c_sf_marshallIn         0000000180016100 f   c2_Ali_model.obj
 0001:000151f0       c2_info_helper             00000001800161f0 f   c2_Ali_model.obj
 0001:00018020       c2_emlrt_marshallOut       0000000180019020 f   c2_Ali_model.obj
 0001:000180b0       c2_b_emlrt_marshallOut     00000001800190b0 f   c2_Ali_model.obj
 0001:00018120       c2_eml_scalar_eg           0000000180019120 f   c2_Ali_model.obj
 0001:00018130       c2_f_emlrt_marshallIn      0000000180019130 f   c2_Ali_model.obj
 0001:00018190       c2_g_emlrt_marshallIn      0000000180019190 f   c2_Ali_model.obj
 0001:00018220       init_dsm_address_info      0000000180019220 f   c2_Ali_model.obj
 0001:00018230       init_simulink_io_address   0000000180019230 f   c2_Ali_model.obj
 0001:000188f0       sf_get_sim_state_info_c2_Ali_model 00000001800198f0 f   c2_Ali_model.obj
 0001:000189c0       chart_debug_initialization 00000001800199c0 f   c2_Ali_model.obj
 0001:000191e0       sf_get_instance_specialization 000000018001a1e0 f   c2_Ali_model.obj
 0001:000191f0       sf_opaque_initialize_c2_Ali_model 000000018001a1f0 f   c2_Ali_model.obj
 0001:00019230       sf_opaque_enable_c2_Ali_model 000000018001a230 f   c2_Ali_model.obj
 0001:00019250       sf_opaque_disable_c2_Ali_model 000000018001a250 f   c2_Ali_model.obj
 0001:00019270       sf_opaque_gateway_c2_Ali_model 000000018001a270 f   c2_Ali_model.obj
 0001:00019290       sf_opaque_get_sim_state_c2_Ali_model 000000018001a290 f   c2_Ali_model.obj
 0001:000192e0       sf_opaque_set_sim_state_c2_Ali_model 000000018001a2e0 f   c2_Ali_model.obj
 0001:00019330       sf_opaque_terminate_c2_Ali_model 000000018001a330 f   c2_Ali_model.obj
 0001:000193d0       sf_opaque_init_subchart_simstructs 000000018001a3d0 f   c2_Ali_model.obj
 0001:000193f0       mdlProcessParameters_c2_Ali_model 000000018001a3f0 f   c2_Ali_model.obj
 0001:000194d0       mdlSetWorkWidths_c2_Ali_model 000000018001a4d0 f   c2_Ali_model.obj
 0001:000199e0       mdlRTW_c2_Ali_model        000000018001a9e0 f   c2_Ali_model.obj
 0001:00019a20       mdlStart_c2_Ali_model      000000018001aa20 f   c2_Ali_model.obj
 0001:00019e40       initialize_c3_Ali_model    000000018001ae40 f   c3_Ali_model.obj
 0001:00019e90       initialize_params_c3_Ali_model 000000018001ae90 f   c3_Ali_model.obj
 0001:00019ea0       enable_c3_Ali_model        000000018001aea0 f   c3_Ali_model.obj
 0001:00019ed0       disable_c3_Ali_model       000000018001aed0 f   c3_Ali_model.obj
 0001:00019f00       c3_update_debugger_state_c3_Ali_model 000000018001af00 f   c3_Ali_model.obj
 0001:00019f10       get_sim_state_c3_Ali_model 000000018001af10 f   c3_Ali_model.obj
 0001:0001a0e0       set_sim_state_c3_Ali_model 000000018001b0e0 f   c3_Ali_model.obj
 0001:0001a210       finalize_c3_Ali_model      000000018001b210 f   c3_Ali_model.obj
 0001:0001a220       sf_gateway_c3_Ali_model    000000018001b220 f   c3_Ali_model.obj
 0001:0001b480       initSimStructsc3_Ali_model 000000018001c480 f   c3_Ali_model.obj
 0001:0001b490       c3_Qdotdot                 000000018001c490 f   c3_Ali_model.obj
 0001:0001f160       init_script_number_translation 0000000180020160 f   c3_Ali_model.obj
 0001:0001f1b0       c3_sf_marshallOut          00000001800201b0 f   c3_Ali_model.obj
 0001:0001f300       c3_emlrt_marshallIn        0000000180020300 f   c3_Ali_model.obj
 0001:0001f370       c3_b_emlrt_marshallIn      0000000180020370 f   c3_Ali_model.obj
 0001:0001f460       c3_sf_marshallIn           0000000180020460 f   c3_Ali_model.obj
 0001:0001f560       c3_b_sf_marshallOut        0000000180020560 f   c3_Ali_model.obj
 0001:0001f6b0       c3_c_sf_marshallOut        00000001800206b0 f   c3_Ali_model.obj
 0001:0001f760       c3_c_emlrt_marshallIn      0000000180020760 f   c3_Ali_model.obj
 0001:0001f7f0       c3_b_sf_marshallIn         00000001800207f0 f   c3_Ali_model.obj
 0001:0001f890       c3_d_emlrt_marshallIn      0000000180020890 f   c3_Ali_model.obj
 0001:0001f980       c3_c_sf_marshallIn         0000000180020980 f   c3_Ali_model.obj
 0001:0001fa80       c3_info_helper             0000000180020a80 f   c3_Ali_model.obj
 0001:00022b20       c3_emlrt_marshallOut       0000000180023b20 f   c3_Ali_model.obj
 0001:00022bb0       c3_b_emlrt_marshallOut     0000000180023bb0 f   c3_Ali_model.obj
 0001:00022c20       c3_power                   0000000180023c20 f   c3_Ali_model.obj
 0001:00022c80       c3_eml_scalar_eg           0000000180023c80 f   c3_Ali_model.obj
 0001:00022c90       c3_rdivide                 0000000180023c90 f   c3_Ali_model.obj
 0001:00022cf0       c3_f_emlrt_marshallIn      0000000180023cf0 f   c3_Ali_model.obj
 0001:00022d50       c3_g_emlrt_marshallIn      0000000180023d50 f   c3_Ali_model.obj
 0001:00022de0       init_dsm_address_info      0000000180023de0 f   c3_Ali_model.obj
 0001:00022df0       init_simulink_io_address   0000000180023df0 f   c3_Ali_model.obj
 0001:00023620       sf_get_sim_state_info_c3_Ali_model 0000000180024620 f   c3_Ali_model.obj
 0001:000236f0       chart_debug_initialization 00000001800246f0 f   c3_Ali_model.obj
 0001:00024090       sf_get_instance_specialization 0000000180025090 f   c3_Ali_model.obj
 0001:000240a0       sf_opaque_initialize_c3_Ali_model 00000001800250a0 f   c3_Ali_model.obj
 0001:000240e0       sf_opaque_enable_c3_Ali_model 00000001800250e0 f   c3_Ali_model.obj
 0001:00024100       sf_opaque_disable_c3_Ali_model 0000000180025100 f   c3_Ali_model.obj
 0001:00024120       sf_opaque_gateway_c3_Ali_model 0000000180025120 f   c3_Ali_model.obj
 0001:00024140       sf_opaque_get_sim_state_c3_Ali_model 0000000180025140 f   c3_Ali_model.obj
 0001:00024190       sf_opaque_set_sim_state_c3_Ali_model 0000000180025190 f   c3_Ali_model.obj
 0001:000241e0       sf_opaque_terminate_c3_Ali_model 00000001800251e0 f   c3_Ali_model.obj
 0001:00024280       sf_opaque_init_subchart_simstructs 0000000180025280 f   c3_Ali_model.obj
 0001:000242a0       mdlProcessParameters_c3_Ali_model 00000001800252a0 f   c3_Ali_model.obj
 0001:00024380       mdlSetWorkWidths_c3_Ali_model 0000000180025380 f   c3_Ali_model.obj
 0001:000248d0       mdlRTW_c3_Ali_model        00000001800258d0 f   c3_Ali_model.obj
 0001:00024910       mdlStart_c3_Ali_model      0000000180025910 f   c3_Ali_model.obj
 0001:00024d30       initialize_c4_Ali_model    0000000180025d30 f   c4_Ali_model.obj
 0001:00024d80       initialize_params_c4_Ali_model 0000000180025d80 f   c4_Ali_model.obj
 0001:00024d90       enable_c4_Ali_model        0000000180025d90 f   c4_Ali_model.obj
 0001:00024dc0       disable_c4_Ali_model       0000000180025dc0 f   c4_Ali_model.obj
 0001:00024df0       c4_update_debugger_state_c4_Ali_model 0000000180025df0 f   c4_Ali_model.obj
 0001:00024e00       get_sim_state_c4_Ali_model 0000000180025e00 f   c4_Ali_model.obj
 0001:00024fd0       set_sim_state_c4_Ali_model 0000000180025fd0 f   c4_Ali_model.obj
 0001:000250e0       finalize_c4_Ali_model      00000001800260e0 f   c4_Ali_model.obj
 0001:000250f0       sf_gateway_c4_Ali_model    00000001800260f0 f   c4_Ali_model.obj
 0001:00025d70       initSimStructsc4_Ali_model 0000000180026d70 f   c4_Ali_model.obj
 0001:00025d80       init_script_number_translation 0000000180026d80 f   c4_Ali_model.obj
 0001:00025da0       c4_sf_marshallOut          0000000180026da0 f   c4_Ali_model.obj
 0001:00025ef0       c4_emlrt_marshallIn        0000000180026ef0 f   c4_Ali_model.obj
 0001:00025f60       c4_b_emlrt_marshallIn      0000000180026f60 f   c4_Ali_model.obj
 0001:00026050       c4_sf_marshallIn           0000000180027050 f   c4_Ali_model.obj
 0001:00026150       c4_b_sf_marshallOut        0000000180027150 f   c4_Ali_model.obj
 0001:00026330       c4_c_sf_marshallOut        0000000180027330 f   c4_Ali_model.obj
 0001:000263e0       c4_c_emlrt_marshallIn      00000001800273e0 f   c4_Ali_model.obj
 0001:00026470       c4_b_sf_marshallIn         0000000180027470 f   c4_Ali_model.obj
 0001:00026510       c4_info_helper             0000000180027510 f   c4_Ali_model.obj
 0001:00028490       c4_emlrt_marshallOut       0000000180029490 f   c4_Ali_model.obj
[...]
 0004:00000558       $pdata$get_sim_state_c3_Ali_model 0000000180046558     c3_Ali_model.obj
 0004:00000564       $pdata$set_sim_state_c3_Ali_model 0000000180046564     c3_Ali_model.obj
 0004:00000570       $pdata$sf_gateway_c3_Ali_model 0000000180046570     c3_Ali_model.obj
 0004:0000057c       $pdata$c3_Qdotdot          000000018004657c     c3_Ali_model.obj
 0004:00000588       $pdata$init_script_number_translation 0000000180046588     c3_Ali_model.obj
 0004:00000594       $pdata$c3_sf_marshallOut   0000000180046594     c3_Ali_model.obj
 0004:000005a0       $pdata$c3_emlrt_marshallIn 00000001800465a0     c3_Ali_model.obj
 0004:000005ac       $pdata$c3_b_emlrt_marshallIn 00000001800465ac     c3_Ali_model.obj
 0004:000005b8       $pdata$c3_sf_marshallIn    00000001800465b8     c3_Ali_model.obj
 0004:000005c4       $pdata$c3_b_sf_marshallOut 00000001800465c4     c3_Ali_model.obj
 0004:000005d0       $pdata$c3_c_sf_marshallOut 00000001800465d0     c3_Ali_model.obj
 0004:000005dc       $pdata$c3_c_emlrt_marshallIn 00000001800465dc     c3_Ali_model.obj
 0004:000005e8       $pdata$c3_b_sf_marshallIn  00000001800465e8     c3_Ali_model.obj
 0004:000005f4       $pdata$c3_d_emlrt_marshallIn 00000001800465f4     c3_Ali_model.obj
 0004:00000600       $pdata$c3_c_sf_marshallIn  0000000180046600     c3_Ali_model.obj
 0004:0000060c       $pdata$c3_info_helper      000000018004660c     c3_Ali_model.obj
 0004:00000618       $pdata$c3_emlrt_marshallOut 0000000180046618     c3_Ali_model.obj
 0004:00000624       $pdata$c3_b_emlrt_marshallOut 0000000180046624     c3_Ali_model.obj
 0004:00000630       $pdata$c3_power            0000000180046630     c3_Ali_model.obj
 0004:0000063c       $pdata$c3_rdivide          000000018004663c     c3_Ali_model.obj
 0004:00000648       $pdata$c3_f_emlrt_marshallIn 0000000180046648     c3_Ali_model.obj
 0004:00000654       $pdata$c3_g_emlrt_marshallIn 0000000180046654     c3_Ali_model.obj
 0004:00000660       $pdata$init_simulink_io_address 0000000180046660     c3_Ali_model.obj
 0004:0000066c       $pdata$sf_c3_Ali_model_get_post_codegen_info 000000018004666c     c3_Ali_model.obj
 0004:00000678       $pdata$sf_c3_Ali_model_get_autoinheritance_info 0000000180046678     c3_Ali_model.obj
 0004:00000684       $pdata$sf_c3_Ali_model_third_party_uses_info 0000000180046684     c3_Ali_model.obj
 0004:00000690       $pdata$sf_c3_Ali_model_jit_fallback_info 0000000180046690     c3_Ali_model.obj
 0004:0000069c       $pdata$sf_c3_Ali_model_updateBuildInfo_args_info 000000018004669c     c3_Ali_model.obj
 0004:000006a8       $pdata$sf_get_sim_state_info_c3_Ali_model 00000001800466a8     c3_Ali_model.obj
 0004:000006b4       $pdata$chart_debug_initialization 00000001800466b4     c3_Ali_model.obj
 0004:000006c0       $pdata$sf_opaque_initialize_c3_Ali_model 00000001800466c0     c3_Ali_model.obj
 0004:000006cc       $pdata$sf_opaque_enable_c3_Ali_model 00000001800466cc     c3_Ali_model.obj
 0004:000006d8       $pdata$sf_opaque_disable_c3_Ali_model 00000001800466d8     c3_Ali_model.obj
 0004:000006e4       $pdata$sf_opaque_gateway_c3_Ali_model 00000001800466e4     c3_Ali_model.obj
 0004:000006f0       $pdata$sf_opaque_get_sim_state_c3_Ali_model 00000001800466f0     c3_Ali_model.obj
 0004:000006fc       $pdata$sf_opaque_set_sim_state_c3_Ali_model 00000001800466fc     c3_Ali_model.obj
 0004:00000708       $pdata$sf_opaque_terminate_c3_Ali_model 0000000180046708     c3_Ali_model.obj
 0004:00000714       $pdata$sf_opaque_init_subchart_simstructs 0000000180046714     c3_Ali_model.obj
 0004:00000720       $pdata$mdlProcessParameters_c3_Ali_model 0000000180046720     c3_Ali_model.obj
 0004:0000072c       $pdata$mdlSetWorkWidths_c3_Ali_model 000000018004672c     c3_Ali_model.obj
 0004:00000738       $pdata$mdlRTW_c3_Ali_model 0000000180046738     c3_Ali_model.obj
 0004:00000744       $pdata$mdlStart_c3_Ali_model 0000000180046744     c3_Ali_model.obj
 0004:00000750       $pdata$sf_c4_Ali_model_get_eml_resolved_functions_info 0000000180046750     c4_Ali_model.obj
 0004:0000075c       $pdata$sf_c4_Ali_model_get_check_sum 000000018004675c     c4_Ali_model.obj
 0004:00000768       $pdata$c4_Ali_model_method_dispatcher 0000000180046768     c4_Ali_model.obj
 0004:00000774       $pdata$initialize_c4_Ali_model 0000000180046774     c4_Ali_model.obj
 0004:00000780       $pdata$enable_c4_Ali_model 0000000180046780     c4_Ali_model.obj
 0004:0000078c       $pdata$disable_c4_Ali_model 000000018004678c     c4_Ali_model.obj
 0004:00000798       $pdata$get_sim_state_c4_Ali_model 0000000180046798     c4_Ali_model.obj
 0004:000007a4       $pdata$set_sim_state_c4_Ali_model 00000001800467a4     c4_Ali_model.obj
 0004:000007b0       $pdata$sf_gateway_c4_Ali_model 00000001800467b0     c4_Ali_model.obj
 0004:000007bc       $pdata$c4_sf_marshallOut   00000001800467bc     c4_Ali_model.obj
 0004:000007c8       $pdata$c4_emlrt_marshallIn 00000001800467c8     c4_Ali_model.obj
 0004:000007d4       $pdata$c4_b_emlrt_marshallIn 00000001800467d4     c4_Ali_model.obj
 0004:000007e0       $pdata$c4_sf_marshallIn    00000001800467e0     c4_Ali_model.obj
 0004:000007ec       $pdata$c4_b_sf_marshallOut 00000001800467ec     c4_Ali_model.obj
 0004:000007f8       $pdata$c4_c_sf_marshallOut 00000001800467f8     c4_Ali_model.obj
 0004:00000804       $pdata$c4_c_emlrt_marshallIn 0000000180046804     c4_Ali_model.obj
 0004:00000810       $pdata$c4_b_sf_marshallIn  0000000180046810     c4_Ali_model.obj
 0004:0000081c       $pdata$c4_info_helper      000000018004681c     c4_Ali_model.obj
 0004:00000828       $pdata$c4_emlrt_marshallOut 0000000180046828     c4_Ali_model.obj
 0004:00000834       $pdata$c4_b_emlrt_marshallOut 0000000180046834     c4_Ali_model.obj
 0004:00000840       $pdata$c4_e_emlrt_marshallIn 0000000180046840     c4_Ali_model.obj
 0004:0000084c       $pdata$c4_f_emlrt_marshallIn 000000018004684c     c4_Ali_model.obj
 0004:00000858       $pdata$c4_b_eml_xgemm      0000000180046858     c4_Ali_model.obj
 0004:00000864       $pdata$init_simulink_io_address 0000000180046864     c4_Ali_model.obj
 0004:00000870       $pdata$sf_c4_Ali_model_get_post_codegen_info 0000000180046870     c4_Ali_model.obj
 0004:0000087c       $pdata$sf_c4_Ali_model_get_autoinheritance_info 000000018004687c     c4_Ali_model.obj
 0004:00000888       $pdata$sf_c4_Ali_model_third_party_uses_info 0000000180046888     c4_Ali_model.obj
 0004:00000894       $pdata$sf_c4_Ali_model_jit_fallback_info 0000000180046894     c4_Ali_model.obj
 0004:000008a0       $pdata$sf_c4_Ali_model_updateBuildInfo_args_info 00000001800468a0     c4_Ali_model.obj
 0004:000008ac       $pdata$sf_get_sim_state_info_c4_Ali_model 00000001800468ac     c4_Ali_model.obj
 0004:000008b8       $pdata$chart_debug_initialization 00000001800468b8     c4_Ali_model.obj
 0004:000008c4       $pdata$sf_opaque_initialize_c4_Ali_model 00000001800468c4     c4_Ali_model.obj
 0004:000008d0       $pdata$sf_opaque_enable_c4_Ali_model 00000001800468d0     c4_Ali_model.obj
 0004:000008dc       $pdata$sf_opaque_disable_c4_Ali_model 00000001800468dc     c4_Ali_model.obj
 0004:000008e8       $pdata$sf_opaque_gateway_c4_Ali_model 00000001800468e8     c4_Ali_model.obj
 0004:000008f4       $pdata$sf_opaque_get_sim_state_c4_Ali_model 00000001800468f4     c4_Ali_model.obj
 0004:00000900       $pdata$sf_opaque_set_sim_state_c4_Ali_model 0000000180046900     c4_Ali_model.obj
 0004:0000090c       $pdata$sf_opaque_terminate_c4_Ali_model 000000018004690c     c4_Ali_model.obj
 0004:00000918       $pdata$sf_opaque_init_subchart_simstructs 0000000180046918     c4_Ali_model.obj
 0004:00000924       $pdata$mdlProcessParameters_c4_Ali_model 0000000180046924     c4_Ali_model.obj
 0004:00000930       $pdata$mdlSetWorkWidths_c4_Ali_model 0000000180046930     c4_Ali_model.obj
 0004:0000093c       $pdata$mdlRTW_c4_Ali_model 000000018004693c     c4_Ali_model.obj
 0004:00000948       $pdata$mdlStart_c4_Ali_model 0000000180046948     c4_Ali_model.obj
 0004:00000954       $pdata$mexFunction         0000000180046954     Ali_model_sfun_registry.obj
 0004:00000960       $pdata$_ssSetInputPortDirectFeedThroughFcn 0000000180046960     Ali_model_sfun_registry.obj
 0004:0000096c       $pdata$_ssGetInputPortSignalPtrsFcn 000000018004696c     Ali_model_sfun_registry.obj
 0004:00000978       $pdata$_ssGetInputPortSignalFcn 0000000180046978     Ali_model_sfun_registry.obj
 0004:00000984       $pdata$_ssSetInputPortReusableFcn 0000000180046984     Ali_model_sfun_registry.obj
 0004:00000990       $pdata$_ssSetOutputPortReusableFcn 0000000180046990     Ali_model_sfun_registry.obj
 0004:0000099c       $pdata$ssGetIsZeroCrossControlDisabled 000000018004699c     Ali_model_sfun_registry.obj
 0004:000009a8       $pdata$ssSetIsInputPortUsedForContZcSignal 00000001800469a8     Ali_model_sfun_registry.obj
 0004:000009b4       $pdata$ssSetZcSignalIsZcElementDisc 00000001800469b4     Ali_model_sfun_registry.obj
 0004:000009c0       $pdata$ssSetZcSignalName   00000001800469c0     Ali_model_sfun_registry.obj
 0004:000009cc       $pdata$ssSetZcSignalWidth  00000001800469cc     Ali_model_sfun_registry.obj
 0004:000009d8       $pdata$ssSetZcSignalZcEventType 00000001800469d8     Ali_model_sfun_registry.obj
 0004:000009e4       $pdata$ssSetZcSignalType   00000001800469e4     Ali_model_sfun_registry.obj
 0004:000009f0       $pdata$ssSetZcSignalZcTol  00000001800469f0     Ali_model_sfun_registry.obj
 0004:000009fc       $pdata$ssSetZcSignalNeedsEventNotification 00000001800469fc     Ali_model_sfun_registry.obj
 0004:00000a08       $pdata$ssCreateAndAddZcSignalInfo 0000000180046a08     Ali_model_sfun_registry.obj
 0004:00000a14       $pdata$ssCloneAndAddZcSignalInfo 0000000180046a14     Ali_model_sfun_registry.obj
 0004:00000a20       $pdata$ssGetNumZcSignals   0000000180046a20     Ali_model_sfun_registry.obj
 0004:00000a2c       $pdata$ssGetZcSignalVector 0000000180046a2c     Ali_model_sfun_registry.obj
 0004:00000a38       $pdata$ssGetZcSignalName   0000000180046a38     Ali_model_sfun_registry.obj
 0004:00000a44       $pdata$ssGetZcSignalWidth  0000000180046a44     Ali_model_sfun_registry.obj
 0004:00000a50       $pdata$ssGetZcSignalZcEventType 0000000180046a50     Ali_model_sfun_registry.obj
 0004:00000a5c       $pdata$ssGetZcSignalZcEvents 0000000180046a5c     Ali_model_sfun_registry.obj
 0004:00000a68       $pdata$ssGetZcSignalType   0000000180046a68     Ali_model_sfun_registry.obj
 0004:00000a74       $pdata$ssGetZcSignalZcTol  0000000180046a74     Ali_model_sfun_registry.obj
 0004:00000a80       $pdata$ssGetZcSignalNeedsEventNotification 0000000180046a80     Ali_model_sfun_registry.obj
 0004:00000a8c       $pdata$ssGetZcSignalIsZcElementDisc 0000000180046a8c     Ali_model_sfun_registry.obj
 0004:00000a98       $pdata$ssGetIsInputPortElementContinuous 0000000180046a98     Ali_model_sfun_registry.obj
 0004:00000aa4       $pdata$ssGetDTypeIdFromMxArray 0000000180046aa4     Ali_model_sfun_registry.obj
 0004:00000ab0       $pdata$ssWriteRTWStr       0000000180046ab0     Ali_model_sfun_registry.obj
 0004:00000abc       $pdata$ssWriteRTWNameValuePair 0000000180046abc     Ali_model_sfun_registry.obj
 0004:00000ac8       $pdata$ssWriteRTWParamSettings 0000000180046ac8     Ali_model_sfun_registry.obj
 0004:00000ad4       $pdata$ssWriteRTWParameters 0000000180046ad4     Ali_model_sfun_registry.obj
 0004:00000ae0       $pdata$ssWriteRTWWorkVect  0000000180046ae0     Ali_model_sfun_registry.obj
 0004:00000aec       $pdata$ssWriteRTWMxVectParam 0000000180046aec     Ali_model_sfun_registry.obj
 0004:00000af8       $pdata$ssWriteRTWMx2dMatParam 0000000180046af8     Ali_model_sfun_registry.obj
 0004:00000b04       $pdata$_ssSetInputPortMatrixDimensions 0000000180046b04     Ali_model_sfun_registry.obj
 0004:00000b10       $pdata$_ssSetOutputPortMatrixDimensions 0000000180046b10     Ali_model_sfun_registry.obj
 0004:00000b1c       $pdata$_ssSetInputPortVectorDimension 0000000180046b1c     Ali_model_sfun_registry.obj
 0004:00000b28       $pdata$_ssSetOutputPortVectorDimension 0000000180046b28     Ali_model_sfun_registry.obj
 0004:00000b34       $pdata$ssIsRunTimeParamTunable 0000000180046b34     Ali_model_sfun_registry.obj
 0004:00000b40       $pdata$ssGetSFuncBlockHandle 0000000180046b40     Ali_model_sfun_registry.obj
 0004:00000b4c       $pdata$_ssGetCurrentInputPortWidth 0000000180046b4c     Ali_model_sfun_registry.obj
 0004:00000b58       $pdata$_ssGetCurrentOutputPortWidth 0000000180046b58     Ali_model_sfun_registry.obj
 0004:00000b64       $pdata$_ssGetCallSystemNumFcnCallDestinations 0000000180046b64     Ali_model_sfun_registry.obj
 0004:00000b70       $pdata$ssWarning           0000000180046b70     Ali_model_sfun_registry.obj
 0004:00000b7c       $pdata$_ssGetAbsTol        0000000180046b7c     Ali_model_sfun_registry.obj
 0004:00000b88       $pdata$sf_process_check_sum_call 0000000180046b88     Ali_model_sfun_registry.obj
 0004:00000b94       $pdata$sf_process_machine_uses_exported_functions_call 0000000180046b94     Ali_model_sfun_registry.obj
 0004:00000ba0       $pdata$sf_process_autoinheritance_call 0000000180046ba0     Ali_model_sfun_registry.obj
 0004:00000bac       $pdata$sf_process_get_third_party_uses_info_call 0000000180046bac     Ali_model_sfun_registry.obj
 0004:00000bb8       $pdata$sf_process_get_jit_fallback_info_call 0000000180046bb8     Ali_model_sfun_registry.obj
 0004:00000bc4       $pdata$sf_process_get_updateBuildInfo_args_info_call 0000000180046bc4     Ali_model_sfun_registry.obj
 0004:00000bd0       $pdata$sf_process_get_eml_resolved_functions_info_call 0000000180046bd0     Ali_model_sfun_registry.obj
 0004:00000bdc       $pdata$sf_process_get_post_codegen_info 0000000180046bdc     Ali_model_sfun_registry.obj
 0004:00000be8       $pdata$sf_mex_unlock_call  0000000180046be8     Ali_model_sfun_registry.obj
 0004:00000bf4       $pdata$sf_debug_api_wrapper 0000000180046bf4     Ali_model_sfun_registry.obj
 0004:00000c00       $pdata$ProcessMexSfunctionCmdLineCall 0000000180046c00     Ali_model_sfun_registry.obj
 0004:00000c0c       $pdata$sf_machine_global_initializer_called 0000000180046c0c     Ali_model_sfun_registry.obj
 0004:00000c18       $pdata$sf_machine_global_method_dispatcher 0000000180046c18     Ali_model_sfun_registry.obj
 0004:00000c24       $pdata$sf_machine_global_terminator 0000000180046c24     Ali_model_sfun_registry.obj
 0004:00000c30       $pdata$sf_register_machine_exported_symbols 0000000180046c30     Ali_model_sfun_registry.obj
 0004:00000c3c       $pdata$sf_machine_global_initializer 0000000180046c3c     Ali_model_sfun_registry.obj
 0004:00000c48       $pdata$getChartInfoFromSimStruct 0000000180046c48     Ali_model_sfun_registry.obj
 0004:00000c54       $pdata$mdlGetSimState      0000000180046c54     Ali_model_sfun_registry.obj
 0004:00000c60       $pdata$mdlSetSimState      0000000180046c60     Ali_model_sfun_registry.obj
 0004:00000c6c       $pdata$mdlSetWorkWidths    0000000180046c6c     Ali_model_sfun_registry.obj
 0004:00000c78       $pdata$mdlProcessParameters 0000000180046c78     Ali_model_sfun_registry.obj
 0004:00000c84       $pdata$mdl_start_processing 0000000180046c84     Ali_model_sfun_registry.obj
 0004:00000c90       $pdata$mdl_terminate_processing 0000000180046c90     Ali_model_sfun_registry.obj
 0004:00000c9c       $pdata$mdlStart            0000000180046c9c     Ali_model_sfun_registry.obj
 0004:00000ca8       $pdata$mdlTerminate        0000000180046ca8     Ali_model_sfun_registry.obj
 0004:00000cb4       $pdata$mdlInitializeSizes  0000000180046cb4     Ali_model_sfun_registry.obj
 0004:00000cc0       $pdata$mdlInitializeSampleTimes 0000000180046cc0     Ali_model_sfun_registry.obj
 0004:00000ccc       $pdata$mdl_outputs_continuous_legacy 0000000180046ccc     Ali_model_sfun_registry.obj
 0004:00000cd8       $pdata$mdl_outputs_processing 0000000180046cd8     Ali_model_sfun_registry.obj
 0004:00000ce4       $pdata$mdl_zeroCrossings_processing 0000000180046ce4     Ali_model_sfun_registry.obj
 0004:00000cf0       $pdata$mdlZeroCrossings    0000000180046cf0     Ali_model_sfun_registry.obj
 0004:00000cfc       $pdata$mdl_derivatives_processing 0000000180046cfc     Ali_model_sfun_registry.obj
 0004:00000d08       $pdata$mdlDerivatives      0000000180046d08     Ali_model_sfun_registry.obj
 0004:00000d14       $pdata$mdl_initialize_conditions_processing 0000000180046d14     Ali_model_sfun_registry.obj
 0004:00000d20       $pdata$mdlInitializeConditions 0000000180046d20     Ali_model_sfun_registry.obj
 0004:00000d2c       $pdata$mdl_ext_mode_exec_processing 0000000180046d2c     Ali_model_sfun_registry.obj
 0004:00000d38       $pdata$mdlExtModeExec      0000000180046d38     Ali_model_sfun_registry.obj
 0004:00000d44       $pdata$mdlRTW              0000000180046d44     Ali_model_sfun_registry.obj
 0004:00000d50       $pdata$mdl_enable_processing 0000000180046d50     Ali_model_sfun_registry.obj
 0004:00000d5c       $pdata$mdlEnable           0000000180046d5c     Ali_model_sfun_registry.obj
 0004:00000d68       $pdata$mdl_disable_processing 0000000180046d68     Ali_model_sfun_registry.obj
 0004:00000d74       $pdata$mdlDisable          0000000180046d74     Ali_model_sfun_registry.obj
 0004:00000d80       $pdata$mdlOutputs          0000000180046d80     Ali_model_sfun_registry.obj
 0004:00000d8c       $pdata$ProcessMexSfunctionEveryCall 0000000180046d8c     Ali_model_sfun_registry.obj
 0004:00000d98       $pdata$_RegNumInputPortsCB 0000000180046d98     Ali_model_sfun_registry.obj
 0004:00000da4       $pdata$_RegNumOutputPortsCB 0000000180046da4     Ali_model_sfun_registry.obj
 0004:00000db0       $pdata$_CreateSimStruct    0000000180046db0     Ali_model_sfun_registry.obj
 0004:00000dbc       $pdata$_ssFatalError       0000000180046dbc     Ali_model_sfun_registry.obj
 0004:00000dc8       $pdata$_ProcessMexSfunctionCmdLineCall 0000000180046dc8     Ali_model_sfun_registry.obj
 0004:00000dd4       $pdata$__raise_securityfailure 0000000180046dd4     MSVCRT:gs_report.obj
 0004:00000de0       $pdata$__report_gsfailure  0000000180046de0     MSVCRT:gs_report.obj
 0004:00000dec       $pdata$__report_rangecheckfailure 0000000180046dec     MSVCRT:gs_report.obj
 0004:00000df8       $pdata$__report_securityfailure 0000000180046df8     MSVCRT:gs_report.obj
 0004:00000e04       $pdata$__report_securityfailureEx 0000000180046e04     MSVCRT:gs_report.obj
 0004:00000e10       $pdata$__GSHandlerCheck    0000000180046e10     MSVCRT:gshandler.obj
 0004:00000e1c       $pdata$__GSHandlerCheckCommon 0000000180046e1c     MSVCRT:gshandler.obj
 0004:00000e34       $pdata$pre_c_init          0000000180046e34     MSVCRT:crtdll.obj
 0004:00000e40       $pdata$_CRT_INIT           0000000180046e40     MSVCRT:crtdll.obj
 0004:00000e4c       $pdata$_DllMainCRTStartup  0000000180046e4c     MSVCRT:crtdll.obj
 0004:00000e58       $pdata$__DllMainCRTStartup 0000000180046e58     MSVCRT:crtdll.obj
 0004:00000e64       $pdata$_IsNonwritableInCurrentImage 0000000180046e64     MSVCRT:pesect.obj
 0004:00000e70       $pdata$__atonexitinit      0000000180046e70     MSVCRT:atonexit.obj
 0004:00000e7c       $pdata$_onexit             0000000180046e7c     MSVCRT:atonexit.obj
 0004:00000e88       $pdata$atexit              0000000180046e88     MSVCRT:atonexit.obj
 0004:00000e94       $pdata$__security_init_cookie 0000000180046e94     MSVCRT:gs_support.obj
 0004:00000ea0       $pdata$DllMain             0000000180046ea0     MSVCRT:dllmain.obj
 0004:00000eac       $pdata$_RTC_Initialize     0000000180046eac     MSVCRT:initsect.obj
 0004:00000eb8       $pdata$_RTC_Terminate      0000000180046eb8     MSVCRT:initsect.obj
 0004:00000ec4       $pdata$__DllMainCRTStartup$filt$0 0000000180046ec4     MSVCRT:crtdll.obj
 0004:00000ed0       $pdata$__DllMainCRTStartup$fin$1 0000000180046ed0     MSVCRT:crtdll.obj
 0004:00000edc       $pdata$_IsNonwritableInCurrentImage$filt$0 0000000180046edc     MSVCRT:pesect.obj
 0004:00000ee8       $pdata$_onexit$fin$0       0000000180046ee8     MSVCRT:atonexit.obj
