 test_sfun

 Timestamp is 5629be26 (Fri Oct 23 00:57:10 2015)

 Preferred load address is 0000000180000000

 Start         Length     Name                   Class
 0001:00000000 00019162H .text                   CODE
 0001:00019170 0000007bH .text$x                 CODE
 0002:00000000 00000498H .idata$5                DATA
 0002:00000498 00000008H .CRT$XCA                DATA
 0002:000004a0 00000008H .CRT$XCZ                DATA
 0002:000004a8 00000008H .CRT$XIA                DATA
 0002:000004b0 00000008H .CRT$XIAA               DATA
 0002:000004b8 00000008H .CRT$XIC                DATA
 0002:000004c0 00000008H .CRT$XIZ                DATA
 0002:000004d0 000007d0H .rdata                  DATA
 0002:00000ca0 00000008H .rtc$IAA                DATA
 0002:00000ca8 00000008H .rtc$IZZ                DATA
 0002:00000cb0 00000008H .rtc$TAA                DATA
 0002:00000cb8 00000008H .rtc$TZZ                DATA
 0002:00000cc0 000008ecH .xdata                  DATA
 0002:000015ac 0000008cH .idata$2                DATA
 0002:00001638 00000014H .idata$3                DATA
 0002:00001650 00000498H .idata$4                DATA
 0002:00001ae8 00000ce6H .idata$6                DATA
 0002:000027d0 0000004fH .edata                  DATA
 0003:00000000 00005ef8H .data                   DATA
 0003:00005f00 000006d8H .bss                    DATA
 0004:00000000 00000a80H .pdata                  DATA

  Address         Publics by Value              Rva+Base               Lib:Object

 0000:00000000       ___safe_se_handler_table   0000000000000000     <absolute>
 0000:00000000       ___safe_se_handler_count   0000000000000000     <absolute>
 0000:00000000       __ImageBase                0000000180000000     <linker-defined>
 0001:00000000       test_initializer           0000000180001000 f   test_sfun.obj
 0001:00000010       test_terminator            0000000180001010 f   test_sfun.obj
 0001:00000020       load_test_optimization_info 0000000180001020 f   test_sfun.obj
 0001:00000070       unload_test_optimization_info 0000000180001070 f   test_sfun.obj
 0001:000000a0       sf_test_method_dispatcher  00000001800010a0 f   test_sfun.obj
 0001:00000110       sf_test_uses_exported_functions 0000000180001110 f   test_sfun.obj
 0001:00000150       sf_test_process_check_sum_call 0000000180001150 f   test_sfun.obj
 0001:000007f0       sf_test_autoinheritance_info 00000001800017f0 f   test_sfun.obj
 0001:00000a30       sf_test_get_eml_resolved_functions_info 0000000180001a30 f   test_sfun.obj
 0001:00000be0       sf_test_third_party_uses_info 0000000180001be0 f   test_sfun.obj
 0001:00000de0       sf_test_jit_fallback_info  0000000180001de0 f   test_sfun.obj
 0001:00000fe0       sf_test_updateBuildInfo_args_info 0000000180001fe0 f   test_sfun.obj
 0001:000011e0       sf_test_get_post_codegen_info 00000001800021e0 f   test_sfun.obj
 0001:00001330       test_debug_initialize      0000000180002330 f   test_sfun.obj
 0001:000013b0       test_register_exported_symbols 00000001800023b0 f   test_sfun.obj
 0001:000013c0       sf_c1_test_get_eml_resolved_functions_info 00000001800023c0 f   c1_test.obj
 0001:00001430       sf_c1_test_get_check_sum   0000000180002430 f   c1_test.obj
 0001:00001500       c1_test_method_dispatcher  0000000180002500 f   c1_test.obj
 0001:00009030       sf_c1_test_get_post_codegen_info 000000018000a030 f   c1_test.obj
 0001:00009100       sf_c1_test_get_autoinheritance_info 000000018000a100 f   c1_test.obj
 0001:000096a0       sf_c1_test_third_party_uses_info 000000018000a6a0 f   c1_test.obj
 0001:000096d0       sf_c1_test_jit_fallback_info 000000018000a6d0 f   c1_test.obj
 0001:000097c0       sf_c1_test_updateBuildInfo_args_info 000000018000a7c0 f   c1_test.obj
 0001:0000aef0       sf_c2_test_get_eml_resolved_functions_info 000000018000bef0 f   c2_test.obj
 0001:0000af60       sf_c2_test_get_check_sum   000000018000bf60 f   c2_test.obj
 0001:0000b030       c2_test_method_dispatcher  000000018000c030 f   c2_test.obj
 0001:0000fba0       sf_c2_test_get_post_codegen_info 0000000180010ba0 f   c2_test.obj
 0001:0000fc70       sf_c2_test_get_autoinheritance_info 0000000180010c70 f   c2_test.obj
 0001:000100c0       sf_c2_test_third_party_uses_info 00000001800110c0 f   c2_test.obj
 0001:000100f0       sf_c2_test_jit_fallback_info 00000001800110f0 f   c2_test.obj
 0001:000101e0       sf_c2_test_updateBuildInfo_args_info 00000001800111e0 f   c2_test.obj
 0001:000115b0       mexFunction                00000001800125b0 f   test_sfun_registry.obj
 0001:00012750       _ssSetInputPortDirectFeedThroughFcn 0000000180013750 f   test_sfun_registry.obj
 0001:000128b0       _ssGetInputPortSignalPtrsFcn 00000001800138b0 f   test_sfun_registry.obj
 0001:00012ad0       _ssGetInputPortSignalFcn   0000000180013ad0 f   test_sfun_registry.obj
 0001:00012cf0       _ssSetInputPortReusableFcn 0000000180013cf0 f   test_sfun_registry.obj
 0001:00012dd0       _ssSetOutputPortReusableFcn 0000000180013dd0 f   test_sfun_registry.obj
 0001:00012eb0       ssGetIsZeroCrossControlDisabled 0000000180013eb0 f   test_sfun_registry.obj
 0001:00012f20       ssSetIsInputPortUsedForContZcSignal 0000000180013f20 f   test_sfun_registry.obj
 0001:00012f90       ssSetZcSignalIsZcElementDisc 0000000180013f90 f   test_sfun_registry.obj
 0001:00013040       ssSetZcSignalName          0000000180014040 f   test_sfun_registry.obj
 0001:000130b0       ssSetZcSignalWidth         00000001800140b0 f   test_sfun_registry.obj
 0001:00013120       ssSetZcSignalZcEventType   0000000180014120 f   test_sfun_registry.obj
 0001:00013190       ssSetZcSignalType          0000000180014190 f   test_sfun_registry.obj
 0001:00013200       ssSetZcSignalZcTol         0000000180014200 f   test_sfun_registry.obj
 0001:00013270       ssSetZcSignalNeedsEventNotification 0000000180014270 f   test_sfun_registry.obj
 0001:000132e0       ssCreateAndAddZcSignalInfo 00000001800142e0 f   test_sfun_registry.obj
 0001:00013350       ssCloneAndAddZcSignalInfo  0000000180014350 f   test_sfun_registry.obj
 0001:000133c0       ssGetNumZcSignals          00000001800143c0 f   test_sfun_registry.obj
 0001:00013430       ssGetZcSignalVector        0000000180014430 f   test_sfun_registry.obj
 0001:000134a0       ssGetZcSignalName          00000001800144a0 f   test_sfun_registry.obj
 0001:00013510       ssGetZcSignalWidth         0000000180014510 f   test_sfun_registry.obj
 0001:00013580       ssGetZcSignalZcEventType   0000000180014580 f   test_sfun_registry.obj
 0001:000135f0       ssGetZcSignalZcEvents      00000001800145f0 f   test_sfun_registry.obj
 0001:00013660       ssGetZcSignalType          0000000180014660 f   test_sfun_registry.obj
 0001:000136d0       ssGetZcSignalZcTol         00000001800146d0 f   test_sfun_registry.obj
 0001:00013750       ssGetZcSignalNeedsEventNotification 0000000180014750 f   test_sfun_registry.obj
 0001:000137c0       ssGetZcSignalIsZcElementDisc 00000001800147c0 f   test_sfun_registry.obj
 0001:00013860       ssGetIsInputPortElementContinuous 0000000180014860 f   test_sfun_registry.obj
 0001:00013900       ssGetDTypeIdFromMxArray    0000000180014900 f   test_sfun_registry.obj
 0001:00013a20       ssWriteRTWStr              0000000180014a20 f   test_sfun_registry.obj
 0001:00013a80       ssWriteRTWNameValuePair    0000000180014a80 f   test_sfun_registry.obj
 0001:00013f80       ssWriteRTWParamSettings    0000000180014f80 f   test_sfun_registry.obj
 0001:00014670       ssWriteRTWParameters       0000000180015670 f   test_sfun_registry.obj
 0001:00014c40       ssWriteRTWWorkVect         0000000180015c40 f   test_sfun_registry.obj
 0001:00015130       ssWriteRTWMxVectParam      0000000180016130 f   test_sfun_registry.obj
 0001:000151b0       ssWriteRTWMx2dMatParam     00000001800161b0 f   test_sfun_registry.obj
 0001:00015240       _ssSetInputPortMatrixDimensions 0000000180016240 f   test_sfun_registry.obj
 0001:00015340       _ssSetOutputPortMatrixDimensions 0000000180016340 f   test_sfun_registry.obj
 0001:00015440       _ssSetInputPortVectorDimension 0000000180016440 f   test_sfun_registry.obj
 0001:000154f0       _ssSetOutputPortVectorDimension 00000001800164f0 f   test_sfun_registry.obj
 0001:000155a0       ssIsRunTimeParamTunable    00000001800165a0 f   test_sfun_registry.obj
 0001:00015610       ssGetSFuncBlockHandle      0000000180016610 f   test_sfun_registry.obj
 0001:00015680       _ssGetCurrentInputPortWidth 0000000180016680 f   test_sfun_registry.obj
 0001:000157a0       _ssGetCurrentOutputPortWidth 00000001800167a0 f   test_sfun_registry.obj
 0001:000158c0       _ssGetCallSystemNumFcnCallDestinations 00000001800168c0 f   test_sfun_registry.obj
 0001:00015930       ssWarning                  0000000180016930 f   test_sfun_registry.obj
 0001:00015a20       _ssGetAbsTol               0000000180016a20 f   test_sfun_registry.obj
 0001:00015a90       _ssSetStateAbsTol          0000000180016a90 f   test_sfun_registry.obj
 0001:00015b70       sf_process_check_sum_call  0000000180016b70 f   test_sfun_registry.obj
 0001:00015bc0       sf_process_machine_uses_exported_functions_call 0000000180016bc0 f   test_sfun_registry.obj
 0001:00015d70       sf_process_autoinheritance_call 0000000180016d70 f   test_sfun_registry.obj
 0001:00015fa0       sf_process_get_third_party_uses_info_call 0000000180016fa0 f   test_sfun_registry.obj
 0001:000161d0       sf_process_get_jit_fallback_info_call 00000001800171d0 f   test_sfun_registry.obj
 0001:00016400       sf_process_get_updateBuildInfo_args_info_call 0000000180017400 f   test_sfun_registry.obj
 0001:00016630       sf_process_get_eml_resolved_functions_info_call 0000000180017630 f   test_sfun_registry.obj
 0001:00016830       sf_process_get_post_codegen_info 0000000180017830 f   test_sfun_registry.obj
 0001:000169e0       sf_mex_unlock_call         00000001800179e0 f   test_sfun_registry.obj
 0001:00016cc0       sf_machine_global_initializer_called 0000000180017cc0 f   test_sfun_registry.obj
 0001:00016cf0       sf_machine_global_method_dispatcher 0000000180017cf0 f   test_sfun_registry.obj
 0001:00016d50       sf_machine_global_terminator 0000000180017d50 f   test_sfun_registry.obj
 0001:00016da0       sf_register_machine_exported_symbols 0000000180017da0 f   test_sfun_registry.obj
 0001:00016dc0       callCustomFcn              0000000180017dc0 f   test_sfun_registry.obj
 0001:00016dd0       sf_machine_global_initializer 0000000180017dd0 f   test_sfun_registry.obj
 0001:00016e90       mdlGetSimState             0000000180017e90 f   test_sfun_registry.obj
 0001:00016ed0       mdlSetSimState             0000000180017ed0 f   test_sfun_registry.obj
 0001:000176a0       ProcessMexSfunctionEveryCall 00000001800186a0 f   test_sfun_registry.obj
 0001:00018314       sf_load_rtw_optimization_info 0000000180019314 f   sf_runtime:sf_runtime.dll
 0001:0001831a       sf_debug_initialize_machine 000000018001931a f   sf_runtime:sf_runtime.dll
 0001:00018320       sf_debug_set_machine_event_thresholds 0000000180019320 f   sf_runtime:sf_runtime.dll
 0001:00018326       sf_debug_set_machine_data_thresholds 0000000180019326 f   sf_runtime:sf_runtime.dll
 0001:0001832c       sf_rtw_info_uint_prop      000000018001932c f   sf_runtime:sf_runtime.dll
 0001:00018332       sf_update_buildInfo        0000000180019332 f   sf_runtime:sf_runtime.dll
 0001:00018338       sf_is_chart_inlinable      0000000180019338 f   sf_runtime:sf_runtime.dll
 0001:0001833e       sf_mark_chart_reusable_outputs 000000018001933e f   sf_runtime:sf_runtime.dll
 0001:00018344       sf_mark_chart_expressionable_inputs 0000000180019344 f   sf_runtime:sf_runtime.dll
 0001:0001834a       sim_mode_is_rtw_gen        000000018001934a f   sf_runtime:sf_runtime.dll
 0001:00018350       sim_mode_is_external       0000000180019350 f   sf_runtime:sf_runtime.dll
 0001:00018356       sf_clear_rtw_identifier    0000000180019356 f   sf_runtime:sf_runtime.dll
 0001:0001835c       sf_set_rtw_dwork_info      000000018001935c f   sf_runtime:sf_runtime.dll
 0001:00018362       sf_get_time                0000000180019362 f   sf_runtime:sf_runtime.dll
 0001:00018368       sf_mex_error_message       0000000180019368 f   sf_runtime:sf_runtime.dll
 0001:0001836e       sf_mex_addfield            000000018001936e f   sf_runtime:sf_runtime.dll
 0001:00018374       sf_mex_createstruct        0000000180019374 f   sf_runtime:sf_runtime.dll
 0001:0001837a       sf_mex_create              000000018001937a f   sf_runtime:sf_runtime.dll
 0001:00018380       sf_mex_createcellmatrix    0000000180019380 f   sf_runtime:sf_runtime.dll
 0001:00018386       sf_mex_setcell             0000000180019386 f   sf_runtime:sf_runtime.dll
 0001:0001838c       sf_mex_getcell             000000018001938c f   sf_runtime:sf_runtime.dll
 0001:00018392       sf_mex_assign              0000000180019392 f   sf_runtime:sf_runtime.dll
 0001:00018398       sf_mex_dup                 0000000180019398 f   sf_runtime:sf_runtime.dll
 0001:0001839e       sf_mex_destroy             000000018001939e f   sf_runtime:sf_runtime.dll
 0001:000183a4       sf_mex_import              00000001800193a4 f   sf_runtime:sf_runtime.dll
 0001:000183aa       sf_mex_decode_encoded_mx_struct_array 00000001800193aa f   sf_runtime:sf_runtime.dll
 0001:000183b0       sf_mex_duplicatearraysafe  00000001800193b0 f   sf_runtime:sf_runtime.dll
 0001:000183b6       sf_mex_emlrtNameCapturePostProcessR2012a 00000001800193b6 f   sf_runtime:sf_runtime.dll
 0001:000183bc       ssGetInputPortSignal_wrapper 00000001800193bc f   sf_runtime:sf_runtime.dll
 0001:000183c2       ssGetOutputPortSignal_wrapper 00000001800193c2 f   sf_runtime:sf_runtime.dll
 0001:000183c8       sf_debug_initialize_chart  00000001800193c8 f   sf_runtime:sf_runtime.dll
 0001:000183ce       sf_debug_call              00000001800193ce f   sf_runtime:sf_runtime.dll
 0001:000183d4       eml_debug_line_call        00000001800193d4 f   sf_runtime:sf_runtime.dll
 0001:000183da       cv_eml_eval                00000001800193da f   sf_runtime:sf_runtime.dll
 0001:000183e0       cv_eval_relational         00000001800193e0 f   sf_runtime:sf_runtime.dll
 0001:000183e6       cv_eml_init_script         00000001800193e6 f   sf_runtime:sf_runtime.dll
 0001:000183ec       cv_eml_init_fcn            00000001800193ec f   sf_runtime:sf_runtime.dll
 0001:000183f2       cv_eml_init_if             00000001800193f2 f   sf_runtime:sf_runtime.dll
 0001:000183f8       cv_eml_init_relational     00000001800193f8 f   sf_runtime:sf_runtime.dll
 0001:000183fe       cv_script_eval             00000001800193fe f   sf_runtime:sf_runtime.dll
 0001:00018404       cv_script_init_script      0000000180019404 f   sf_runtime:sf_runtime.dll
 0001:0001840a       cv_script_init_fcn         000000018001940a f   sf_runtime:sf_runtime.dll
 0001:00018410       sf_debug_reset_current_state_configuration 0000000180019410 f   sf_runtime:sf_runtime.dll
 0001:00018416       sf_debug_check_for_state_inconsistency 0000000180019416 f   sf_runtime:sf_runtime.dll
 0001:0001841c       sf_debug_set_chart_data_props 000000018001941c f   sf_runtime:sf_runtime.dll
 0001:00018422       sf_debug_set_chart_data_compiled_props 0000000180019422 f   sf_runtime:sf_runtime.dll
 0001:00018428       sf_debug_symbol_scope_push 0000000180019428 f   sf_runtime:sf_runtime.dll
 0001:0001842e       sf_debug_symbol_scope_push_eml 000000018001942e f   sf_runtime:sf_runtime.dll
 0001:00018434       sf_debug_symbol_scope_pop  0000000180019434 f   sf_runtime:sf_runtime.dll
 0001:0001843a       sf_debug_symbol_scope_add_eml 000000018001943a f   sf_runtime:sf_runtime.dll
 0001:00018440       sf_debug_symbol_scope_add_eml_importable 0000000180019440 f   sf_runtime:sf_runtime.dll
 0001:00018446       sf_debug_set_instance_data_value_ptr 0000000180019446 f   sf_runtime:sf_runtime.dll
 0001:0001844c       sf_debug_set_chart_disable_implicit_casting 000000018001944c f   sf_runtime:sf_runtime.dll
 0001:00018452       sf_debug_set_chart_event_thresholds 0000000180019452 f   sf_runtime:sf_runtime.dll
 0001:00018458       sf_debug_set_chart_state_info 0000000180019458 f   sf_runtime:sf_runtime.dll
 0001:0001845e       sf_debug_set_chart_decomposition 000000018001945e f   sf_runtime:sf_runtime.dll
 0001:00018464       sf_debug_set_chart_substate_count 0000000180019464 f   sf_runtime:sf_runtime.dll
 0001:0001846a       sf_debug_data_range_wrapper 000000018001946a f   sf_runtime:sf_runtime.dll
 0001:00018470       sf_debug_cv_init_trans     0000000180019470 f   sf_runtime:sf_runtime.dll
 0001:00018476       sf_debug_cv_init_chart     0000000180019476 f   sf_runtime:sf_runtime.dll
 0001:0001847c       sf_debug_cv_init_state     000000018001947c f   sf_runtime:sf_runtime.dll
 0001:00018482       sf_debug_get_script_id     0000000180019482 f   sf_runtime:sf_runtime.dll
 0001:00018488       sf_debug_set_script_translation 0000000180019488 f   sf_runtime:sf_runtime.dll
 0001:0001848e       sf_mex_printf              000000018001948e f   sf_runtime:sf_runtime.dll
 0001:00018494       sf_mex_call_debug          0000000180019494 f   sf_runtime:sf_runtime.dll
 0001:0001849a       callMdlMethodAndReportError 000000018001949a f   sf_runtime:sf_runtime.dll
 0001:000184a0       call_sf_machine_global_method_dispatcher 00000001800194a0 f   sf_runtime:sf_runtime.dll
 0001:000184a6       sf_mex_error_direct_call   00000001800194a6 f   sf_runtime:sf_runtime.dll
 0001:000184ac       sf_clear_error_manager_info 00000001800194ac f   sf_runtime:sf_runtime.dll
 0001:000184b2       sf_debug_create_debug_instance_struct 00000001800194b2 f   sf_runtime:sf_runtime.dll
 0001:000184b8       sf_debug_terminate         00000001800194b8 f   sf_runtime:sf_runtime.dll
 0001:000184be       sf_debug_api               00000001800194be f   sf_runtime:sf_runtime.dll
 0001:000184c4       mxIsChar                   00000001800194c4 f   libmx:libmx.dll
 0001:000184ca       mxGetPr                    00000001800194ca f   libmx:libmx.dll
 0001:000184d0       mxGetScalar                00000001800194d0 f   libmx:libmx.dll
 0001:000184d6       mxDestroyArray             00000001800194d6 f   libmx:libmx.dll
 0001:000184dc       mxCreateDoubleMatrix_730   00000001800194dc f   libmx:libmx.dll
 0001:000184e2       mxCreateLogicalScalar      00000001800194e2 f   libmx:libmx.dll
 0001:000184e8       mxGetString_730            00000001800194e8 f   libmx:libmx.dll
 0001:000184ee       mxDuplicateArray           00000001800194ee f   libmx:libmx.dll
 0001:000184f4       mxSetField_730             00000001800194f4 f   libmx:libmx.dll
 0001:000184fa       mxCreateDoubleScalar       00000001800194fa f   libmx:libmx.dll
 0001:00018500       mxCreateString             0000000180019500 f   libmx:libmx.dll
 0001:00018506       mxCreateCellMatrix_730     0000000180019506 f   libmx:libmx.dll
 0001:0001850c       mxCreateCellArray_730      000000018001950c f   libmx:libmx.dll
 0001:00018512       mxCreateStructMatrix_730   0000000180019512 f   libmx:libmx.dll
 0001:00018518       mxCreateStructArray_730    0000000180019518 f   libmx:libmx.dll
 0001:0001851e       mxCalloc                   000000018001951e f   libmx:libmx.dll
 0001:00018524       mxGetM                     0000000180019524 f   libmx:libmx.dll
 0001:0001852a       mxGetClassID               000000018001952a f   libmx:libmx.dll
 0001:00018530       mxIsNumeric                0000000180019530 f   libmx:libmx.dll
 0001:00018536       mxIsComplex                0000000180019536 f   libmx:libmx.dll
 0001:0001853c       mxGetN                     000000018001953c f   libmx:libmx.dll
 0001:00018542       mexMakeArrayPersistent     0000000180019542 f   libmex:libmex.dll
 0001:00018548       mexErrMsgTxt               0000000180019548 f   libmex:libmex.dll
 0001:0001854e       mexWarnMsgTxt              000000018001954e f   libmex:libmex.dll
 0001:00018554       mexCallMATLABWithObject    0000000180019554 f   libmex:libmex.dll
 0001:0001855a       mexLock                    000000018001955a f   libmex:libmex.dll
 0001:00018560       mexUnlock                  0000000180019560 f   libmex:libmex.dll
 0001:00018566       mexIsLocked                0000000180019566 f   libmex:libmex.dll
 0001:0001856c       utMalloc                   000000018001956c f   libut:libut.dll
 0001:00018572       utFree                     0000000180019572 f   libut:libut.dll
 0001:00018578       muDoubleScalarAbs          0000000180019578 f   libmwmathutil:libmwmathutil.dll
 0001:0001857e       muDoubleScalarCos          000000018001957e f   libmwmathutil:libmwmathutil.dll
 0001:00018584       muDoubleScalarSin          0000000180019584 f   libmwmathutil:libmwmathutil.dll
 0001:0001858a       muDoubleScalarAtan2        000000018001958a f   libmwmathutil:libmwmathutil.dll
 0001:00018590       __raise_securityfailure    0000000180019590 f   MSVCRT:gs_report.obj
 0001:000185dc       __report_gsfailure         00000001800195dc f   MSVCRT:gs_report.obj
 0001:000186b0       __report_rangecheckfailure 00000001800196b0 f   MSVCRT:gs_report.obj
 0001:000186c4       __report_securityfailure   00000001800196c4 f   MSVCRT:gs_report.obj
 0001:00018760       __report_securityfailureEx 0000000180019760 f   MSVCRT:gs_report.obj
 0001:0001886e       strcmp                     000000018001986e f   MSVCRT:MSVCR110.dll
 0001:00018874       __GSHandlerCheck           0000000180019874 f   MSVCRT:gshandler.obj
 0001:00018894       __GSHandlerCheckCommon     0000000180019894 f   MSVCRT:gshandler.obj
 0001:00018910       __security_check_cookie    0000000180019910 f   MSVCRT:amdsecgs.obj
 0001:00018930       memset                     0000000180019930 f   MSVCRT:MSVCR110.dll
 0001:00018936       strlen                     0000000180019936 f   MSVCRT:MSVCR110.dll
 0001:0001893c       memcpy                     000000018001993c f   MSVCRT:MSVCR110.dll
 0001:00018942       strcat                     0000000180019942 f   MSVCRT:MSVCR110.dll
 0001:00018948       sprintf                    0000000180019948 f   MSVCRT:MSVCR110.dll
 0001:0001894e       free                       000000018001994e f   MSVCRT:MSVCR110.dll
 0001:00018954       malloc                     0000000180019954 f   MSVCRT:MSVCR110.dll
 0001:000189bc       NtCurrentTeb               00000001800199bc f i MSVCRT:crtdll.obj
 0001:000189c8       _CRT_INIT                  00000001800199c8 f   MSVCRT:crtdll.obj
 0001:00018c14       _DllMainCRTStartup         0000000180019c14 f   MSVCRT:crtdll.obj
 0001:00018d8a       __crt_debugger_hook        0000000180019d8a f   MSVCRT:MSVCR110.dll
 0001:00018d90       __crtUnhandledException    0000000180019d90 f   MSVCRT:MSVCR110.dll
 0001:00018d96       __crtTerminateProcess      0000000180019d96 f   MSVCRT:MSVCR110.dll
 0001:00018d9c       __crtCaptureCurrentContext 0000000180019d9c f   MSVCRT:MSVCR110.dll
 0001:00018da2       __crtCapturePreviousContext 0000000180019da2 f   MSVCRT:MSVCR110.dll
 0001:00018da8       __CppXcptFilter            0000000180019da8 f   MSVCRT:MSVCR110.dll
 0001:00018dae       _amsg_exit                 0000000180019dae f   MSVCRT:MSVCR110.dll
 0001:00018dc0       _FindPESection             0000000180019dc0 f   MSVCRT:pesect.obj
 0001:00018e10       _IsNonwritableInCurrentImage 0000000180019e10 f   MSVCRT:pesect.obj
 0001:00018e60       _ValidateImageBase         0000000180019e60 f   MSVCRT:pesect.obj
 0001:00018e90       __atonexitinit             0000000180019e90 f   MSVCRT:atonexit.obj
 0001:00018ee0       _onexit                    0000000180019ee0 f   MSVCRT:atonexit.obj
 0001:00018f90       atexit                     0000000180019f90 f   MSVCRT:atonexit.obj
 0001:00018fa8       __security_init_cookie     0000000180019fa8 f   MSVCRT:gs_support.obj
 0001:00019054       DllMain                    000000018001a054 f   MSVCRT:dllmain.obj
 0001:00019078       _malloc_crt                000000018001a078 f   MSVCRT:MSVCR110.dll
 0001:00019080       _RTC_Initialize            000000018001a080 f   MSVCRT:initsect.obj
 0001:000190b8       _RTC_Terminate             000000018001a0b8 f   MSVCRT:initsect.obj
 0001:000190f0       _initterm                  000000018001a0f0 f   MSVCRT:MSVCR110.dll
 0001:000190f6       _initterm_e                000000018001a0f6 f   MSVCRT:MSVCR110.dll
 0001:000190fc       __clean_type_info_names    000000018001a0fc f   MSVCRT:tncleanup.obj
 0001:00019108       __C_specific_handler       000000018001a108 f   MSVCRT:MSVCR110.dll
 0001:0001910e       _lock                      000000018001a10e f   MSVCRT:MSVCR110.dll
 0001:00019114       _unlock                    000000018001a114 f   MSVCRT:MSVCR110.dll
 0001:0001911a       _calloc_crt                000000018001a11a f   MSVCRT:MSVCR110.dll
 0001:00019120       __dllonexit                000000018001a120 f   MSVCRT:MSVCR110.dll
 0001:00019126       __clean_type_info_names_internal 000000018001a126 f   MSVCRT:MSVCR110.dll
 0001:0001912c       IsDebuggerPresent          000000018001a12c f   kernel32:KERNEL32.dll
 0001:00019132       IsProcessorFeaturePresent  000000018001a132 f   kernel32:KERNEL32.dll
 0001:00019138       EncodePointer              000000018001a138 f   kernel32:KERNEL32.dll
 0001:0001913e       DecodePointer              000000018001a13e f   kernel32:KERNEL32.dll
 0001:00019144       QueryPerformanceCounter    000000018001a144 f   kernel32:KERNEL32.dll
 0001:0001914a       GetCurrentProcessId        000000018001a14a f   kernel32:KERNEL32.dll
 0001:00019150       GetCurrentThreadId         000000018001a150 f   kernel32:KERNEL32.dll
 0001:00019156       GetSystemTimeAsFileTime    000000018001a156 f   kernel32:KERNEL32.dll
 0001:0001915c       DisableThreadLibraryCalls  000000018001a15c f   kernel32:KERNEL32.dll
 0002:00000000       __imp_DisableThreadLibraryCalls 000000018001b000     kernel32:KERNEL32.dll
 0002:00000008       __imp_GetSystemTimeAsFileTime 000000018001b008     kernel32:KERNEL32.dll
 0002:00000010       __imp_GetCurrentThreadId   000000018001b010     kernel32:KERNEL32.dll
 0002:00000018       __imp_GetCurrentProcessId  000000018001b018     kernel32:KERNEL32.dll
 0002:00000020       __imp_QueryPerformanceCounter 000000018001b020     kernel32:KERNEL32.dll
 0002:00000028       __imp_DecodePointer        000000018001b028     kernel32:KERNEL32.dll
 0002:00000030       __imp_EncodePointer        000000018001b030     kernel32:KERNEL32.dll
 0002:00000038       __imp_IsProcessorFeaturePresent 000000018001b038     kernel32:KERNEL32.dll
 0002:00000040       __imp_IsDebuggerPresent    000000018001b040     kernel32:KERNEL32.dll
 0002:00000048       \177KERNEL32_NULL_THUNK_DATA 000000018001b048     kernel32:KERNEL32.dll
 0002:00000050       __imp___clean_type_info_names_internal 000000018001b050     MSVCRT:MSVCR110.dll
 0002:00000058       __imp__onexit              000000018001b058     MSVCRT:MSVCR110.dll
 0002:00000060       __imp___dllonexit          000000018001b060     MSVCRT:MSVCR110.dll
 0002:00000068       __imp__calloc_crt          000000018001b068     MSVCRT:MSVCR110.dll
 0002:00000070       __imp__unlock              000000018001b070     MSVCRT:MSVCR110.dll
 0002:00000078       __imp__lock                000000018001b078     MSVCRT:MSVCR110.dll
 0002:00000080       __imp___C_specific_handler 000000018001b080     MSVCRT:MSVCR110.dll
 0002:00000088       __imp__initterm_e          000000018001b088     MSVCRT:MSVCR110.dll
 0002:00000090       __imp__initterm            000000018001b090     MSVCRT:MSVCR110.dll
 0002:00000098       __imp__malloc_crt          000000018001b098     MSVCRT:MSVCR110.dll
 0002:000000a0       __imp__amsg_exit           000000018001b0a0     MSVCRT:MSVCR110.dll
 0002:000000a8       __imp___CppXcptFilter      000000018001b0a8     MSVCRT:MSVCR110.dll
 0002:000000b0       __imp___crtCapturePreviousContext 000000018001b0b0     MSVCRT:MSVCR110.dll
 0002:000000b8       __imp___crtCaptureCurrentContext 000000018001b0b8     MSVCRT:MSVCR110.dll
 0002:000000c0       __imp___crtTerminateProcess 000000018001b0c0     MSVCRT:MSVCR110.dll
 0002:000000c8       __imp___crtUnhandledException 000000018001b0c8     MSVCRT:MSVCR110.dll
 0002:000000d0       __imp___crt_debugger_hook  000000018001b0d0     MSVCRT:MSVCR110.dll
 0002:000000d8       __imp_malloc               000000018001b0d8     MSVCRT:MSVCR110.dll
 0002:000000e0       __imp_free                 000000018001b0e0     MSVCRT:MSVCR110.dll
 0002:000000e8       __imp_sprintf              000000018001b0e8     MSVCRT:MSVCR110.dll
 0002:000000f0       __imp_strcat               000000018001b0f0     MSVCRT:MSVCR110.dll
 0002:000000f8       __imp_memcpy               000000018001b0f8     MSVCRT:MSVCR110.dll
 0002:00000100       __imp_strlen               000000018001b100     MSVCRT:MSVCR110.dll
 0002:00000108       __imp_memset               000000018001b108     MSVCRT:MSVCR110.dll
 0002:00000110       __imp_strcmp               000000018001b110     MSVCRT:MSVCR110.dll
 0002:00000118       \177MSVCR110_NULL_THUNK_DATA 000000018001b118     MSVCRT:MSVCR110.dll
 0002:00000120       __imp_mexIsLocked          000000018001b120     libmex:libmex.dll
 0002:00000128       __imp_mexErrMsgTxt         000000018001b128     libmex:libmex.dll
 0002:00000130       __imp_mexWarnMsgTxt        000000018001b130     libmex:libmex.dll
 0002:00000138       __imp_mexCallMATLABWithObject 000000018001b138     libmex:libmex.dll
 0002:00000140       __imp_mexLock              000000018001b140     libmex:libmex.dll
 0002:00000148       __imp_mexMakeArrayPersistent 000000018001b148     libmex:libmex.dll
 0002:00000150       __imp_mexUnlock            000000018001b150     libmex:libmex.dll
 0002:00000158       \177libmex_NULL_THUNK_DATA 000000018001b158     libmex:libmex.dll
 0002:00000160       __imp_muDoubleScalarCos    000000018001b160     libmwmathutil:libmwmathutil.dll
 0002:00000168       __imp_muDoubleScalarSin    000000018001b168     libmwmathutil:libmwmathutil.dll
 0002:00000170       __imp_muDoubleScalarAtan2  000000018001b170     libmwmathutil:libmwmathutil.dll
 0002:00000178       __imp_muDoubleScalarAbs    000000018001b178     libmwmathutil:libmwmathutil.dll
 0002:00000180       \177libmwmathutil_NULL_THUNK_DATA 000000018001b180     libmwmathutil:libmwmathutil.dll
 0002:00000188       __imp_mxGetN               000000018001b188     libmx:libmx.dll
 0002:00000190       __imp_mxIsComplex          000000018001b190     libmx:libmx.dll
 0002:00000198       __imp_mxIsNumeric          000000018001b198     libmx:libmx.dll
 0002:000001a0       __imp_mxGetClassID         000000018001b1a0     libmx:libmx.dll
 0002:000001a8       __imp_mxGetM               000000018001b1a8     libmx:libmx.dll
 0002:000001b0       __imp_mxCalloc             000000018001b1b0     libmx:libmx.dll
 0002:000001b8       __imp_mxCreateStructArray_730 000000018001b1b8     libmx:libmx.dll
 0002:000001c0       __imp_mxCreateStructMatrix_730 000000018001b1c0     libmx:libmx.dll
 0002:000001c8       __imp_mxCreateCellArray_730 000000018001b1c8     libmx:libmx.dll
 0002:000001d0       __imp_mxCreateCellMatrix_730 000000018001b1d0     libmx:libmx.dll
 0002:000001d8       __imp_mxCreateString       000000018001b1d8     libmx:libmx.dll
 0002:000001e0       __imp_mxCreateDoubleScalar 000000018001b1e0     libmx:libmx.dll
 0002:000001e8       __imp_mxSetField_730       000000018001b1e8     libmx:libmx.dll
 0002:000001f0       __imp_mxDuplicateArray     000000018001b1f0     libmx:libmx.dll
 0002:000001f8       __imp_mxGetString_730      000000018001b1f8     libmx:libmx.dll
 0002:00000200       __imp_mxCreateLogicalScalar 000000018001b200     libmx:libmx.dll
 0002:00000208       __imp_mxCreateDoubleMatrix_730 000000018001b208     libmx:libmx.dll
 0002:00000210       __imp_mxDestroyArray       000000018001b210     libmx:libmx.dll
 0002:00000218       __imp_mxGetScalar          000000018001b218     libmx:libmx.dll
 0002:00000220       __imp_mxGetPr              000000018001b220     libmx:libmx.dll
 0002:00000228       __imp_mxIsChar             000000018001b228     libmx:libmx.dll
 0002:00000230       \177libmx_NULL_THUNK_DATA  000000018001b230     libmx:libmx.dll
 0002:00000238       __imp_utMalloc             000000018001b238     libut:libut.dll
 0002:00000240       __imp_utFree               000000018001b240     libut:libut.dll
 0002:00000248       \177libut_NULL_THUNK_DATA  000000018001b248     libut:libut.dll
 0002:00000250       __imp_sf_debug_create_debug_instance_struct 000000018001b250     sf_runtime:sf_runtime.dll
 0002:00000258       __imp_sf_clear_error_manager_info 000000018001b258     sf_runtime:sf_runtime.dll
 0002:00000260       __imp_sf_mex_error_direct_call 000000018001b260     sf_runtime:sf_runtime.dll
 0002:00000268       __imp_call_sf_machine_global_method_dispatcher 000000018001b268     sf_runtime:sf_runtime.dll
 0002:00000270       __imp_callMdlMethodAndReportError 000000018001b270     sf_runtime:sf_runtime.dll
 0002:00000278       __imp_sf_mex_call_debug    000000018001b278     sf_runtime:sf_runtime.dll
 0002:00000280       __imp_sf_mex_printf        000000018001b280     sf_runtime:sf_runtime.dll
 0002:00000288       __imp_sf_debug_set_script_translation 000000018001b288     sf_runtime:sf_runtime.dll
 0002:00000290       __imp_sf_debug_get_script_id 000000018001b290     sf_runtime:sf_runtime.dll
 0002:00000298       __imp_sf_debug_cv_init_state 000000018001b298     sf_runtime:sf_runtime.dll
 0002:000002a0       __imp_sf_debug_cv_init_chart 000000018001b2a0     sf_runtime:sf_runtime.dll
 0002:000002a8       __imp_sf_debug_cv_init_trans 000000018001b2a8     sf_runtime:sf_runtime.dll
 0002:000002b0       __imp_sf_debug_data_range_wrapper 000000018001b2b0     sf_runtime:sf_runtime.dll
 0002:000002b8       __imp_sf_debug_set_chart_substate_count 000000018001b2b8     sf_runtime:sf_runtime.dll
 0002:000002c0       __imp_sf_debug_terminate   000000018001b2c0     sf_runtime:sf_runtime.dll
 0002:000002c8       __imp_sf_debug_set_chart_state_info 000000018001b2c8     sf_runtime:sf_runtime.dll
 0002:000002d0       __imp_sf_debug_set_chart_event_thresholds 000000018001b2d0     sf_runtime:sf_runtime.dll
 0002:000002d8       __imp_sf_debug_set_chart_disable_implicit_casting 000000018001b2d8     sf_runtime:sf_runtime.dll
 0002:000002e0       __imp_sf_debug_set_instance_data_value_ptr 000000018001b2e0     sf_runtime:sf_runtime.dll
 0002:000002e8       __imp_sf_debug_symbol_scope_add_eml_importable 000000018001b2e8     sf_runtime:sf_runtime.dll
 0002:000002f0       __imp_sf_debug_symbol_scope_add_eml 000000018001b2f0     sf_runtime:sf_runtime.dll
 0002:000002f8       __imp_sf_debug_symbol_scope_pop 000000018001b2f8     sf_runtime:sf_runtime.dll
 0002:00000300       __imp_sf_debug_symbol_scope_push_eml 000000018001b300     sf_runtime:sf_runtime.dll
 0002:00000308       __imp_sf_debug_symbol_scope_push 000000018001b308     sf_runtime:sf_runtime.dll
 0002:00000310       __imp_sf_debug_set_chart_data_compiled_props 000000018001b310     sf_runtime:sf_runtime.dll
 0002:00000318       __imp_sf_debug_set_chart_data_props 000000018001b318     sf_runtime:sf_runtime.dll
 0002:00000320       __imp_sf_debug_check_for_state_inconsistency 000000018001b320     sf_runtime:sf_runtime.dll
 0002:00000328       __imp_sf_debug_reset_current_state_configuration 000000018001b328     sf_runtime:sf_runtime.dll
 0002:00000330       __imp_cv_script_init_fcn   000000018001b330     sf_runtime:sf_runtime.dll
 0002:00000338       __imp_sf_debug_set_chart_decomposition 000000018001b338     sf_runtime:sf_runtime.dll
 0002:00000340       __imp_sf_debug_api         000000018001b340     sf_runtime:sf_runtime.dll
 0002:00000348       __imp_cv_script_init_script 000000018001b348     sf_runtime:sf_runtime.dll
 0002:00000350       __imp_cv_script_eval       000000018001b350     sf_runtime:sf_runtime.dll
 0002:00000358       __imp_cv_eml_init_relational 000000018001b358     sf_runtime:sf_runtime.dll
 0002:00000360       __imp_cv_eml_init_if       000000018001b360     sf_runtime:sf_runtime.dll
 0002:00000368       __imp_cv_eml_init_fcn      000000018001b368     sf_runtime:sf_runtime.dll
 0002:00000370       __imp_cv_eml_init_script   000000018001b370     sf_runtime:sf_runtime.dll
 0002:00000378       __imp_cv_eval_relational   000000018001b378     sf_runtime:sf_runtime.dll
 0002:00000380       __imp_cv_eml_eval          000000018001b380     sf_runtime:sf_runtime.dll
 0002:00000388       __imp_eml_debug_line_call  000000018001b388     sf_runtime:sf_runtime.dll
 0002:00000390       __imp_sf_debug_call        000000018001b390     sf_runtime:sf_runtime.dll
 0002:00000398       __imp_sf_debug_initialize_chart 000000018001b398     sf_runtime:sf_runtime.dll
 0002:000003a0       __imp_ssGetOutputPortSignal_wrapper 000000018001b3a0     sf_runtime:sf_runtime.dll
 0002:000003a8       __imp_ssGetInputPortSignal_wrapper 000000018001b3a8     sf_runtime:sf_runtime.dll
 0002:000003b0       __imp_sf_mex_emlrtNameCapturePostProcessR2012a 000000018001b3b0     sf_runtime:sf_runtime.dll
 0002:000003b8       __imp_sf_mex_duplicatearraysafe 000000018001b3b8     sf_runtime:sf_runtime.dll
 0002:000003c0       __imp_sf_mex_decode_encoded_mx_struct_array 000000018001b3c0     sf_runtime:sf_runtime.dll
 0002:000003c8       __imp_sf_mex_import        000000018001b3c8     sf_runtime:sf_runtime.dll
 0002:000003d0       __imp_sf_mex_destroy       000000018001b3d0     sf_runtime:sf_runtime.dll
 0002:000003d8       __imp_sf_mex_dup           000000018001b3d8     sf_runtime:sf_runtime.dll
 0002:000003e0       __imp_sf_mex_assign        000000018001b3e0     sf_runtime:sf_runtime.dll
 0002:000003e8       __imp_sf_mex_getcell       000000018001b3e8     sf_runtime:sf_runtime.dll
 0002:000003f0       __imp_sf_mex_setcell       000000018001b3f0     sf_runtime:sf_runtime.dll
 0002:000003f8       __imp_sf_mex_createcellmatrix 000000018001b3f8     sf_runtime:sf_runtime.dll
 0002:00000400       __imp_sf_mex_create        000000018001b400     sf_runtime:sf_runtime.dll
 0002:00000408       __imp_sf_mex_createstruct  000000018001b408     sf_runtime:sf_runtime.dll
 0002:00000410       __imp_sf_mex_addfield      000000018001b410     sf_runtime:sf_runtime.dll
 0002:00000418       __imp_sf_mex_error_message 000000018001b418     sf_runtime:sf_runtime.dll
 0002:00000420       __imp_sf_get_time          000000018001b420     sf_runtime:sf_runtime.dll
 0002:00000428       __imp_sf_set_rtw_dwork_info 000000018001b428     sf_runtime:sf_runtime.dll
 0002:00000430       __imp_sf_clear_rtw_identifier 000000018001b430     sf_runtime:sf_runtime.dll
 0002:00000438       __imp_sim_mode_is_external 000000018001b438     sf_runtime:sf_runtime.dll
 0002:00000440       __imp_sim_mode_is_rtw_gen  000000018001b440     sf_runtime:sf_runtime.dll
 0002:00000448       __imp_sf_mark_chart_expressionable_inputs 000000018001b448     sf_runtime:sf_runtime.dll
 0002:00000450       __imp_sf_mark_chart_reusable_outputs 000000018001b450     sf_runtime:sf_runtime.dll
 0002:00000458       __imp_sf_is_chart_inlinable 000000018001b458     sf_runtime:sf_runtime.dll
 0002:00000460       __imp_sf_update_buildInfo  000000018001b460     sf_runtime:sf_runtime.dll
 0002:00000468       __imp_sf_rtw_info_uint_prop 000000018001b468     sf_runtime:sf_runtime.dll
 0002:00000470       __imp_sf_debug_set_machine_data_thresholds 000000018001b470     sf_runtime:sf_runtime.dll
 0002:00000478       __imp_sf_debug_set_machine_event_thresholds 000000018001b478     sf_runtime:sf_runtime.dll
 0002:00000480       __imp_sf_debug_initialize_machine 000000018001b480     sf_runtime:sf_runtime.dll
 0002:00000488       __imp_sf_load_rtw_optimization_info 000000018001b488     sf_runtime:sf_runtime.dll
 0002:00000490       \177sf_runtime_NULL_THUNK_DATA 000000018001b490     sf_runtime:sf_runtime.dll
 0002:00000498       __xc_a                     000000018001b498     MSVCRT:cinitexe.obj
 0002:000004a0       __xc_z                     000000018001b4a0     MSVCRT:cinitexe.obj
 0002:000004a8       __xi_a                     000000018001b4a8     MSVCRT:cinitexe.obj
 0002:000004c0       __xi_z                     000000018001b4c0     MSVCRT:cinitexe.obj
 0002:000004d0       __real@41ae173ee6000000    000000018001b4d0     test_sfun.obj
 0002:000004d8       __real@41c537a2b3000000    000000018001b4d8     test_sfun.obj
 0002:000004e0       __real@41d6a601ea000000    000000018001b4e0     test_sfun.obj
 0002:000004e8       __real@41ddae3573400000    000000018001b4e8     test_sfun.obj
 0002:000004f0       __real@41dfad085a400000    000000018001b4f0     test_sfun.obj
 0002:000004f8       __real@41e1914a24400000    000000018001b4f8     test_sfun.obj
 0002:00000500       __real@41e34c0f59c00000    000000018001b500     test_sfun.obj
 0002:00000508       __real@41e57402daa00000    000000018001b508     test_sfun.obj
 0002:00000510       __real@41e6cf0aa2400000    000000018001b510     test_sfun.obj
 0002:00000518       __real@41e88817ee000000    000000018001b518     test_sfun.obj
 0002:00000520       __real@41ea08c70b800000    000000018001b520     test_sfun.obj
 0002:00000528       __real@41ead1319ec00000    000000018001b528     test_sfun.obj
 0002:00000530       __real@41eaef73f6400000    000000018001b530     test_sfun.obj
 0002:00000538       __real@41ec49254aa00000    000000018001b538     test_sfun.obj
 0002:00000540       __real@41ecfe873a000000    000000018001b540     test_sfun.obj
 0002:00000548       __real@41ef0d6d4fc00000    000000018001b548     test_sfun.obj
 0002:00000550       __real@0000000000000000    000000018001b550     c1_test.obj
 0002:00000558       __real@3f847ae147ae147b    000000018001b558     c1_test.obj
 0002:00000560       __real@3fac990d829f820f    000000018001b560     c1_test.obj
 0002:00000568       __real@3fac990d829f8211    000000018001b568     c1_test.obj
 0002:00000570       __real@3fb236d7786d44f3    000000018001b570     c1_test.obj
 0002:00000578       __real@3fb352a843808851    000000018001b578     c1_test.obj
 0002:00000580       __real@3ff0000000000000    000000018001b580     c1_test.obj
 0002:00000588       __real@4000000000000000    000000018001b588     c1_test.obj
 0002:00000590       __real@4010000000000000    000000018001b590     c1_test.obj
 0002:00000598       __real@4014000000000000    000000018001b598     c1_test.obj
 0002:000005a0       __real@4018000000000000    000000018001b5a0     c1_test.obj
 0002:000005a8       __real@4020000000000000    000000018001b5a8     c1_test.obj
 0002:000005b0       __real@4024000000000000    000000018001b5b0     c1_test.obj
 0002:000005b8       __real@4039000000000000    000000018001b5b8     c1_test.obj
 0002:000005c0       __real@4042800000000000    000000018001b5c0     c1_test.obj
 0002:000005c8       __real@4049000000000000    000000018001b5c8     c1_test.obj
 0002:000005d0       __real@405bc00000000000    000000018001b5d0     c1_test.obj
 0002:000005d8       __real@406f400000000000    000000018001b5d8     c1_test.obj
 0002:000005e0       __real@41910739a0000000    000000018001b5e0     c1_test.obj
 0002:000005e8       __real@41a88dca0e000000    000000018001b5e8     c1_test.obj
 0002:000005f0       __real@41e20b264c400000    000000018001b5f0     c1_test.obj
 0002:000005f8       __real@41e93dc8ec400000    000000018001b5f8     c1_test.obj
 0002:00000600       __xmm@80000000000000008000000000000000 000000018001b600     c1_test.obj
 0002:00000610       __real@3ee537e1ace54e3e    000000018001b610     c2_test.obj
 0002:00000618       __real@3ee8df41805c1b10    000000018001b618     c2_test.obj
 0002:00000620       __real@3eed01e4391b6d76    000000018001b620     c2_test.obj
 0002:00000628       __real@3ef0a1e80f99e70a    000000018001b628     c2_test.obj
 0002:00000630       __real@3ff0c152382d7365    000000018001b630     c2_test.obj
 0002:00000638       __real@4185040738000000    000000018001b638     c2_test.obj
 0002:00000640       __real@41ad1a0740000000    000000018001b640     c2_test.obj
 0002:00000648       __real@41d34ae4d3c00000    000000018001b648     c2_test.obj
 0002:00000650       __real@41e0ffe661400000    000000018001b650     c2_test.obj
 0002:00000660       DYNAMIC_DIMENSION_DEF      000000018001b660     test_sfun_registry.obj
 0002:00000680       _ssBadLevel2InputAccessMsg 000000018001b680     test_sfun_registry.obj
 0002:00000810       _ssBadLevel2DirectFeedMsg  000000018001b810     test_sfun_registry.obj
 0002:00000950       _ssBadLevel2DirectFeedSolutionMsg 000000018001b950     test_sfun_registry.obj
 0002:000009c0       _ssBadLevel2ZeroDirectFeedMsg 000000018001b9c0     test_sfun_registry.obj
 0002:00000b00       _ssBadLevel2ZeroDirectFeedMsg2 000000018001bb00     test_sfun_registry.obj
 0002:00000be8       __real@41602cbca0000000    000000018001bbe8     test_sfun_registry.obj
 0002:00000bf0       __real@bff0000000000000    000000018001bbf0     test_sfun_registry.obj
 0002:00000c08       _pDefaultRawDllMain        000000018001bc08     MSVCRT:crtdll.obj
 0002:00000c08       _pRawDllMain               000000018001bc08     MSVCRT:crtdll.obj
 0002:00000c10       ?ProcessDetach@NativeDll@<CrtImplementationDetails>@@0IB 000000018001bc10     MSVCRT:initsect.obj
 0002:00000c14       ?ProcessAttach@NativeDll@<CrtImplementationDetails>@@0IB 000000018001bc14     MSVCRT:initsect.obj
 0002:00000c18       ?ThreadAttach@NativeDll@<CrtImplementationDetails>@@0IB 000000018001bc18     MSVCRT:initsect.obj
 0002:00000c1c       ?ThreadDetach@NativeDll@<CrtImplementationDetails>@@0IB 000000018001bc1c     MSVCRT:initsect.obj
 0002:00000c20       ?ProcessVerifier@NativeDll@<CrtImplementationDetails>@@0IB 000000018001bc20     MSVCRT:initsect.obj
 0002:00000c24       ?value@?$integral_constant@_N$0A@@std@@2_NB 000000018001bc24     MSVCRT:tncleanup.obj
 0002:00000c25       ?value@?$integral_constant@_N$00@std@@2_NB 000000018001bc25     MSVCRT:tncleanup.obj
 0002:00000c28       ?value@?$_Sizeof@U_Nil@std@@U12@U12@U12@U12@U12@U12@U12@@std@@2_KB 000000018001bc28     MSVCRT:tncleanup.obj
 0002:00000c30       _load_config_used          000000018001bc30     MSVCRT:loadcfg.obj
 0002:00000ca0       __rtc_iaa                  000000018001bca0     MSVCRT:initsect.obj
 0002:00000ca8       __rtc_izz                  000000018001bca8     MSVCRT:initsect.obj
 0002:00000cb0       __rtc_taa                  000000018001bcb0     MSVCRT:initsect.obj
 0002:00000cb8       __rtc_tzz                  000000018001bcb8     MSVCRT:initsect.obj
 0002:000015ac       __IMPORT_DESCRIPTOR_sf_runtime 000000018001c5ac     sf_runtime:sf_runtime.dll
 0002:000015c0       __IMPORT_DESCRIPTOR_libmx  000000018001c5c0     libmx:libmx.dll
 0002:000015d4       __IMPORT_DESCRIPTOR_libmex 000000018001c5d4     libmex:libmex.dll
 0002:000015e8       __IMPORT_DESCRIPTOR_libut  000000018001c5e8     libut:libut.dll
 0002:000015fc       __IMPORT_DESCRIPTOR_libmwmathutil 000000018001c5fc     libmwmathutil:libmwmathutil.dll
 0002:00001610       __IMPORT_DESCRIPTOR_MSVCR110 000000018001c610     MSVCRT:MSVCR110.dll
 0002:00001624       __IMPORT_DESCRIPTOR_KERNEL32 000000018001c624     kernel32:KERNEL32.dll
 0002:00001638       __NULL_IMPORT_DESCRIPTOR   000000018001c638     sf_runtime:sf_runtime.dll
 0003:00005228       DYNAMIC_DIMENSION          0000000180023228     test_sfun_registry.obj
 0003:00005ee0       __security_cookie          0000000180023ee0     MSVCRT:gs_cookie.obj
 0003:00005ee8       __security_cookie_complement 0000000180023ee8     MSVCRT:gs_cookie.obj
 0003:00005ef0       _fltused                   0000000180023ef0     MSVCRT:dllsupp.obj
 0003:00005ef4       __native_dllmain_reason    0000000180023ef4     MSVCRT:natstart.obj
 0003:00005f38       sfGlobalDebugInstanceStruct 0000000180023f38     test_sfun_registry.obj
 0003:00006598       ?__type_info_root_node@@3U__type_info_node@@A 0000000180024598     MSVCRT:tncleanup.obj
 0003:000065a8       _testMachineNumber_        00000001800245a8     <common>
 0003:000065b0       __native_startup_lock      00000001800245b0     <common>
 0003:000065b8       __native_startup_state     00000001800245b8     <common>
 0003:000065c0       __onexitend                00000001800245c0     <common>
 0003:000065c8       __onexitbegin              00000001800245c8     <common>
 0003:000065d0       __dyn_tls_init_callback    00000001800245d0     <common>

 entry point at        0001:00018c14

 Static symbols

 0000:00000000       .debug$S                   0000000180000000     kernel32:KERNEL32.dll
 0000:00000000       .debug$S                   0000000180000000     kernel32:KERNEL32.dll
 0000:00000000       .debug$S                   0000000180000000     kernel32:KERNEL32.dll
 0000:00000000       .debug$S                   0000000180000000     kernel32:KERNEL32.dll
 0000:00000000       .debug$S                   0000000180000000     kernel32:KERNEL32.dll
 0000:00000000       .debug$S                   0000000180000000     kernel32:KERNEL32.dll
 0000:00000000       .debug$S                   0000000180000000     kernel32:KERNEL32.dll
 0000:00000000       .debug$S                   0000000180000000     kernel32:KERNEL32.dll
 0000:00000000       .debug$S                   0000000180000000     kernel32:KERNEL32.dll
 0000:00000000       .debug$S                   0000000180000000     sf_runtime:sf_runtime.dll
 0000:00000000       .debug$S                   0000000180000000     MSVCRT:MSVCR110.dll
 0000:00000000       .debug$S                   0000000180000000     MSVCRT:MSVCR110.dll
 0000:00000000       .debug$S                   0000000180000000     MSVCRT:MSVCR110.dll
 0000:00000000       .debug$S                   0000000180000000     MSVCRT:MSVCR110.dll
 0000:00000000       .debug$S                   0000000180000000     MSVCRT:MSVCR110.dll
 0000:00000000       .debug$S                   0000000180000000     MSVCRT:MSVCR110.dll
 0000:00000000       .debug$S                   0000000180000000     MSVCRT:MSVCR110.dll
 0000:00000000       .debug$S                   0000000180000000     MSVCRT:MSVCR110.dll
 0000:00000000       .debug$S                   0000000180000000     MSVCRT:MSVCR110.dll
 0000:00000000       .debug$S                   0000000180000000     MSVCRT:MSVCR110.dll
 0000:00000000       .debug$S                   0000000180000000     MSVCRT:MSVCR110.dll
 0000:00000000       .debug$S                   0000000180000000     MSVCRT:MSVCR110.dll
 0000:00000000       .debug$S                   0000000180000000     MSVCRT:MSVCR110.dll
 0000:00000000       .debug$S                   0000000180000000     MSVCRT:MSVCR110.dll
 0000:00000000       .debug$S                   0000000180000000     MSVCRT:MSVCR110.dll
 0000:00000000       .debug$S                   0000000180000000     MSVCRT:MSVCR110.dll
 0000:00000000       .debug$S                   0000000180000000     MSVCRT:MSVCR110.dll
 0000:00000000       .debug$S                   0000000180000000     MSVCRT:MSVCR110.dll
 0000:00000000       .debug$S                   0000000180000000     MSVCRT:MSVCR110.dll
 0000:00000000       .debug$S                   0000000180000000     MSVCRT:MSVCR110.dll
 0000:00000000       .debug$S                   0000000180000000     MSVCRT:MSVCR110.dll
 0000:00000000       .debug$S                   0000000180000000     MSVCRT:MSVCR110.dll
 0000:00000000       .debug$S                   0000000180000000     MSVCRT:MSVCR110.dll
 0000:00000000       .debug$S                   0000000180000000     MSVCRT:MSVCR110.dll
 0000:00000000       .debug$S                   0000000180000000     MSVCRT:MSVCR110.dll
 0000:00000000       .debug$S                   0000000180000000     sf_runtime:sf_runtime.dll
 0000:00000000       .debug$S                   0000000180000000     sf_runtime:sf_runtime.dll
 0000:00000000       .debug$S                   0000000180000000     sf_runtime:sf_runtime.dll
 0000:00000000       .debug$S                   0000000180000000     sf_runtime:sf_runtime.dll
 0000:00000000       .debug$S                   0000000180000000     sf_runtime:sf_runtime.dll
 0000:00000000       .debug$S                   0000000180000000     sf_runtime:sf_runtime.dll
 0000:00000000       .debug$S                   0000000180000000     sf_runtime:sf_runtime.dll
 0000:00000000       .debug$S                   0000000180000000     sf_runtime:sf_runtime.dll
 0000:00000000       .debug$S                   0000000180000000     sf_runtime:sf_runtime.dll
 0000:00000000       .debug$S                   0000000180000000     sf_runtime:sf_runtime.dll
 0000:00000000       .debug$S                   0000000180000000     sf_runtime:sf_runtime.dll
 0000:00000000       .debug$S                   0000000180000000     sf_runtime:sf_runtime.dll
 0000:00000000       .debug$S                   0000000180000000     sf_runtime:sf_runtime.dll
 0000:00000000       .debug$S                   0000000180000000     sf_runtime:sf_runtime.dll
 0000:00000000       .debug$S                   0000000180000000     sf_runtime:sf_runtime.dll
 0000:00000000       .debug$S                   0000000180000000     sf_runtime:sf_runtime.dll
 0000:00000000       .debug$S                   0000000180000000     sf_runtime:sf_runtime.dll
 0000:00000000       .debug$S                   0000000180000000     sf_runtime:sf_runtime.dll
 0000:00000000       .debug$S                   0000000180000000     sf_runtime:sf_runtime.dll
 0000:00000000       .debug$S                   0000000180000000     sf_runtime:sf_runtime.dll
 0000:00000000       .debug$S                   0000000180000000     sf_runtime:sf_runtime.dll
 0000:00000000       .debug$S                   0000000180000000     sf_runtime:sf_runtime.dll
 0000:00000000       .debug$S                   0000000180000000     sf_runtime:sf_runtime.dll
 0000:00000000       .debug$S                   0000000180000000     sf_runtime:sf_runtime.dll
 0000:00000000       .debug$S                   0000000180000000     sf_runtime:sf_runtime.dll
 0000:00000000       .debug$S                   0000000180000000     sf_runtime:sf_runtime.dll
 0000:00000000       .debug$S                   0000000180000000     sf_runtime:sf_runtime.dll
 0000:00000000       .debug$S                   0000000180000000     sf_runtime:sf_runtime.dll
 0000:00000000       .debug$S                   0000000180000000     sf_runtime:sf_runtime.dll
 0000:00000000       .debug$S                   0000000180000000     sf_runtime:sf_runtime.dll
 0000:00000000       .debug$S                   0000000180000000     sf_runtime:sf_runtime.dll
 0000:00000000       .debug$S                   0000000180000000     libmx:libmx.dll
 0000:00000000       .debug$S                   0000000180000000     sf_runtime:sf_runtime.dll
 0000:00000000       .debug$S                   0000000180000000     libmx:libmx.dll
 0000:00000000       .debug$S                   0000000180000000     sf_runtime:sf_runtime.dll
 0000:00000000       .debug$S                   0000000180000000     libmx:libmx.dll
 0000:00000000       .debug$S                   0000000180000000     libmwmathutil:libmwmathutil.dll
 0000:00000000       .debug$S                   0000000180000000     libmwmathutil:libmwmathutil.dll
 0000:00000000       .debug$S                   0000000180000000     libmwmathutil:libmwmathutil.dll
 0000:00000000       .debug$S                   0000000180000000     libmwmathutil:libmwmathutil.dll
 0000:00000000       .debug$S                   0000000180000000     sf_runtime:sf_runtime.dll
 0000:00000000       .debug$S                   0000000180000000     libut:libut.dll
 0000:00000000       .debug$S                   0000000180000000     libut:libut.dll
 0000:00000000       .debug$S                   0000000180000000     libmx:libmx.dll
 0000:00000000       .debug$S                   0000000180000000     libmex:libmex.dll
 0000:00000000       .debug$S                   0000000180000000     libmex:libmex.dll
 0000:00000000       .debug$S                   0000000180000000     libmex:libmex.dll
 0000:00000000       .debug$S                   0000000180000000     libmex:libmex.dll
 0000:00000000       .debug$S                   0000000180000000     libmex:libmex.dll
 0000:00000000       .debug$S                   0000000180000000     libmex:libmex.dll
 0000:00000000       .debug$S                   0000000180000000     libmex:libmex.dll
 0000:00000000       .debug$S                   0000000180000000     sf_runtime:sf_runtime.dll
 0000:00000000       .debug$S                   0000000180000000     libmx:libmx.dll
 0000:00000000       .debug$S                   0000000180000000     libmx:libmx.dll
 0000:00000000       .debug$S                   0000000180000000     libmx:libmx.dll
 0000:00000000       .debug$S                   0000000180000000     libmx:libmx.dll
 0000:00000000       .debug$S                   0000000180000000     libmx:libmx.dll
 0000:00000000       .debug$S                   0000000180000000     libmx:libmx.dll
 0000:00000000       .debug$S                   0000000180000000     libmx:libmx.dll
 0000:00000000       .debug$S                   0000000180000000     libmx:libmx.dll
 0000:00000000       .debug$S                   0000000180000000     libmx:libmx.dll
 0000:00000000       .debug$S                   0000000180000000     libmx:libmx.dll
 0000:00000000       .debug$S                   0000000180000000     libmx:libmx.dll
 0000:00000000       .debug$S                   0000000180000000     libmx:libmx.dll
 0000:00000000       .debug$S                   0000000180000000     libmx:libmx.dll
 0000:00000000       .debug$S                   0000000180000000     libmx:libmx.dll
 0000:00000000       .debug$S                   0000000180000000     libmx:libmx.dll
 0000:00000000       .debug$S                   0000000180000000     sf_runtime:sf_runtime.dll
 0000:00000000       .debug$S                   0000000180000000     libmx:libmx.dll
 0000:00000000       .debug$S                   0000000180000000     sf_runtime:sf_runtime.dll
 0000:00000000       .debug$S                   0000000180000000     libmx:libmx.dll
 0000:00000000       .debug$S                   0000000180000000     sf_runtime:sf_runtime.dll
 0000:00000000       .debug$S                   0000000180000000     sf_runtime:sf_runtime.dll
 0000:00000000       .debug$S                   0000000180000000     sf_runtime:sf_runtime.dll
 0000:00000000       .debug$S                   0000000180000000     sf_runtime:sf_runtime.dll
 0000:00000000       .debug$S                   0000000180000000     sf_runtime:sf_runtime.dll
 0000:00000000       .debug$S                   0000000180000000     sf_runtime:sf_runtime.dll
 0000:00000000       .debug$S                   0000000180000000     sf_runtime:sf_runtime.dll
 0000:00000000       .debug$S                   0000000180000000     sf_runtime:sf_runtime.dll
 0000:00000000       .debug$S                   0000000180000000     sf_runtime:sf_runtime.dll
 0000:00000000       .debug$S                   0000000180000000     sf_runtime:sf_runtime.dll
 0000:00000000       .debug$S                   0000000180000000     sf_runtime:sf_runtime.dll
 0000:00000000       .debug$S                   0000000180000000     sf_runtime:sf_runtime.dll
 0000:00000000       .debug$S                   0000000180000000     sf_runtime:sf_runtime.dll
 0000:00000000       .debug$S                   0000000180000000     sf_runtime:sf_runtime.dll
 0000:00000000       .debug$S                   0000000180000000     sf_runtime:sf_runtime.dll
 0000:00000000       .debug$S                   0000000180000000     sf_runtime:sf_runtime.dll
 0000:00000000       .debug$S                   0000000180000000     sf_runtime:sf_runtime.dll
 0000:00000000       .debug$S                   0000000180000000     sf_runtime:sf_runtime.dll
 0000:00000000       .debug$S                   0000000180000000     sf_runtime:sf_runtime.dll
 0000:00000000       .debug$S                   0000000180000000     sf_runtime:sf_runtime.dll
 0000:00000000       .debug$S                   0000000180000000     sf_runtime:sf_runtime.dll
 0000:00000000       .debug$S                   0000000180000000     sf_runtime:sf_runtime.dll
 0000:00000000       .debug$S                   0000000180000000     sf_runtime:sf_runtime.dll
 0000:00000000       .debug$S                   0000000180000000     sf_runtime:sf_runtime.dll
 0000:00000000       .debug$S                   0000000180000000     sf_runtime:sf_runtime.dll
 0000:00000000       .debug$S                   0000000180000000     sf_runtime:sf_runtime.dll
 0000:00000000       .debug$S                   0000000180000000     sf_runtime:sf_runtime.dll
 0000:00000000       .debug$S                   0000000180000000     sf_runtime:sf_runtime.dll
 0000:00000000       .debug$S                   0000000180000000     sf_runtime:sf_runtime.dll
 0000:00000000       .debug$S                   0000000180000000     sf_runtime:sf_runtime.dll
 0000:00000000       .debug$S                   0000000180000000     sf_runtime:sf_runtime.dll
 0000:00000000       .debug$S                   0000000180000000     sf_runtime:sf_runtime.dll
 0000:00000000       .debug$S                   0000000180000000     sf_runtime:sf_runtime.dll
 0000:00000000       .debug$S                   0000000180000000     sf_runtime:sf_runtime.dll
 0001:00001570       initialize_c1_test         0000000180002570 f   c1_test.obj
 0001:000015c0       initialize_params_c1_test  00000001800025c0 f   c1_test.obj
 0001:000015d0       enable_c1_test             00000001800025d0 f   c1_test.obj
 0001:00001600       disable_c1_test            0000000180002600 f   c1_test.obj
 0001:00001630       c1_update_debugger_state_c1_test 0000000180002630 f   c1_test.obj
 0001:00001640       get_sim_state_c1_test      0000000180002640 f   c1_test.obj
 0001:00001810       set_sim_state_c1_test      0000000180002810 f   c1_test.obj
 0001:00001920       finalize_c1_test           0000000180002920 f   c1_test.obj
 0001:00001930       sf_gateway_c1_test         0000000180002930 f   c1_test.obj
 0001:00001bc0       c1_chartstep_c1_test       0000000180002bc0 f   c1_test.obj
 0001:00004db0       initSimStructsc1_test      0000000180005db0 f   c1_test.obj
 0001:00004dc0       init_script_number_translation 0000000180005dc0 f   c1_test.obj
 0001:00004e10       c1_sf_marshallOut          0000000180005e10 f   c1_test.obj
 0001:00004f60       c1_emlrt_marshallIn        0000000180005f60 f   c1_test.obj
 0001:00004fd0       c1_b_emlrt_marshallIn      0000000180005fd0 f   c1_test.obj
 0001:000050c0       c1_sf_marshallIn           00000001800060c0 f   c1_test.obj
 0001:000051c0       c1_b_sf_marshallOut        00000001800061c0 f   c1_test.obj
 0001:00005310       c1_c_sf_marshallOut        0000000180006310 f   c1_test.obj
 0001:000053c0       c1_c_emlrt_marshallIn      00000001800063c0 f   c1_test.obj
 0001:00005450       c1_b_sf_marshallIn         0000000180006450 f   c1_test.obj
 0001:000054f0       c1_info_helper             00000001800064f0 f   c1_test.obj
 0001:00008cf0       c1_emlrt_marshallOut       0000000180009cf0 f   c1_test.obj
 0001:00008d80       c1_b_emlrt_marshallOut     0000000180009d80 f   c1_test.obj
 0001:00008df0       c1_power                   0000000180009df0 f   c1_test.obj
 0001:00008e50       c1_eml_scalar_eg           0000000180009e50 f   c1_test.obj
 0001:00008e60       c1_rdivide                 0000000180009e60 f   c1_test.obj
 0001:00008ec0       c1_e_emlrt_marshallIn      0000000180009ec0 f   c1_test.obj
 0001:00008f20       c1_f_emlrt_marshallIn      0000000180009f20 f   c1_test.obj
 0001:00008fb0       init_dsm_address_info      0000000180009fb0 f   c1_test.obj
 0001:00008fc0       init_simulink_io_address   0000000180009fc0 f   c1_test.obj
 0001:000097f0       sf_get_sim_state_info_c1_test 000000018000a7f0 f   c1_test.obj
 0001:000098c0       chart_debug_initialization 000000018000a8c0 f   c1_test.obj
 0001:0000a400       sf_get_instance_specialization 000000018000b400 f   c1_test.obj
 0001:0000a410       sf_opaque_initialize_c1_test 000000018000b410 f   c1_test.obj
 0001:0000a450       sf_opaque_enable_c1_test   000000018000b450 f   c1_test.obj
 0001:0000a470       sf_opaque_disable_c1_test  000000018000b470 f   c1_test.obj
 0001:0000a490       sf_opaque_gateway_c1_test  000000018000b490 f   c1_test.obj
 0001:0000a4b0       sf_opaque_get_sim_state_c1_test 000000018000b4b0 f   c1_test.obj
 0001:0000a500       sf_opaque_set_sim_state_c1_test 000000018000b500 f   c1_test.obj
 0001:0000a550       sf_opaque_terminate_c1_test 000000018000b550 f   c1_test.obj
 0001:0000a5f0       sf_opaque_init_subchart_simstructs 000000018000b5f0 f   c1_test.obj
 0001:0000a610       mdlProcessParameters_c1_test 000000018000b610 f   c1_test.obj
 0001:0000a6f0       mdlSetWorkWidths_c1_test   000000018000b6f0 f   c1_test.obj
 0001:0000ac40       mdlRTW_c1_test             000000018000bc40 f   c1_test.obj
 0001:0000ac80       mdlStart_c1_test           000000018000bc80 f   c1_test.obj
 0001:0000b0a0       initialize_c2_test         000000018000c0a0 f   c2_test.obj
 0001:0000b0f0       initialize_params_c2_test  000000018000c0f0 f   c2_test.obj
 0001:0000b100       enable_c2_test             000000018000c100 f   c2_test.obj
 0001:0000b130       disable_c2_test            000000018000c130 f   c2_test.obj
 0001:0000b160       c2_update_debugger_state_c2_test 000000018000c160 f   c2_test.obj
 0001:0000b170       get_sim_state_c2_test      000000018000c170 f   c2_test.obj
 0001:0000b340       set_sim_state_c2_test      000000018000c340 f   c2_test.obj
 0001:0000b450       finalize_c2_test           000000018000c450 f   c2_test.obj
 0001:0000b460       sf_gateway_c2_test         000000018000c460 f   c2_test.obj
 0001:0000c210       initSimStructsc2_test      000000018000d210 f   c2_test.obj
 0001:0000c220       init_script_number_translation 000000018000d220 f   c2_test.obj
 0001:0000c270       c2_sf_marshallOut          000000018000d270 f   c2_test.obj
 0001:0000c3c0       c2_emlrt_marshallIn        000000018000d3c0 f   c2_test.obj
 0001:0000c430       c2_b_emlrt_marshallIn      000000018000d430 f   c2_test.obj
 0001:0000c520       c2_sf_marshallIn           000000018000d520 f   c2_test.obj
 0001:0000c620       c2_b_sf_marshallOut        000000018000d620 f   c2_test.obj
 0001:0000c6d0       c2_c_emlrt_marshallIn      000000018000d6d0 f   c2_test.obj
 0001:0000c760       c2_b_sf_marshallIn         000000018000d760 f   c2_test.obj
 0001:0000c800       c2_c_sf_marshallOut        000000018000d800 f   c2_test.obj
 0001:0000c8e0       c2_d_emlrt_marshallIn      000000018000d8e0 f   c2_test.obj
 0001:0000c9c0       c2_c_sf_marshallIn         000000018000d9c0 f   c2_test.obj
 0001:0000cab0       c2_info_helper             000000018000dab0 f   c2_test.obj
 0001:0000f8e0       c2_emlrt_marshallOut       00000001800108e0 f   c2_test.obj
 0001:0000f970       c2_b_emlrt_marshallOut     0000000180010970 f   c2_test.obj
 0001:0000f9e0       c2_power                   00000001800109e0 f   c2_test.obj
 0001:0000fa40       c2_eml_scalar_eg           0000000180010a40 f   c2_test.obj
 0001:0000fa50       c2_f_emlrt_marshallIn      0000000180010a50 f   c2_test.obj
 0001:0000fab0       c2_g_emlrt_marshallIn      0000000180010ab0 f   c2_test.obj
 0001:0000fb40       init_dsm_address_info      0000000180010b40 f   c2_test.obj
 0001:0000fb50       init_simulink_io_address   0000000180010b50 f   c2_test.obj
 0001:00010210       sf_get_sim_state_info_c2_test 0000000180011210 f   c2_test.obj
 0001:000102e0       chart_debug_initialization 00000001800112e0 f   c2_test.obj
 0001:00010b00       sf_get_instance_specialization 0000000180011b00 f   c2_test.obj
 0001:00010b10       sf_opaque_initialize_c2_test 0000000180011b10 f   c2_test.obj
 0001:00010b50       sf_opaque_enable_c2_test   0000000180011b50 f   c2_test.obj
 0001:00010b70       sf_opaque_disable_c2_test  0000000180011b70 f   c2_test.obj
 0001:00010b90       sf_opaque_gateway_c2_test  0000000180011b90 f   c2_test.obj
 0001:00010bb0       sf_opaque_get_sim_state_c2_test 0000000180011bb0 f   c2_test.obj
 0001:00010c00       sf_opaque_set_sim_state_c2_test 0000000180011c00 f   c2_test.obj
 0001:00010c50       sf_opaque_terminate_c2_test 0000000180011c50 f   c2_test.obj
 0001:00010cf0       sf_opaque_init_subchart_simstructs 0000000180011cf0 f   c2_test.obj
 0001:00010d10       mdlProcessParameters_c2_test 0000000180011d10 f   c2_test.obj
 0001:00010df0       mdlSetWorkWidths_c2_test   0000000180011df0 f   c2_test.obj
 0001:00011300       mdlRTW_c2_test             0000000180012300 f   c2_test.obj
 0001:00011340       mdlStart_c2_test           0000000180012340 f   c2_test.obj
 0001:00012694       $LN107                     0000000180013694     test_sfun_registry.obj
 0001:000139c4       $LN17                      00000001800149c4     test_sfun_registry.obj
 0001:00013f4c       $LN26                      0000000180014f4c     test_sfun_registry.obj
 0001:00014634       $LN23                      0000000180015634     test_sfun_registry.obj
 0001:00014c10       $LN26                      0000000180015c10     test_sfun_registry.obj
 0001:00016ad0       sf_debug_api_wrapper       0000000180017ad0 f   test_sfun_registry.obj
 0001:00016b20       ProcessMexSfunctionCmdLineCall 0000000180017b20 f   test_sfun_registry.obj
 0001:00016e50       getChartInfoFromSimStruct  0000000180017e50 f   test_sfun_registry.obj
 0001:00016f10       mdlSetWorkWidths           0000000180017f10 f   test_sfun_registry.obj
 0001:00016f40       mdlProcessParameters       0000000180017f40 f   test_sfun_registry.obj
 0001:00016f70       mdl_start_processing       0000000180017f70 f   test_sfun_registry.obj
 0001:00017030       mdl_terminate_processing   0000000180018030 f   test_sfun_registry.obj
 0001:000170b0       mdlStart                   00000001800180b0 f   test_sfun_registry.obj
 0001:000170e0       mdlTerminate               00000001800180e0 f   test_sfun_registry.obj
 0001:00017110       mdlInitializeSizes         0000000180018110 f   test_sfun_registry.obj
 0001:00017140       mdlInitializeSampleTimes   0000000180018140 f   test_sfun_registry.obj
 0001:00017170       mdl_outputs_continuous_legacy 0000000180018170 f   test_sfun_registry.obj
 0001:00017270       mdl_outputs_processing     0000000180018270 f   test_sfun_registry.obj
 0001:00017370       mdl_zeroCrossings_processing 0000000180018370 f   test_sfun_registry.obj
 0001:000173b0       mdlZeroCrossings           00000001800183b0 f   test_sfun_registry.obj
 0001:000173e0       mdl_derivatives_processing 00000001800183e0 f   test_sfun_registry.obj
 0001:00017430       mdlDerivatives             0000000180018430 f   test_sfun_registry.obj
 0001:00017460       mdl_initialize_conditions_processing 0000000180018460 f   test_sfun_registry.obj
 0001:000174b0       mdlInitializeConditions    00000001800184b0 f   test_sfun_registry.obj
 0001:000174e0       mdl_ext_mode_exec_processing 00000001800184e0 f   test_sfun_registry.obj
 0001:00017520       mdlExtModeExec             0000000180018520 f   test_sfun_registry.obj
 0001:00017550       mdlRTW                     0000000180018550 f   test_sfun_registry.obj
 0001:00017590       mdl_enable_processing      0000000180018590 f   test_sfun_registry.obj
 0001:000175d0       mdlEnable                  00000001800185d0 f   test_sfun_registry.obj
 0001:00017600       mdl_disable_processing     0000000180018600 f   test_sfun_registry.obj
 0001:00017640       mdlDisable                 0000000180018640 f   test_sfun_registry.obj
 0001:00017670       mdlOutputs                 0000000180018670 f   test_sfun_registry.obj
 0001:00017840       mdlGetTimeOfNextVarHit     0000000180018840 f   test_sfun_registry.obj
 0001:00017890       _RegNumInputPortsCB        0000000180018890 f   test_sfun_registry.obj
 0001:00017910       _RegNumOutputPortsCB       0000000180018910 f   test_sfun_registry.obj
 0001:00017990       _CreateSimStruct           0000000180018990 f   test_sfun_registry.obj
 0001:00017b20       _ssFatalError              0000000180018b20 f   test_sfun_registry.obj
 0001:00017bd0       _ProcessMexSfunctionCmdLineCall 0000000180018bd0 f   test_sfun_registry.obj
 0001:00018900       $$000000                   0000000180019900     MSVCRT:amdsecgs.obj
 0001:0001895c       pre_c_init                 000000018001995c f   MSVCRT:crtdll.obj
 0001:00018c54       __DllMainCRTStartup        0000000180019c54 f   MSVCRT:crtdll.obj
 0001:00019170       __DllMainCRTStartup$filt$0 000000018001a170 f   MSVCRT:crtdll.obj
 0001:00019195       __DllMainCRTStartup$fin$1  000000018001a195 f   MSVCRT:crtdll.obj
 0001:000191b0       _IsNonwritableInCurrentImage$filt$0 000000018001a1b0 f   MSVCRT:pesect.obj
 0001:000191d0       _onexit$fin$0              000000018001a1d0 f   MSVCRT:atonexit.obj
 0002:000004b0       pcinit                     000000018001b4b0     MSVCRT:crtdll.obj
 0002:000004b8       pinit                      000000018001b4b8     MSVCRT:atonexit.obj
 0002:00000bf8       GS_ExceptionPointers       000000018001bbf8     MSVCRT:gs_report.obj
 0002:00000cc0       $unwind$load_test_optimization_info 000000018001bcc0     test_sfun.obj
 0002:00000cc8       $unwind$unload_test_optimization_info 000000018001bcc8     test_sfun.obj
 0002:00000cd0       $unwind$sf_test_method_dispatcher 000000018001bcd0     test_sfun.obj
 0002:00000cd8       $unwind$sf_test_uses_exported_functions 000000018001bcd8     test_sfun.obj
 0002:00000ce0       $unwind$sf_test_process_check_sum_call 000000018001bce0     test_sfun.obj
 0002:00000cf0       $unwind$sf_test_autoinheritance_info 000000018001bcf0     test_sfun.obj
 0002:00000d00       $unwind$sf_test_get_eml_resolved_functions_info 000000018001bd00     test_sfun.obj
 0002:00000d10       $unwind$sf_test_third_party_uses_info 000000018001bd10     test_sfun.obj
 0002:00000d20       $unwind$sf_test_jit_fallback_info 000000018001bd20     test_sfun.obj
 0002:00000d30       $unwind$sf_test_updateBuildInfo_args_info 000000018001bd30     test_sfun.obj
 0002:00000d40       $unwind$sf_test_get_post_codegen_info 000000018001bd40     test_sfun.obj
 0002:00000d50       $unwind$test_debug_initialize 000000018001bd50     test_sfun.obj
 0002:00000d58       $unwind$sf_c1_test_get_eml_resolved_functions_info 000000018001bd58     c1_test.obj
 0002:00000d60       $unwind$sf_c1_test_get_check_sum 000000018001bd60     c1_test.obj
 0002:00000d68       $unwind$c1_test_method_dispatcher 000000018001bd68     c1_test.obj
 0002:00000d70       $unwind$initialize_c1_test 000000018001bd70     c1_test.obj
 0002:00000d78       $unwind$enable_c1_test     000000018001bd78     c1_test.obj
 0002:00000d80       $unwind$disable_c1_test    000000018001bd80     c1_test.obj
 0002:00000d88       $unwind$get_sim_state_c1_test 000000018001bd88     c1_test.obj
 0002:00000d98       $unwind$set_sim_state_c1_test 000000018001bd98     c1_test.obj
 0002:00000da8       $unwind$sf_gateway_c1_test 000000018001bda8     c1_test.obj
 0002:00000db0       $unwind$c1_chartstep_c1_test 000000018001bdb0     c1_test.obj
 0002:00000dc0       $unwind$init_script_number_translation 000000018001bdc0     c1_test.obj
 0002:00000dc8       $unwind$c1_sf_marshallOut  000000018001bdc8     c1_test.obj
 0002:00000dd8       $unwind$c1_emlrt_marshallIn 000000018001bdd8     c1_test.obj
 0002:00000de0       $unwind$c1_b_emlrt_marshallIn 000000018001bde0     c1_test.obj
 0002:00000df0       $unwind$c1_sf_marshallIn   000000018001bdf0     c1_test.obj
 0002:00000e00       $unwind$c1_b_sf_marshallOut 000000018001be00     c1_test.obj
 0002:00000e10       $unwind$c1_c_sf_marshallOut 000000018001be10     c1_test.obj
 0002:00000e18       $unwind$c1_c_emlrt_marshallIn 000000018001be18     c1_test.obj
 0002:00000e20       $unwind$c1_b_sf_marshallIn 000000018001be20     c1_test.obj
 0002:00000e28       $unwind$c1_info_helper     000000018001be28     c1_test.obj
 0002:00000e30       $unwind$c1_emlrt_marshallOut 000000018001be30     c1_test.obj
 0002:00000e38       $unwind$c1_b_emlrt_marshallOut 000000018001be38     c1_test.obj
 0002:00000e40       $unwind$c1_power           000000018001be40     c1_test.obj
 0002:00000e48       $unwind$c1_rdivide         000000018001be48     c1_test.obj
 0002:00000e50       $unwind$c1_e_emlrt_marshallIn 000000018001be50     c1_test.obj
 0002:00000e58       $unwind$c1_f_emlrt_marshallIn 000000018001be58     c1_test.obj
 0002:00000e60       $unwind$init_simulink_io_address 000000018001be60     c1_test.obj
 0002:00000e68       $unwind$sf_c1_test_get_post_codegen_info 000000018001be68     c1_test.obj
 0002:00000e70       $unwind$sf_c1_test_get_autoinheritance_info 000000018001be70     c1_test.obj
 0002:00000e78       $unwind$sf_c1_test_third_party_uses_info 000000018001be78     c1_test.obj
 0002:00000e80       $unwind$sf_c1_test_jit_fallback_info 000000018001be80     c1_test.obj
 0002:00000e88       $unwind$sf_c1_test_updateBuildInfo_args_info 000000018001be88     c1_test.obj
 0002:00000e90       $unwind$sf_get_sim_state_info_c1_test 000000018001be90     c1_test.obj
 0002:00000e98       $unwind$chart_debug_initialization 000000018001be98     c1_test.obj
 0002:00000ea0       $unwind$sf_opaque_initialize_c1_test 000000018001bea0     c1_test.obj
 0002:00000ea8       $unwind$sf_opaque_enable_c1_test 000000018001bea8     c1_test.obj
 0002:00000eb0       $unwind$sf_opaque_disable_c1_test 000000018001beb0     c1_test.obj
 0002:00000eb8       $unwind$sf_opaque_gateway_c1_test 000000018001beb8     c1_test.obj
 0002:00000ec0       $unwind$sf_opaque_get_sim_state_c1_test 000000018001bec0     c1_test.obj
 0002:00000ec8       $unwind$sf_opaque_set_sim_state_c1_test 000000018001bec8     c1_test.obj
 0002:00000ed0       $unwind$sf_opaque_terminate_c1_test 000000018001bed0     c1_test.obj
 0002:00000ed8       $unwind$sf_opaque_init_subchart_simstructs 000000018001bed8     c1_test.obj
 0002:00000ee0       $unwind$mdlProcessParameters_c1_test 000000018001bee0     c1_test.obj
 0002:00000ee8       $unwind$mdlSetWorkWidths_c1_test 000000018001bee8     c1_test.obj
 0002:00000ef0       $unwind$mdlRTW_c1_test     000000018001bef0     c1_test.obj
 0002:00000ef8       $unwind$mdlStart_c1_test   000000018001bef8     c1_test.obj
 0002:00000f00       $unwind$sf_c2_test_get_eml_resolved_functions_info 000000018001bf00     c2_test.obj
 0002:00000f08       $unwind$sf_c2_test_get_check_sum 000000018001bf08     c2_test.obj
 0002:00000f10       $unwind$c2_test_method_dispatcher 000000018001bf10     c2_test.obj
 0002:00000f18       $unwind$initialize_c2_test 000000018001bf18     c2_test.obj
 0002:00000f20       $unwind$enable_c2_test     000000018001bf20     c2_test.obj
 0002:00000f28       $unwind$disable_c2_test    000000018001bf28     c2_test.obj
 0002:00000f30       $unwind$get_sim_state_c2_test 000000018001bf30     c2_test.obj
 0002:00000f40       $unwind$set_sim_state_c2_test 000000018001bf40     c2_test.obj
 0002:00000f50       $unwind$sf_gateway_c2_test 000000018001bf50     c2_test.obj
 0002:00000f64       $unwind$init_script_number_translation 000000018001bf64     c2_test.obj
 0002:00000f6c       $unwind$c2_sf_marshallOut  000000018001bf6c     c2_test.obj
 0002:00000f7c       $unwind$c2_emlrt_marshallIn 000000018001bf7c     c2_test.obj
 0002:00000f84       $unwind$c2_b_emlrt_marshallIn 000000018001bf84     c2_test.obj
 0002:00000f94       $unwind$c2_sf_marshallIn   000000018001bf94     c2_test.obj
 0002:00000fa4       $unwind$c2_b_sf_marshallOut 000000018001bfa4     c2_test.obj
 0002:00000fac       $unwind$c2_c_emlrt_marshallIn 000000018001bfac     c2_test.obj
 0002:00000fb4       $unwind$c2_b_sf_marshallIn 000000018001bfb4     c2_test.obj
 0002:00000fbc       $unwind$c2_c_sf_marshallOut 000000018001bfbc     c2_test.obj
 0002:00000fd0       $unwind$c2_d_emlrt_marshallIn 000000018001bfd0     c2_test.obj
 0002:00000fe4       $unwind$c2_c_sf_marshallIn 000000018001bfe4     c2_test.obj
 0002:00000ff8       $unwind$c2_info_helper     000000018001bff8     c2_test.obj
 0002:00001000       $unwind$c2_emlrt_marshallOut 000000018001c000     c2_test.obj
 0002:00001008       $unwind$c2_b_emlrt_marshallOut 000000018001c008     c2_test.obj
 0002:00001010       $unwind$c2_power           000000018001c010     c2_test.obj
[...]
 0004:00000054       $pdata$sf_test_third_party_uses_info 0000000180025054     test_sfun.obj
 0004:00000060       $pdata$sf_test_jit_fallback_info 0000000180025060     test_sfun.obj
 0004:0000006c       $pdata$sf_test_updateBuildInfo_args_info 000000018002506c     test_sfun.obj
 0004:00000078       $pdata$sf_test_get_post_codegen_info 0000000180025078     test_sfun.obj
 0004:00000084       $pdata$test_debug_initialize 0000000180025084     test_sfun.obj
 0004:00000090       $pdata$sf_c1_test_get_eml_resolved_functions_info 0000000180025090     c1_test.obj
 0004:0000009c       $pdata$sf_c1_test_get_check_sum 000000018002509c     c1_test.obj
 0004:000000a8       $pdata$c1_test_method_dispatcher 00000001800250a8     c1_test.obj
 0004:000000b4       $pdata$initialize_c1_test  00000001800250b4     c1_test.obj
 0004:000000c0       $pdata$enable_c1_test      00000001800250c0     c1_test.obj
 0004:000000cc       $pdata$disable_c1_test     00000001800250cc     c1_test.obj
 0004:000000d8       $pdata$get_sim_state_c1_test 00000001800250d8     c1_test.obj
 0004:000000e4       $pdata$set_sim_state_c1_test 00000001800250e4     c1_test.obj
 0004:000000f0       $pdata$sf_gateway_c1_test  00000001800250f0     c1_test.obj
 0004:000000fc       $pdata$c1_chartstep_c1_test 00000001800250fc     c1_test.obj
 0004:00000108       $pdata$init_script_number_translation 0000000180025108     c1_test.obj
 0004:00000114       $pdata$c1_sf_marshallOut   0000000180025114     c1_test.obj
 0004:00000120       $pdata$c1_emlrt_marshallIn 0000000180025120     c1_test.obj
 0004:0000012c       $pdata$c1_b_emlrt_marshallIn 000000018002512c     c1_test.obj
 0004:00000138       $pdata$c1_sf_marshallIn    0000000180025138     c1_test.obj
 0004:00000144       $pdata$c1_b_sf_marshallOut 0000000180025144     c1_test.obj
 0004:00000150       $pdata$c1_c_sf_marshallOut 0000000180025150     c1_test.obj
 0004:0000015c       $pdata$c1_c_emlrt_marshallIn 000000018002515c     c1_test.obj
 0004:00000168       $pdata$c1_b_sf_marshallIn  0000000180025168     c1_test.obj
 0004:00000174       $pdata$c1_info_helper      0000000180025174     c1_test.obj
 0004:00000180       $pdata$c1_emlrt_marshallOut 0000000180025180     c1_test.obj
 0004:0000018c       $pdata$c1_b_emlrt_marshallOut 000000018002518c     c1_test.obj
 0004:00000198       $pdata$c1_power            0000000180025198     c1_test.obj
 0004:000001a4       $pdata$c1_rdivide          00000001800251a4     c1_test.obj
 0004:000001b0       $pdata$c1_e_emlrt_marshallIn 00000001800251b0     c1_test.obj
 0004:000001bc       $pdata$c1_f_emlrt_marshallIn 00000001800251bc     c1_test.obj
 0004:000001c8       $pdata$init_simulink_io_address 00000001800251c8     c1_test.obj
 0004:000001d4       $pdata$sf_c1_test_get_post_codegen_info 00000001800251d4     c1_test.obj
 0004:000001e0       $pdata$sf_c1_test_get_autoinheritance_info 00000001800251e0     c1_test.obj
 0004:000001ec       $pdata$sf_c1_test_third_party_uses_info 00000001800251ec     c1_test.obj
 0004:000001f8       $pdata$sf_c1_test_jit_fallback_info 00000001800251f8     c1_test.obj
 0004:00000204       $pdata$sf_c1_test_updateBuildInfo_args_info 0000000180025204     c1_test.obj
 0004:00000210       $pdata$sf_get_sim_state_info_c1_test 0000000180025210     c1_test.obj
 0004:0000021c       $pdata$chart_debug_initialization 000000018002521c     c1_test.obj
 0004:00000228       $pdata$sf_opaque_initialize_c1_test 0000000180025228     c1_test.obj
 0004:00000234       $pdata$sf_opaque_enable_c1_test 0000000180025234     c1_test.obj
 0004:00000240       $pdata$sf_opaque_disable_c1_test 0000000180025240     c1_test.obj
 0004:0000024c       $pdata$sf_opaque_gateway_c1_test 000000018002524c     c1_test.obj
 0004:00000258       $pdata$sf_opaque_get_sim_state_c1_test 0000000180025258     c1_test.obj
 0004:00000264       $pdata$sf_opaque_set_sim_state_c1_test 0000000180025264     c1_test.obj
 0004:00000270       $pdata$sf_opaque_terminate_c1_test 0000000180025270     c1_test.obj
 0004:0000027c       $pdata$sf_opaque_init_subchart_simstructs 000000018002527c     c1_test.obj
 0004:00000288       $pdata$mdlProcessParameters_c1_test 0000000180025288     c1_test.obj
 0004:00000294       $pdata$mdlSetWorkWidths_c1_test 0000000180025294     c1_test.obj
 0004:000002a0       $pdata$mdlRTW_c1_test      00000001800252a0     c1_test.obj
 0004:000002ac       $pdata$mdlStart_c1_test    00000001800252ac     c1_test.obj
 0004:000002b8       $pdata$sf_c2_test_get_eml_resolved_functions_info 00000001800252b8     c2_test.obj
 0004:000002c4       $pdata$sf_c2_test_get_check_sum 00000001800252c4     c2_test.obj
 0004:000002d0       $pdata$c2_test_method_dispatcher 00000001800252d0     c2_test.obj
 0004:000002dc       $pdata$initialize_c2_test  00000001800252dc     c2_test.obj
 0004:000002e8       $pdata$enable_c2_test      00000001800252e8     c2_test.obj
 0004:000002f4       $pdata$disable_c2_test     00000001800252f4     c2_test.obj
 0004:00000300       $pdata$get_sim_state_c2_test 0000000180025300     c2_test.obj
 0004:0000030c       $pdata$set_sim_state_c2_test 000000018002530c     c2_test.obj
 0004:00000318       $pdata$sf_gateway_c2_test  0000000180025318     c2_test.obj
 0004:00000324       $pdata$init_script_number_translation 0000000180025324     c2_test.obj
 0004:00000330       $pdata$c2_sf_marshallOut   0000000180025330     c2_test.obj
 0004:0000033c       $pdata$c2_emlrt_marshallIn 000000018002533c     c2_test.obj
 0004:00000348       $pdata$c2_b_emlrt_marshallIn 0000000180025348     c2_test.obj
 0004:00000354       $pdata$c2_sf_marshallIn    0000000180025354     c2_test.obj
 0004:00000360       $pdata$c2_b_sf_marshallOut 0000000180025360     c2_test.obj
 0004:0000036c       $pdata$c2_c_emlrt_marshallIn 000000018002536c     c2_test.obj
 0004:00000378       $pdata$c2_b_sf_marshallIn  0000000180025378     c2_test.obj
 0004:00000384       $pdata$c2_c_sf_marshallOut 0000000180025384     c2_test.obj
 0004:00000390       $pdata$c2_d_emlrt_marshallIn 0000000180025390     c2_test.obj
 0004:0000039c       $pdata$c2_c_sf_marshallIn  000000018002539c     c2_test.obj
 0004:000003a8       $pdata$c2_info_helper      00000001800253a8     c2_test.obj
 0004:000003b4       $pdata$c2_emlrt_marshallOut 00000001800253b4     c2_test.obj
 0004:000003c0       $pdata$c2_b_emlrt_marshallOut 00000001800253c0     c2_test.obj
 0004:000003cc       $pdata$c2_power            00000001800253cc     c2_test.obj
 0004:000003d8       $pdata$c2_f_emlrt_marshallIn 00000001800253d8     c2_test.obj
 0004:000003e4       $pdata$c2_g_emlrt_marshallIn 00000001800253e4     c2_test.obj
 0004:000003f0       $pdata$init_simulink_io_address 00000001800253f0     c2_test.obj
 0004:000003fc       $pdata$sf_c2_test_get_post_codegen_info 00000001800253fc     c2_test.obj
 0004:00000408       $pdata$sf_c2_test_get_autoinheritance_info 0000000180025408     c2_test.obj
 0004:00000414       $pdata$sf_c2_test_third_party_uses_info 0000000180025414     c2_test.obj
 0004:00000420       $pdata$sf_c2_test_jit_fallback_info 0000000180025420     c2_test.obj
 0004:0000042c       $pdata$sf_c2_test_updateBuildInfo_args_info 000000018002542c     c2_test.obj
 0004:00000438       $pdata$sf_get_sim_state_info_c2_test 0000000180025438     c2_test.obj
 0004:00000444       $pdata$chart_debug_initialization 0000000180025444     c2_test.obj
 0004:00000450       $pdata$sf_opaque_initialize_c2_test 0000000180025450     c2_test.obj
 0004:0000045c       $pdata$sf_opaque_enable_c2_test 000000018002545c     c2_test.obj
 0004:00000468       $pdata$sf_opaque_disable_c2_test 0000000180025468     c2_test.obj
 0004:00000474       $pdata$sf_opaque_gateway_c2_test 0000000180025474     c2_test.obj
 0004:00000480       $pdata$sf_opaque_get_sim_state_c2_test 0000000180025480     c2_test.obj
 0004:0000048c       $pdata$sf_opaque_set_sim_state_c2_test 000000018002548c     c2_test.obj
 0004:00000498       $pdata$sf_opaque_terminate_c2_test 0000000180025498     c2_test.obj
 0004:000004a4       $pdata$sf_opaque_init_subchart_simstructs 00000001800254a4     c2_test.obj
 0004:000004b0       $pdata$mdlProcessParameters_c2_test 00000001800254b0     c2_test.obj
 0004:000004bc       $pdata$mdlSetWorkWidths_c2_test 00000001800254bc     c2_test.obj
 0004:000004c8       $pdata$mdlRTW_c2_test      00000001800254c8     c2_test.obj
 0004:000004d4       $pdata$mdlStart_c2_test    00000001800254d4     c2_test.obj
 0004:000004e0       $pdata$mexFunction         00000001800254e0     test_sfun_registry.obj
 0004:000004ec       $pdata$_ssSetInputPortDirectFeedThroughFcn 00000001800254ec     test_sfun_registry.obj
 0004:000004f8       $pdata$_ssGetInputPortSignalPtrsFcn 00000001800254f8     test_sfun_registry.obj
 0004:00000504       $pdata$_ssGetInputPortSignalFcn 0000000180025504     test_sfun_registry.obj
 0004:00000510       $pdata$_ssSetInputPortReusableFcn 0000000180025510     test_sfun_registry.obj
 0004:0000051c       $pdata$_ssSetOutputPortReusableFcn 000000018002551c     test_sfun_registry.obj
 0004:00000528       $pdata$ssGetIsZeroCrossControlDisabled 0000000180025528     test_sfun_registry.obj
 0004:00000534       $pdata$ssSetIsInputPortUsedForContZcSignal 0000000180025534     test_sfun_registry.obj
 0004:00000540       $pdata$ssSetZcSignalIsZcElementDisc 0000000180025540     test_sfun_registry.obj
 0004:0000054c       $pdata$ssSetZcSignalName   000000018002554c     test_sfun_registry.obj
 0004:00000558       $pdata$ssSetZcSignalWidth  0000000180025558     test_sfun_registry.obj
 0004:00000564       $pdata$ssSetZcSignalZcEventType 0000000180025564     test_sfun_registry.obj
 0004:00000570       $pdata$ssSetZcSignalType   0000000180025570     test_sfun_registry.obj
 0004:0000057c       $pdata$ssSetZcSignalZcTol  000000018002557c     test_sfun_registry.obj
 0004:00000588       $pdata$ssSetZcSignalNeedsEventNotification 0000000180025588     test_sfun_registry.obj
 0004:00000594       $pdata$ssCreateAndAddZcSignalInfo 0000000180025594     test_sfun_registry.obj
 0004:000005a0       $pdata$ssCloneAndAddZcSignalInfo 00000001800255a0     test_sfun_registry.obj
 0004:000005ac       $pdata$ssGetNumZcSignals   00000001800255ac     test_sfun_registry.obj
 0004:000005b8       $pdata$ssGetZcSignalVector 00000001800255b8     test_sfun_registry.obj
 0004:000005c4       $pdata$ssGetZcSignalName   00000001800255c4     test_sfun_registry.obj
 0004:000005d0       $pdata$ssGetZcSignalWidth  00000001800255d0     test_sfun_registry.obj
 0004:000005dc       $pdata$ssGetZcSignalZcEventType 00000001800255dc     test_sfun_registry.obj
 0004:000005e8       $pdata$ssGetZcSignalZcEvents 00000001800255e8     test_sfun_registry.obj
 0004:000005f4       $pdata$ssGetZcSignalType   00000001800255f4     test_sfun_registry.obj
 0004:00000600       $pdata$ssGetZcSignalZcTol  0000000180025600     test_sfun_registry.obj
 0004:0000060c       $pdata$ssGetZcSignalNeedsEventNotification 000000018002560c     test_sfun_registry.obj
 0004:00000618       $pdata$ssGetZcSignalIsZcElementDisc 0000000180025618     test_sfun_registry.obj
 0004:00000624       $pdata$ssGetIsInputPortElementContinuous 0000000180025624     test_sfun_registry.obj
 0004:00000630       $pdata$ssGetDTypeIdFromMxArray 0000000180025630     test_sfun_registry.obj
 0004:0000063c       $pdata$ssWriteRTWStr       000000018002563c     test_sfun_registry.obj
 0004:00000648       $pdata$ssWriteRTWNameValuePair 0000000180025648     test_sfun_registry.obj
 0004:00000654       $pdata$ssWriteRTWParamSettings 0000000180025654     test_sfun_registry.obj
 0004:00000660       $pdata$ssWriteRTWParameters 0000000180025660     test_sfun_registry.obj
 0004:0000066c       $pdata$ssWriteRTWWorkVect  000000018002566c     test_sfun_registry.obj
 0004:00000678       $pdata$ssWriteRTWMxVectParam 0000000180025678     test_sfun_registry.obj
 0004:00000684       $pdata$ssWriteRTWMx2dMatParam 0000000180025684     test_sfun_registry.obj
 0004:00000690       $pdata$_ssSetInputPortMatrixDimensions 0000000180025690     test_sfun_registry.obj
 0004:0000069c       $pdata$_ssSetOutputPortMatrixDimensions 000000018002569c     test_sfun_registry.obj
 0004:000006a8       $pdata$_ssSetInputPortVectorDimension 00000001800256a8     test_sfun_registry.obj
 0004:000006b4       $pdata$_ssSetOutputPortVectorDimension 00000001800256b4     test_sfun_registry.obj
 0004:000006c0       $pdata$ssIsRunTimeParamTunable 00000001800256c0     test_sfun_registry.obj
 0004:000006cc       $pdata$ssGetSFuncBlockHandle 00000001800256cc     test_sfun_registry.obj
 0004:000006d8       $pdata$_ssGetCurrentInputPortWidth 00000001800256d8     test_sfun_registry.obj
 0004:000006e4       $pdata$_ssGetCurrentOutputPortWidth 00000001800256e4     test_sfun_registry.obj
 0004:000006f0       $pdata$_ssGetCallSystemNumFcnCallDestinations 00000001800256f0     test_sfun_registry.obj
 0004:000006fc       $pdata$ssWarning           00000001800256fc     test_sfun_registry.obj
 0004:00000708       $pdata$_ssGetAbsTol        0000000180025708     test_sfun_registry.obj
 0004:00000714       $pdata$sf_process_check_sum_call 0000000180025714     test_sfun_registry.obj
 0004:00000720       $pdata$sf_process_machine_uses_exported_functions_call 0000000180025720     test_sfun_registry.obj
 0004:0000072c       $pdata$sf_process_autoinheritance_call 000000018002572c     test_sfun_registry.obj
 0004:00000738       $pdata$sf_process_get_third_party_uses_info_call 0000000180025738     test_sfun_registry.obj
 0004:00000744       $pdata$sf_process_get_jit_fallback_info_call 0000000180025744     test_sfun_registry.obj
 0004:00000750       $pdata$sf_process_get_updateBuildInfo_args_info_call 0000000180025750     test_sfun_registry.obj
 0004:0000075c       $pdata$sf_process_get_eml_resolved_functions_info_call 000000018002575c     test_sfun_registry.obj
 0004:00000768       $pdata$sf_process_get_post_codegen_info 0000000180025768     test_sfun_registry.obj
 0004:00000774       $pdata$sf_mex_unlock_call  0000000180025774     test_sfun_registry.obj
 0004:00000780       $pdata$sf_debug_api_wrapper 0000000180025780     test_sfun_registry.obj
 0004:0000078c       $pdata$ProcessMexSfunctionCmdLineCall 000000018002578c     test_sfun_registry.obj
 0004:00000798       $pdata$sf_machine_global_initializer_called 0000000180025798     test_sfun_registry.obj
 0004:000007a4       $pdata$sf_machine_global_method_dispatcher 00000001800257a4     test_sfun_registry.obj
 0004:000007b0       $pdata$sf_machine_global_terminator 00000001800257b0     test_sfun_registry.obj
 0004:000007bc       $pdata$sf_register_machine_exported_symbols 00000001800257bc     test_sfun_registry.obj
 0004:000007c8       $pdata$sf_machine_global_initializer 00000001800257c8     test_sfun_registry.obj
 0004:000007d4       $pdata$getChartInfoFromSimStruct 00000001800257d4     test_sfun_registry.obj
 0004:000007e0       $pdata$mdlGetSimState      00000001800257e0     test_sfun_registry.obj
 0004:000007ec       $pdata$mdlSetSimState      00000001800257ec     test_sfun_registry.obj
 0004:000007f8       $pdata$mdlSetWorkWidths    00000001800257f8     test_sfun_registry.obj
 0004:00000804       $pdata$mdlProcessParameters 0000000180025804     test_sfun_registry.obj
 0004:00000810       $pdata$mdl_start_processing 0000000180025810     test_sfun_registry.obj
 0004:0000081c       $pdata$mdl_terminate_processing 000000018002581c     test_sfun_registry.obj
 0004:00000828       $pdata$mdlStart            0000000180025828     test_sfun_registry.obj
 0004:00000834       $pdata$mdlTerminate        0000000180025834     test_sfun_registry.obj
 0004:00000840       $pdata$mdlInitializeSizes  0000000180025840     test_sfun_registry.obj
 0004:0000084c       $pdata$mdlInitializeSampleTimes 000000018002584c     test_sfun_registry.obj
 0004:00000858       $pdata$mdl_outputs_continuous_legacy 0000000180025858     test_sfun_registry.obj
 0004:00000864       $pdata$mdl_outputs_processing 0000000180025864     test_sfun_registry.obj
 0004:00000870       $pdata$mdl_zeroCrossings_processing 0000000180025870     test_sfun_registry.obj
 0004:0000087c       $pdata$mdlZeroCrossings    000000018002587c     test_sfun_registry.obj
 0004:00000888       $pdata$mdl_derivatives_processing 0000000180025888     test_sfun_registry.obj
 0004:00000894       $pdata$mdlDerivatives      0000000180025894     test_sfun_registry.obj
 0004:000008a0       $pdata$mdl_initialize_conditions_processing 00000001800258a0     test_sfun_registry.obj
 0004:000008ac       $pdata$mdlInitializeConditions 00000001800258ac     test_sfun_registry.obj
 0004:000008b8       $pdata$mdl_ext_mode_exec_processing 00000001800258b8     test_sfun_registry.obj
 0004:000008c4       $pdata$mdlExtModeExec      00000001800258c4     test_sfun_registry.obj
 0004:000008d0       $pdata$mdlRTW              00000001800258d0     test_sfun_registry.obj
 0004:000008dc       $pdata$mdl_enable_processing 00000001800258dc     test_sfun_registry.obj
 0004:000008e8       $pdata$mdlEnable           00000001800258e8     test_sfun_registry.obj
 0004:000008f4       $pdata$mdl_disable_processing 00000001800258f4     test_sfun_registry.obj
 0004:00000900       $pdata$mdlDisable          0000000180025900     test_sfun_registry.obj
 0004:0000090c       $pdata$mdlOutputs          000000018002590c     test_sfun_registry.obj
 0004:00000918       $pdata$ProcessMexSfunctionEveryCall 0000000180025918     test_sfun_registry.obj
 0004:00000924       $pdata$_RegNumInputPortsCB 0000000180025924     test_sfun_registry.obj
 0004:00000930       $pdata$_RegNumOutputPortsCB 0000000180025930     test_sfun_registry.obj
 0004:0000093c       $pdata$_CreateSimStruct    000000018002593c     test_sfun_registry.obj
 0004:00000948       $pdata$_ssFatalError       0000000180025948     test_sfun_registry.obj
 0004:00000954       $pdata$_ProcessMexSfunctionCmdLineCall 0000000180025954     test_sfun_registry.obj
 0004:00000960       $pdata$__raise_securityfailure 0000000180025960     MSVCRT:gs_report.obj
 0004:0000096c       $pdata$__report_gsfailure  000000018002596c     MSVCRT:gs_report.obj
 0004:00000978       $pdata$__report_rangecheckfailure 0000000180025978     MSVCRT:gs_report.obj
 0004:00000984       $pdata$__report_securityfailure 0000000180025984     MSVCRT:gs_report.obj
 0004:00000990       $pdata$__report_securityfailureEx 0000000180025990     MSVCRT:gs_report.obj
 0004:0000099c       $pdata$__GSHandlerCheck    000000018002599c     MSVCRT:gshandler.obj
 0004:000009a8       $pdata$__GSHandlerCheckCommon 00000001800259a8     MSVCRT:gshandler.obj
 0004:000009c0       $pdata$pre_c_init          00000001800259c0     MSVCRT:crtdll.obj
 0004:000009cc       $pdata$_CRT_INIT           00000001800259cc     MSVCRT:crtdll.obj
 0004:000009d8       $pdata$_DllMainCRTStartup  00000001800259d8     MSVCRT:crtdll.obj
 0004:000009e4       $pdata$__DllMainCRTStartup 00000001800259e4     MSVCRT:crtdll.obj
 0004:000009f0       $pdata$_IsNonwritableInCurrentImage 00000001800259f0     MSVCRT:pesect.obj
 0004:000009fc       $pdata$__atonexitinit      00000001800259fc     MSVCRT:atonexit.obj
 0004:00000a08       $pdata$_onexit             0000000180025a08     MSVCRT:atonexit.obj
 0004:00000a14       $pdata$atexit              0000000180025a14     MSVCRT:atonexit.obj
 0004:00000a20       $pdata$__security_init_cookie 0000000180025a20     MSVCRT:gs_support.obj
 0004:00000a2c       $pdata$DllMain             0000000180025a2c     MSVCRT:dllmain.obj
 0004:00000a38       $pdata$_RTC_Initialize     0000000180025a38     MSVCRT:initsect.obj
 0004:00000a44       $pdata$_RTC_Terminate      0000000180025a44     MSVCRT:initsect.obj
 0004:00000a50       $pdata$__DllMainCRTStartup$filt$0 0000000180025a50     MSVCRT:crtdll.obj
 0004:00000a5c       $pdata$__DllMainCRTStartup$fin$1 0000000180025a5c     MSVCRT:crtdll.obj
 0004:00000a68       $pdata$_IsNonwritableInCurrentImage$filt$0 0000000180025a68     MSVCRT:pesect.obj
 0004:00000a74       $pdata$_onexit$fin$0       0000000180025a74     MSVCRT:atonexit.obj
