 untitled_sfun

 Timestamp is 5629bab7 (Fri Oct 23 00:42:31 2015)

 Preferred load address is 0000000180000000

 Start         Length     Name                   Class
 0001:00000000 00012dc2H .text                   CODE
 0001:00012dd0 0000007bH .text$x                 CODE
 0002:00000000 00000488H .idata$5                DATA
 0002:00000488 00000008H .CRT$XCA                DATA
 0002:00000490 00000008H .CRT$XCZ                DATA
 0002:00000498 00000008H .CRT$XIA                DATA
 0002:000004a0 00000008H .CRT$XIAA               DATA
 0002:000004a8 00000008H .CRT$XIC                DATA
 0002:000004b0 00000008H .CRT$XIZ                DATA
 0002:000004c0 00000790H .rdata                  DATA
 0002:00000c50 00000008H .rtc$IAA                DATA
 0002:00000c58 00000008H .rtc$IZZ                DATA
 0002:00000c60 00000008H .rtc$TAA                DATA
 0002:00000c68 00000008H .rtc$TZZ                DATA
 0002:00000c70 00000724H .xdata                  DATA
 0002:00001394 0000008cH .idata$2                DATA
 0002:00001420 00000014H .idata$3                DATA
 0002:00001438 00000488H .idata$4                DATA
 0002:000018c0 00000cc2H .idata$6                DATA
 0002:00002590 00000053H .edata                  DATA
 0003:00000000 00003f98H .data                   DATA
 0003:00003fa0 000006c8H .bss                    DATA
 0004:00000000 00000858H .pdata                  DATA

  Address         Publics by Value              Rva+Base               Lib:Object

 0000:00000000       ___safe_se_handler_count   0000000000000000     <absolute>
 0000:00000000       ___safe_se_handler_table   0000000000000000     <absolute>
 0000:00000000       __ImageBase                0000000180000000     <linker-defined>
 0001:00000000       untitled_initializer       0000000180001000 f   untitled_sfun.obj
 0001:00000010       untitled_terminator        0000000180001010 f   untitled_sfun.obj
 0001:00000020       load_untitled_optimization_info 0000000180001020 f   untitled_sfun.obj
 0001:00000070       unload_untitled_optimization_info 0000000180001070 f   untitled_sfun.obj
 0001:000000a0       sf_untitled_method_dispatcher 00000001800010a0 f   untitled_sfun.obj
 0001:000000f0       sf_untitled_uses_exported_functions 00000001800010f0 f   untitled_sfun.obj
 0001:00000130       sf_untitled_process_check_sum_call 0000000180001130 f   untitled_sfun.obj
 0001:000007b0       sf_untitled_autoinheritance_info 00000001800017b0 f   untitled_sfun.obj
 0001:00000990       sf_untitled_get_eml_resolved_functions_info 0000000180001990 f   untitled_sfun.obj
 0001:00000b10       sf_untitled_third_party_uses_info 0000000180001b10 f   untitled_sfun.obj
 0001:00000ce0       sf_untitled_jit_fallback_info 0000000180001ce0 f   untitled_sfun.obj
 0001:00000eb0       sf_untitled_updateBuildInfo_args_info 0000000180001eb0 f   untitled_sfun.obj
 0001:00001080       sf_untitled_get_post_codegen_info 0000000180002080 f   untitled_sfun.obj
 0001:000011a0       untitled_debug_initialize  00000001800021a0 f   untitled_sfun.obj
 0001:00001220       untitled_register_exported_symbols 0000000180002220 f   untitled_sfun.obj
 0001:00001230       sf_c1_untitled_get_eml_resolved_functions_info 0000000180002230 f   c1_untitled.obj
 0001:000012a0       sf_c1_untitled_get_check_sum 00000001800022a0 f   c1_untitled.obj
 0001:00001370       c1_untitled_method_dispatcher 0000000180002370 f   c1_untitled.obj
 0001:00009430       sf_c1_untitled_get_post_codegen_info 000000018000a430 f   c1_untitled.obj
 0001:00009500       sf_c1_untitled_get_autoinheritance_info 000000018000a500 f   c1_untitled.obj
 0001:00009aa0       sf_c1_untitled_third_party_uses_info 000000018000aaa0 f   c1_untitled.obj
 0001:00009ad0       sf_c1_untitled_jit_fallback_info 000000018000aad0 f   c1_untitled.obj
 0001:00009bc0       sf_c1_untitled_updateBuildInfo_args_info 000000018000abc0 f   c1_untitled.obj
 0001:0000b220       mexFunction                000000018000c220 f   untitled_sfun_registry.obj
 0001:0000c3c0       _ssSetInputPortDirectFeedThroughFcn 000000018000d3c0 f   untitled_sfun_registry.obj
 0001:0000c520       _ssGetInputPortSignalPtrsFcn 000000018000d520 f   untitled_sfun_registry.obj
 0001:0000c740       _ssGetInputPortSignalFcn   000000018000d740 f   untitled_sfun_registry.obj
 0001:0000c960       _ssSetInputPortReusableFcn 000000018000d960 f   untitled_sfun_registry.obj
 0001:0000ca40       _ssSetOutputPortReusableFcn 000000018000da40 f   untitled_sfun_registry.obj
 0001:0000cb20       ssGetIsZeroCrossControlDisabled 000000018000db20 f   untitled_sfun_registry.obj
 0001:0000cb90       ssSetIsInputPortUsedForContZcSignal 000000018000db90 f   untitled_sfun_registry.obj
 0001:0000cc00       ssSetZcSignalIsZcElementDisc 000000018000dc00 f   untitled_sfun_registry.obj
 0001:0000ccb0       ssSetZcSignalName          000000018000dcb0 f   untitled_sfun_registry.obj
 0001:0000cd20       ssSetZcSignalWidth         000000018000dd20 f   untitled_sfun_registry.obj
 0001:0000cd90       ssSetZcSignalZcEventType   000000018000dd90 f   untitled_sfun_registry.obj
 0001:0000ce00       ssSetZcSignalType          000000018000de00 f   untitled_sfun_registry.obj
 0001:0000ce70       ssSetZcSignalZcTol         000000018000de70 f   untitled_sfun_registry.obj
 0001:0000cee0       ssSetZcSignalNeedsEventNotification 000000018000dee0 f   untitled_sfun_registry.obj
 0001:0000cf50       ssCreateAndAddZcSignalInfo 000000018000df50 f   untitled_sfun_registry.obj
 0001:0000cfc0       ssCloneAndAddZcSignalInfo  000000018000dfc0 f   untitled_sfun_registry.obj
 0001:0000d030       ssGetNumZcSignals          000000018000e030 f   untitled_sfun_registry.obj
 0001:0000d0a0       ssGetZcSignalVector        000000018000e0a0 f   untitled_sfun_registry.obj
 0001:0000d110       ssGetZcSignalName          000000018000e110 f   untitled_sfun_registry.obj
 0001:0000d180       ssGetZcSignalWidth         000000018000e180 f   untitled_sfun_registry.obj
 0001:0000d1f0       ssGetZcSignalZcEventType   000000018000e1f0 f   untitled_sfun_registry.obj
 0001:0000d260       ssGetZcSignalZcEvents      000000018000e260 f   untitled_sfun_registry.obj
 0001:0000d2d0       ssGetZcSignalType          000000018000e2d0 f   untitled_sfun_registry.obj
 0001:0000d340       ssGetZcSignalZcTol         000000018000e340 f   untitled_sfun_registry.obj
 0001:0000d3c0       ssGetZcSignalNeedsEventNotification 000000018000e3c0 f   untitled_sfun_registry.obj
 0001:0000d430       ssGetZcSignalIsZcElementDisc 000000018000e430 f   untitled_sfun_registry.obj
 0001:0000d4d0       ssGetIsInputPortElementContinuous 000000018000e4d0 f   untitled_sfun_registry.obj
 0001:0000d570       ssGetDTypeIdFromMxArray    000000018000e570 f   untitled_sfun_registry.obj
 0001:0000d690       ssWriteRTWStr              000000018000e690 f   untitled_sfun_registry.obj
 0001:0000d6f0       ssWriteRTWNameValuePair    000000018000e6f0 f   untitled_sfun_registry.obj
 0001:0000dbf0       ssWriteRTWParamSettings    000000018000ebf0 f   untitled_sfun_registry.obj
 0001:0000e2e0       ssWriteRTWParameters       000000018000f2e0 f   untitled_sfun_registry.obj
 0001:0000e8b0       ssWriteRTWWorkVect         000000018000f8b0 f   untitled_sfun_registry.obj
 0001:0000eda0       ssWriteRTWMxVectParam      000000018000fda0 f   untitled_sfun_registry.obj
 0001:0000ee20       ssWriteRTWMx2dMatParam     000000018000fe20 f   untitled_sfun_registry.obj
 0001:0000eeb0       _ssSetInputPortMatrixDimensions 000000018000feb0 f   untitled_sfun_registry.obj
 0001:0000efb0       _ssSetOutputPortMatrixDimensions 000000018000ffb0 f   untitled_sfun_registry.obj
 0001:0000f0b0       _ssSetInputPortVectorDimension 00000001800100b0 f   untitled_sfun_registry.obj
 0001:0000f160       _ssSetOutputPortVectorDimension 0000000180010160 f   untitled_sfun_registry.obj
 0001:0000f210       ssIsRunTimeParamTunable    0000000180010210 f   untitled_sfun_registry.obj
 0001:0000f280       ssGetSFuncBlockHandle      0000000180010280 f   untitled_sfun_registry.obj
 0001:0000f2f0       _ssGetCurrentInputPortWidth 00000001800102f0 f   untitled_sfun_registry.obj
 0001:0000f410       _ssGetCurrentOutputPortWidth 0000000180010410 f   untitled_sfun_registry.obj
 0001:0000f530       _ssGetCallSystemNumFcnCallDestinations 0000000180010530 f   untitled_sfun_registry.obj
 0001:0000f5a0       ssWarning                  00000001800105a0 f   untitled_sfun_registry.obj
 0001:0000f690       _ssGetAbsTol               0000000180010690 f   untitled_sfun_registry.obj
 0001:0000f700       _ssSetStateAbsTol          0000000180010700 f   untitled_sfun_registry.obj
 0001:0000f7e0       sf_process_check_sum_call  00000001800107e0 f   untitled_sfun_registry.obj
 0001:0000f830       sf_process_machine_uses_exported_functions_call 0000000180010830 f   untitled_sfun_registry.obj
 0001:0000f9e0       sf_process_autoinheritance_call 00000001800109e0 f   untitled_sfun_registry.obj
 0001:0000fc10       sf_process_get_third_party_uses_info_call 0000000180010c10 f   untitled_sfun_registry.obj
 0001:0000fe40       sf_process_get_jit_fallback_info_call 0000000180010e40 f   untitled_sfun_registry.obj
 0001:00010070       sf_process_get_updateBuildInfo_args_info_call 0000000180011070 f   untitled_sfun_registry.obj
 0001:000102a0       sf_process_get_eml_resolved_functions_info_call 00000001800112a0 f   untitled_sfun_registry.obj
 0001:000104a0       sf_process_get_post_codegen_info 00000001800114a0 f   untitled_sfun_registry.obj
 0001:00010650       sf_mex_unlock_call         0000000180011650 f   untitled_sfun_registry.obj
 0001:00010930       sf_machine_global_initializer_called 0000000180011930 f   untitled_sfun_registry.obj
 0001:00010960       sf_machine_global_method_dispatcher 0000000180011960 f   untitled_sfun_registry.obj
 0001:000109c0       sf_machine_global_terminator 00000001800119c0 f   untitled_sfun_registry.obj
 0001:00010a10       sf_register_machine_exported_symbols 0000000180011a10 f   untitled_sfun_registry.obj
 0001:00010a30       callCustomFcn              0000000180011a30 f   untitled_sfun_registry.obj
 0001:00010a40       sf_machine_global_initializer 0000000180011a40 f   untitled_sfun_registry.obj
 0001:00010b00       mdlGetSimState             0000000180011b00 f   untitled_sfun_registry.obj
 0001:00010b40       mdlSetSimState             0000000180011b40 f   untitled_sfun_registry.obj
 0001:00011310       ProcessMexSfunctionEveryCall 0000000180012310 f   untitled_sfun_registry.obj
 0001:00011f84       sf_load_rtw_optimization_info 0000000180012f84 f   sf_runtime:sf_runtime.dll
 0001:00011f8a       sf_debug_initialize_machine 0000000180012f8a f   sf_runtime:sf_runtime.dll
 0001:00011f90       sf_debug_set_machine_event_thresholds 0000000180012f90 f   sf_runtime:sf_runtime.dll
 0001:00011f96       sf_debug_set_machine_data_thresholds 0000000180012f96 f   sf_runtime:sf_runtime.dll
 0001:00011f9c       sf_rtw_info_uint_prop      0000000180012f9c f   sf_runtime:sf_runtime.dll
 0001:00011fa2       sf_update_buildInfo        0000000180012fa2 f   sf_runtime:sf_runtime.dll
 0001:00011fa8       sf_is_chart_inlinable      0000000180012fa8 f   sf_runtime:sf_runtime.dll
 0001:00011fae       sf_mark_chart_reusable_outputs 0000000180012fae f   sf_runtime:sf_runtime.dll
 0001:00011fb4       sf_mark_chart_expressionable_inputs 0000000180012fb4 f   sf_runtime:sf_runtime.dll
 0001:00011fba       sim_mode_is_rtw_gen        0000000180012fba f   sf_runtime:sf_runtime.dll
 0001:00011fc0       sim_mode_is_external       0000000180012fc0 f   sf_runtime:sf_runtime.dll
 0001:00011fc6       sf_clear_rtw_identifier    0000000180012fc6 f   sf_runtime:sf_runtime.dll
 0001:00011fcc       sf_set_rtw_dwork_info      0000000180012fcc f   sf_runtime:sf_runtime.dll
 0001:00011fd2       sf_get_time                0000000180012fd2 f   sf_runtime:sf_runtime.dll
 0001:00011fd8       sf_mex_error_message       0000000180012fd8 f   sf_runtime:sf_runtime.dll
 0001:00011fde       sf_mex_addfield            0000000180012fde f   sf_runtime:sf_runtime.dll
 0001:00011fe4       sf_mex_createstruct        0000000180012fe4 f   sf_runtime:sf_runtime.dll
 0001:00011fea       sf_mex_create              0000000180012fea f   sf_runtime:sf_runtime.dll
 0001:00011ff0       sf_mex_createcellmatrix    0000000180012ff0 f   sf_runtime:sf_runtime.dll
 0001:00011ff6       sf_mex_setcell             0000000180012ff6 f   sf_runtime:sf_runtime.dll
 0001:00011ffc       sf_mex_getcell             0000000180012ffc f   sf_runtime:sf_runtime.dll
 0001:00012002       sf_mex_assign              0000000180013002 f   sf_runtime:sf_runtime.dll
 0001:00012008       sf_mex_dup                 0000000180013008 f   sf_runtime:sf_runtime.dll
 0001:0001200e       sf_mex_destroy             000000018001300e f   sf_runtime:sf_runtime.dll
 0001:00012014       sf_mex_import              0000000180013014 f   sf_runtime:sf_runtime.dll
 0001:0001201a       sf_mex_decode_encoded_mx_struct_array 000000018001301a f   sf_runtime:sf_runtime.dll
 0001:00012020       sf_mex_duplicatearraysafe  0000000180013020 f   sf_runtime:sf_runtime.dll
 0001:00012026       sf_mex_emlrtNameCapturePostProcessR2012a 0000000180013026 f   sf_runtime:sf_runtime.dll
 0001:0001202c       ssGetInputPortSignal_wrapper 000000018001302c f   sf_runtime:sf_runtime.dll
 0001:00012032       ssGetOutputPortSignal_wrapper 0000000180013032 f   sf_runtime:sf_runtime.dll
 0001:00012038       sf_debug_initialize_chart  0000000180013038 f   sf_runtime:sf_runtime.dll
 0001:0001203e       sf_debug_call              000000018001303e f   sf_runtime:sf_runtime.dll
 0001:00012044       eml_debug_line_call        0000000180013044 f   sf_runtime:sf_runtime.dll
 0001:0001204a       cv_eml_eval                000000018001304a f   sf_runtime:sf_runtime.dll
 0001:00012050       cv_eval_relational         0000000180013050 f   sf_runtime:sf_runtime.dll
 0001:00012056       cv_eml_init_script         0000000180013056 f   sf_runtime:sf_runtime.dll
 0001:0001205c       cv_eml_init_fcn            000000018001305c f   sf_runtime:sf_runtime.dll
 0001:00012062       cv_eml_init_if             0000000180013062 f   sf_runtime:sf_runtime.dll
 0001:00012068       cv_eml_init_relational     0000000180013068 f   sf_runtime:sf_runtime.dll
 0001:0001206e       cv_script_eval             000000018001306e f   sf_runtime:sf_runtime.dll
 0001:00012074       cv_script_init_script      0000000180013074 f   sf_runtime:sf_runtime.dll
 0001:0001207a       cv_script_init_fcn         000000018001307a f   sf_runtime:sf_runtime.dll
 0001:00012080       sf_debug_reset_current_state_configuration 0000000180013080 f   sf_runtime:sf_runtime.dll
 0001:00012086       sf_debug_check_for_state_inconsistency 0000000180013086 f   sf_runtime:sf_runtime.dll
 0001:0001208c       sf_debug_set_chart_data_props 000000018001308c f   sf_runtime:sf_runtime.dll
 0001:00012092       sf_debug_set_chart_data_compiled_props 0000000180013092 f   sf_runtime:sf_runtime.dll
 0001:00012098       sf_debug_symbol_scope_push 0000000180013098 f   sf_runtime:sf_runtime.dll
 0001:0001209e       sf_debug_symbol_scope_push_eml 000000018001309e f   sf_runtime:sf_runtime.dll
 0001:000120a4       sf_debug_symbol_scope_pop  00000001800130a4 f   sf_runtime:sf_runtime.dll
 0001:000120aa       sf_debug_symbol_scope_add_eml 00000001800130aa f   sf_runtime:sf_runtime.dll
 0001:000120b0       sf_debug_symbol_scope_add_eml_importable 00000001800130b0 f   sf_runtime:sf_runtime.dll
 0001:000120b6       sf_debug_set_instance_data_value_ptr 00000001800130b6 f   sf_runtime:sf_runtime.dll
 0001:000120bc       sf_debug_set_chart_disable_implicit_casting 00000001800130bc f   sf_runtime:sf_runtime.dll
 0001:000120c2       sf_debug_set_chart_event_thresholds 00000001800130c2 f   sf_runtime:sf_runtime.dll
 0001:000120c8       sf_debug_set_chart_state_info 00000001800130c8 f   sf_runtime:sf_runtime.dll
 0001:000120ce       sf_debug_set_chart_decomposition 00000001800130ce f   sf_runtime:sf_runtime.dll
 0001:000120d4       sf_debug_set_chart_substate_count 00000001800130d4 f   sf_runtime:sf_runtime.dll
 0001:000120da       sf_debug_data_range_wrapper 00000001800130da f   sf_runtime:sf_runtime.dll
 0001:000120e0       sf_debug_cv_init_trans     00000001800130e0 f   sf_runtime:sf_runtime.dll
 0001:000120e6       sf_debug_cv_init_chart     00000001800130e6 f   sf_runtime:sf_runtime.dll
 0001:000120ec       sf_debug_cv_init_state     00000001800130ec f   sf_runtime:sf_runtime.dll
 0001:000120f2       sf_debug_get_script_id     00000001800130f2 f   sf_runtime:sf_runtime.dll
 0001:000120f8       sf_debug_set_script_translation 00000001800130f8 f   sf_runtime:sf_runtime.dll
 0001:000120fe       callMdlMethodAndReportError 00000001800130fe f   sf_runtime:sf_runtime.dll
 0001:00012104       call_sf_machine_global_method_dispatcher 0000000180013104 f   sf_runtime:sf_runtime.dll
 0001:0001210a       sf_mex_error_direct_call   000000018001310a f   sf_runtime:sf_runtime.dll
 0001:00012110       sf_clear_error_manager_info 0000000180013110 f   sf_runtime:sf_runtime.dll
 0001:00012116       sf_debug_create_debug_instance_struct 0000000180013116 f   sf_runtime:sf_runtime.dll
 0001:0001211c       sf_debug_terminate         000000018001311c f   sf_runtime:sf_runtime.dll
 0001:00012122       sf_debug_api               0000000180013122 f   sf_runtime:sf_runtime.dll
 0001:00012128       mxIsChar                   0000000180013128 f   libmx:libmx.dll
 0001:0001212e       mxGetPr                    000000018001312e f   libmx:libmx.dll
 0001:00012134       mxGetScalar                0000000180013134 f   libmx:libmx.dll
 0001:0001213a       mxDestroyArray             000000018001313a f   libmx:libmx.dll
 0001:00012140       mxCreateDoubleMatrix_730   0000000180013140 f   libmx:libmx.dll
 0001:00012146       mxCreateLogicalScalar      0000000180013146 f   libmx:libmx.dll
 0001:0001214c       mxGetString_730            000000018001314c f   libmx:libmx.dll
 0001:00012152       mxDuplicateArray           0000000180013152 f   libmx:libmx.dll
 0001:00012158       mxSetField_730             0000000180013158 f   libmx:libmx.dll
 0001:0001215e       mxCreateDoubleScalar       000000018001315e f   libmx:libmx.dll
 0001:00012164       mxCreateString             0000000180013164 f   libmx:libmx.dll
 0001:0001216a       mxCreateCellMatrix_730     000000018001316a f   libmx:libmx.dll
 0001:00012170       mxCreateCellArray_730      0000000180013170 f   libmx:libmx.dll
 0001:00012176       mxCreateStructMatrix_730   0000000180013176 f   libmx:libmx.dll
 0001:0001217c       mxCreateStructArray_730    000000018001317c f   libmx:libmx.dll
 0001:00012182       mxCalloc                   0000000180013182 f   libmx:libmx.dll
 0001:00012188       mxGetM                     0000000180013188 f   libmx:libmx.dll
 0001:0001218e       mxGetClassID               000000018001318e f   libmx:libmx.dll
 0001:00012194       mxIsNumeric                0000000180013194 f   libmx:libmx.dll
 0001:0001219a       mxIsComplex                000000018001319a f   libmx:libmx.dll
 0001:000121a0       mxGetN                     00000001800131a0 f   libmx:libmx.dll
 0001:000121a6       mexMakeArrayPersistent     00000001800131a6 f   libmex:libmex.dll
 0001:000121ac       mexErrMsgTxt               00000001800131ac f   libmex:libmex.dll
 0001:000121b2       mexWarnMsgTxt              00000001800131b2 f   libmex:libmex.dll
 0001:000121b8       mexCallMATLABWithObject    00000001800131b8 f   libmex:libmex.dll
 0001:000121be       mexLock                    00000001800131be f   libmex:libmex.dll
 0001:000121c4       mexUnlock                  00000001800131c4 f   libmex:libmex.dll
 0001:000121ca       mexIsLocked                00000001800131ca f   libmex:libmex.dll
 0001:000121d0       utMalloc                   00000001800131d0 f   libut:libut.dll
 0001:000121d6       utFree                     00000001800131d6 f   libut:libut.dll
 0001:000121dc       muDoubleScalarAbs          00000001800131dc f   libmwmathutil:libmwmathutil.dll
 0001:000121e2       muDoubleScalarCos          00000001800131e2 f   libmwmathutil:libmwmathutil.dll
 0001:000121e8       muDoubleScalarSin          00000001800131e8 f   libmwmathutil:libmwmathutil.dll
 0001:000121ee       muDoubleScalarSign         00000001800131ee f   libmwmathutil:libmwmathutil.dll
 0001:000121f4       __raise_securityfailure    00000001800131f4 f   MSVCRT:gs_report.obj
 0001:00012240       __report_gsfailure         0000000180013240 f   MSVCRT:gs_report.obj
 0001:00012314       __report_rangecheckfailure 0000000180013314 f   MSVCRT:gs_report.obj
 0001:00012328       __report_securityfailure   0000000180013328 f   MSVCRT:gs_report.obj
 0001:000123c4       __report_securityfailureEx 00000001800133c4 f   MSVCRT:gs_report.obj
 0001:000124d2       strcmp                     00000001800134d2 f   MSVCRT:MSVCR110.dll
 0001:000124d8       __GSHandlerCheck           00000001800134d8 f   MSVCRT:gshandler.obj
 0001:000124f8       __GSHandlerCheckCommon     00000001800134f8 f   MSVCRT:gshandler.obj
 0001:00012570       __security_check_cookie    0000000180013570 f   MSVCRT:amdsecgs.obj
 0001:00012590       memset                     0000000180013590 f   MSVCRT:MSVCR110.dll
 0001:00012596       strlen                     0000000180013596 f   MSVCRT:MSVCR110.dll
 0001:0001259c       memcpy                     000000018001359c f   MSVCRT:MSVCR110.dll
 0001:000125a2       strcat                     00000001800135a2 f   MSVCRT:MSVCR110.dll
 0001:000125a8       sprintf                    00000001800135a8 f   MSVCRT:MSVCR110.dll
 0001:000125ae       free                       00000001800135ae f   MSVCRT:MSVCR110.dll
 0001:000125b4       malloc                     00000001800135b4 f   MSVCRT:MSVCR110.dll
 0001:0001261c       NtCurrentTeb               000000018001361c f i MSVCRT:crtdll.obj
 0001:00012628       _CRT_INIT                  0000000180013628 f   MSVCRT:crtdll.obj
 0001:00012874       _DllMainCRTStartup         0000000180013874 f   MSVCRT:crtdll.obj
 0001:000129ea       __crt_debugger_hook        00000001800139ea f   MSVCRT:MSVCR110.dll
 0001:000129f0       __crtUnhandledException    00000001800139f0 f   MSVCRT:MSVCR110.dll
 0001:000129f6       __crtTerminateProcess      00000001800139f6 f   MSVCRT:MSVCR110.dll
 0001:000129fc       __crtCaptureCurrentContext 00000001800139fc f   MSVCRT:MSVCR110.dll
 0001:00012a02       __crtCapturePreviousContext 0000000180013a02 f   MSVCRT:MSVCR110.dll
 0001:00012a08       __CppXcptFilter            0000000180013a08 f   MSVCRT:MSVCR110.dll
 0001:00012a0e       _amsg_exit                 0000000180013a0e f   MSVCRT:MSVCR110.dll
 0001:00012a20       _FindPESection             0000000180013a20 f   MSVCRT:pesect.obj
 0001:00012a70       _IsNonwritableInCurrentImage 0000000180013a70 f   MSVCRT:pesect.obj
 0001:00012ac0       _ValidateImageBase         0000000180013ac0 f   MSVCRT:pesect.obj
 0001:00012af0       __atonexitinit             0000000180013af0 f   MSVCRT:atonexit.obj
 0001:00012b40       _onexit                    0000000180013b40 f   MSVCRT:atonexit.obj
 0001:00012bf0       atexit                     0000000180013bf0 f   MSVCRT:atonexit.obj
 0001:00012c08       __security_init_cookie     0000000180013c08 f   MSVCRT:gs_support.obj
 0001:00012cb4       DllMain                    0000000180013cb4 f   MSVCRT:dllmain.obj
 0001:00012cd8       _malloc_crt                0000000180013cd8 f   MSVCRT:MSVCR110.dll
 0001:00012ce0       _RTC_Initialize            0000000180013ce0 f   MSVCRT:initsect.obj
 0001:00012d18       _RTC_Terminate             0000000180013d18 f   MSVCRT:initsect.obj
 0001:00012d50       _initterm                  0000000180013d50 f   MSVCRT:MSVCR110.dll
 0001:00012d56       _initterm_e                0000000180013d56 f   MSVCRT:MSVCR110.dll
 0001:00012d5c       __clean_type_info_names    0000000180013d5c f   MSVCRT:tncleanup.obj
 0001:00012d68       __C_specific_handler       0000000180013d68 f   MSVCRT:MSVCR110.dll
 0001:00012d6e       _lock                      0000000180013d6e f   MSVCRT:MSVCR110.dll
 0001:00012d74       _unlock                    0000000180013d74 f   MSVCRT:MSVCR110.dll
 0001:00012d7a       _calloc_crt                0000000180013d7a f   MSVCRT:MSVCR110.dll
 0001:00012d80       __dllonexit                0000000180013d80 f   MSVCRT:MSVCR110.dll
 0001:00012d86       __clean_type_info_names_internal 0000000180013d86 f   MSVCRT:MSVCR110.dll
 0001:00012d8c       IsDebuggerPresent          0000000180013d8c f   kernel32:KERNEL32.dll
 0001:00012d92       IsProcessorFeaturePresent  0000000180013d92 f   kernel32:KERNEL32.dll
 0001:00012d98       EncodePointer              0000000180013d98 f   kernel32:KERNEL32.dll
 0001:00012d9e       DecodePointer              0000000180013d9e f   kernel32:KERNEL32.dll
 0001:00012da4       QueryPerformanceCounter    0000000180013da4 f   kernel32:KERNEL32.dll
 0001:00012daa       GetCurrentProcessId        0000000180013daa f   kernel32:KERNEL32.dll
 0001:00012db0       GetCurrentThreadId         0000000180013db0 f   kernel32:KERNEL32.dll
 0001:00012db6       GetSystemTimeAsFileTime    0000000180013db6 f   kernel32:KERNEL32.dll
 0001:00012dbc       DisableThreadLibraryCalls  0000000180013dbc f   kernel32:KERNEL32.dll
 0002:00000000       __imp_DisableThreadLibraryCalls 0000000180014000     kernel32:KERNEL32.dll
 0002:00000008       __imp_GetSystemTimeAsFileTime 0000000180014008     kernel32:KERNEL32.dll
 0002:00000010       __imp_GetCurrentThreadId   0000000180014010     kernel32:KERNEL32.dll
 0002:00000018       __imp_GetCurrentProcessId  0000000180014018     kernel32:KERNEL32.dll
 0002:00000020       __imp_QueryPerformanceCounter 0000000180014020     kernel32:KERNEL32.dll
 0002:00000028       __imp_DecodePointer        0000000180014028     kernel32:KERNEL32.dll
 0002:00000030       __imp_EncodePointer        0000000180014030     kernel32:KERNEL32.dll
 0002:00000038       __imp_IsProcessorFeaturePresent 0000000180014038     kernel32:KERNEL32.dll
 0002:00000040       __imp_IsDebuggerPresent    0000000180014040     kernel32:KERNEL32.dll
 0002:00000048       \177KERNEL32_NULL_THUNK_DATA 0000000180014048     kernel32:KERNEL32.dll
 0002:00000050       __imp___clean_type_info_names_internal 0000000180014050     MSVCRT:MSVCR110.dll
 0002:00000058       __imp__onexit              0000000180014058     MSVCRT:MSVCR110.dll
 0002:00000060       __imp___dllonexit          0000000180014060     MSVCRT:MSVCR110.dll
 0002:00000068       __imp__calloc_crt          0000000180014068     MSVCRT:MSVCR110.dll
 0002:00000070       __imp__unlock              0000000180014070     MSVCRT:MSVCR110.dll
 0002:00000078       __imp__lock                0000000180014078     MSVCRT:MSVCR110.dll
 0002:00000080       __imp___C_specific_handler 0000000180014080     MSVCRT:MSVCR110.dll
 0002:00000088       __imp__initterm_e          0000000180014088     MSVCRT:MSVCR110.dll
 0002:00000090       __imp__initterm            0000000180014090     MSVCRT:MSVCR110.dll
 0002:00000098       __imp__malloc_crt          0000000180014098     MSVCRT:MSVCR110.dll
 0002:000000a0       __imp__amsg_exit           00000001800140a0     MSVCRT:MSVCR110.dll
 0002:000000a8       __imp___CppXcptFilter      00000001800140a8     MSVCRT:MSVCR110.dll
 0002:000000b0       __imp___crtCapturePreviousContext 00000001800140b0     MSVCRT:MSVCR110.dll
 0002:000000b8       __imp___crtCaptureCurrentContext 00000001800140b8     MSVCRT:MSVCR110.dll
 0002:000000c0       __imp___crtTerminateProcess 00000001800140c0     MSVCRT:MSVCR110.dll
 0002:000000c8       __imp___crtUnhandledException 00000001800140c8     MSVCRT:MSVCR110.dll
 0002:000000d0       __imp___crt_debugger_hook  00000001800140d0     MSVCRT:MSVCR110.dll
 0002:000000d8       __imp_malloc               00000001800140d8     MSVCRT:MSVCR110.dll
 0002:000000e0       __imp_free                 00000001800140e0     MSVCRT:MSVCR110.dll
 0002:000000e8       __imp_sprintf              00000001800140e8     MSVCRT:MSVCR110.dll
 0002:000000f0       __imp_strcat               00000001800140f0     MSVCRT:MSVCR110.dll
 0002:000000f8       __imp_memcpy               00000001800140f8     MSVCRT:MSVCR110.dll
 0002:00000100       __imp_strlen               0000000180014100     MSVCRT:MSVCR110.dll
 0002:00000108       __imp_memset               0000000180014108     MSVCRT:MSVCR110.dll
 0002:00000110       __imp_strcmp               0000000180014110     MSVCRT:MSVCR110.dll
 0002:00000118       \177MSVCR110_NULL_THUNK_DATA 0000000180014118     MSVCRT:MSVCR110.dll
 0002:00000120       __imp_mexIsLocked          0000000180014120     libmex:libmex.dll
 0002:00000128       __imp_mexErrMsgTxt         0000000180014128     libmex:libmex.dll
 0002:00000130       __imp_mexWarnMsgTxt        0000000180014130     libmex:libmex.dll
 0002:00000138       __imp_mexCallMATLABWithObject 0000000180014138     libmex:libmex.dll
 0002:00000140       __imp_mexLock              0000000180014140     libmex:libmex.dll
 0002:00000148       __imp_mexMakeArrayPersistent 0000000180014148     libmex:libmex.dll
 0002:00000150       __imp_mexUnlock            0000000180014150     libmex:libmex.dll
 0002:00000158       \177libmex_NULL_THUNK_DATA 0000000180014158     libmex:libmex.dll
 0002:00000160       __imp_muDoubleScalarCos    0000000180014160     libmwmathutil:libmwmathutil.dll
 0002:00000168       __imp_muDoubleScalarSin    0000000180014168     libmwmathutil:libmwmathutil.dll
 0002:00000170       __imp_muDoubleScalarSign   0000000180014170     libmwmathutil:libmwmathutil.dll
 0002:00000178       __imp_muDoubleScalarAbs    0000000180014178     libmwmathutil:libmwmathutil.dll
 0002:00000180       \177libmwmathutil_NULL_THUNK_DATA 0000000180014180     libmwmathutil:libmwmathutil.dll
 0002:00000188       __imp_mxGetN               0000000180014188     libmx:libmx.dll
 0002:00000190       __imp_mxIsComplex          0000000180014190     libmx:libmx.dll
 0002:00000198       __imp_mxIsNumeric          0000000180014198     libmx:libmx.dll
 0002:000001a0       __imp_mxGetClassID         00000001800141a0     libmx:libmx.dll
 0002:000001a8       __imp_mxGetM               00000001800141a8     libmx:libmx.dll
 0002:000001b0       __imp_mxCalloc             00000001800141b0     libmx:libmx.dll
 0002:000001b8       __imp_mxCreateStructArray_730 00000001800141b8     libmx:libmx.dll
 0002:000001c0       __imp_mxCreateStructMatrix_730 00000001800141c0     libmx:libmx.dll
 0002:000001c8       __imp_mxCreateCellArray_730 00000001800141c8     libmx:libmx.dll
 0002:000001d0       __imp_mxCreateCellMatrix_730 00000001800141d0     libmx:libmx.dll
 0002:000001d8       __imp_mxCreateString       00000001800141d8     libmx:libmx.dll
 0002:000001e0       __imp_mxCreateDoubleScalar 00000001800141e0     libmx:libmx.dll
 0002:000001e8       __imp_mxSetField_730       00000001800141e8     libmx:libmx.dll
 0002:000001f0       __imp_mxDuplicateArray     00000001800141f0     libmx:libmx.dll
 0002:000001f8       __imp_mxGetString_730      00000001800141f8     libmx:libmx.dll
 0002:00000200       __imp_mxCreateLogicalScalar 0000000180014200     libmx:libmx.dll
 0002:00000208       __imp_mxCreateDoubleMatrix_730 0000000180014208     libmx:libmx.dll
 0002:00000210       __imp_mxDestroyArray       0000000180014210     libmx:libmx.dll
 0002:00000218       __imp_mxGetScalar          0000000180014218     libmx:libmx.dll
 0002:00000220       __imp_mxGetPr              0000000180014220     libmx:libmx.dll
 0002:00000228       __imp_mxIsChar             0000000180014228     libmx:libmx.dll
 0002:00000230       \177libmx_NULL_THUNK_DATA  0000000180014230     libmx:libmx.dll
 0002:00000238       __imp_utMalloc             0000000180014238     libut:libut.dll
 0002:00000240       __imp_utFree               0000000180014240     libut:libut.dll
 0002:00000248       \177libut_NULL_THUNK_DATA  0000000180014248     libut:libut.dll
 0002:00000250       __imp_sf_debug_create_debug_instance_struct 0000000180014250     sf_runtime:sf_runtime.dll
 0002:00000258       __imp_sf_clear_error_manager_info 0000000180014258     sf_runtime:sf_runtime.dll
 0002:00000260       __imp_sf_mex_error_direct_call 0000000180014260     sf_runtime:sf_runtime.dll
 0002:00000268       __imp_call_sf_machine_global_method_dispatcher 0000000180014268     sf_runtime:sf_runtime.dll
 0002:00000270       __imp_callMdlMethodAndReportError 0000000180014270     sf_runtime:sf_runtime.dll
 0002:00000278       __imp_sf_debug_set_script_translation 0000000180014278     sf_runtime:sf_runtime.dll
 0002:00000280       __imp_sf_debug_get_script_id 0000000180014280     sf_runtime:sf_runtime.dll
 0002:00000288       __imp_sf_debug_cv_init_state 0000000180014288     sf_runtime:sf_runtime.dll
 0002:00000290       __imp_sf_debug_cv_init_chart 0000000180014290     sf_runtime:sf_runtime.dll
 0002:00000298       __imp_sf_debug_cv_init_trans 0000000180014298     sf_runtime:sf_runtime.dll
 0002:000002a0       __imp_sf_debug_data_range_wrapper 00000001800142a0     sf_runtime:sf_runtime.dll
 0002:000002a8       __imp_sf_debug_set_chart_substate_count 00000001800142a8     sf_runtime:sf_runtime.dll
 0002:000002b0       __imp_sf_debug_set_chart_decomposition 00000001800142b0     sf_runtime:sf_runtime.dll
 0002:000002b8       __imp_sf_debug_terminate   00000001800142b8     sf_runtime:sf_runtime.dll
 0002:000002c0       __imp_sf_debug_set_chart_event_thresholds 00000001800142c0     sf_runtime:sf_runtime.dll
 0002:000002c8       __imp_sf_debug_set_chart_disable_implicit_casting 00000001800142c8     sf_runtime:sf_runtime.dll
 0002:000002d0       __imp_sf_debug_set_instance_data_value_ptr 00000001800142d0     sf_runtime:sf_runtime.dll
 0002:000002d8       __imp_sf_debug_symbol_scope_add_eml_importable 00000001800142d8     sf_runtime:sf_runtime.dll
 0002:000002e0       __imp_sf_debug_symbol_scope_add_eml 00000001800142e0     sf_runtime:sf_runtime.dll
 0002:000002e8       __imp_sf_debug_symbol_scope_pop 00000001800142e8     sf_runtime:sf_runtime.dll
 0002:000002f0       __imp_sf_debug_symbol_scope_push_eml 00000001800142f0     sf_runtime:sf_runtime.dll
 0002:000002f8       __imp_sf_debug_symbol_scope_push 00000001800142f8     sf_runtime:sf_runtime.dll
 0002:00000300       __imp_sf_debug_set_chart_data_compiled_props 0000000180014300     sf_runtime:sf_runtime.dll
 0002:00000308       __imp_sf_debug_set_chart_data_props 0000000180014308     sf_runtime:sf_runtime.dll
 0002:00000310       __imp_sf_debug_check_for_state_inconsistency 0000000180014310     sf_runtime:sf_runtime.dll
 0002:00000318       __imp_sf_debug_reset_current_state_configuration 0000000180014318     sf_runtime:sf_runtime.dll
 0002:00000320       __imp_cv_script_init_fcn   0000000180014320     sf_runtime:sf_runtime.dll
 0002:00000328       __imp_sf_debug_api         0000000180014328     sf_runtime:sf_runtime.dll
 0002:00000330       __imp_sf_debug_set_chart_state_info 0000000180014330     sf_runtime:sf_runtime.dll
 0002:00000338       __imp_cv_script_init_script 0000000180014338     sf_runtime:sf_runtime.dll
 0002:00000340       __imp_cv_script_eval       0000000180014340     sf_runtime:sf_runtime.dll
 0002:00000348       __imp_cv_eml_init_relational 0000000180014348     sf_runtime:sf_runtime.dll
 0002:00000350       __imp_cv_eml_init_if       0000000180014350     sf_runtime:sf_runtime.dll
 0002:00000358       __imp_cv_eml_init_fcn      0000000180014358     sf_runtime:sf_runtime.dll
 0002:00000360       __imp_cv_eml_init_script   0000000180014360     sf_runtime:sf_runtime.dll
 0002:00000368       __imp_cv_eval_relational   0000000180014368     sf_runtime:sf_runtime.dll
 0002:00000370       __imp_cv_eml_eval          0000000180014370     sf_runtime:sf_runtime.dll
 0002:00000378       __imp_eml_debug_line_call  0000000180014378     sf_runtime:sf_runtime.dll
 0002:00000380       __imp_sf_debug_call        0000000180014380     sf_runtime:sf_runtime.dll
 0002:00000388       __imp_sf_debug_initialize_chart 0000000180014388     sf_runtime:sf_runtime.dll
 0002:00000390       __imp_ssGetOutputPortSignal_wrapper 0000000180014390     sf_runtime:sf_runtime.dll
 0002:00000398       __imp_ssGetInputPortSignal_wrapper 0000000180014398     sf_runtime:sf_runtime.dll
 0002:000003a0       __imp_sf_mex_emlrtNameCapturePostProcessR2012a 00000001800143a0     sf_runtime:sf_runtime.dll
 0002:000003a8       __imp_sf_mex_duplicatearraysafe 00000001800143a8     sf_runtime:sf_runtime.dll
 0002:000003b0       __imp_sf_mex_decode_encoded_mx_struct_array 00000001800143b0     sf_runtime:sf_runtime.dll
 0002:000003b8       __imp_sf_mex_import        00000001800143b8     sf_runtime:sf_runtime.dll
 0002:000003c0       __imp_sf_mex_destroy       00000001800143c0     sf_runtime:sf_runtime.dll
 0002:000003c8       __imp_sf_mex_dup           00000001800143c8     sf_runtime:sf_runtime.dll
 0002:000003d0       __imp_sf_mex_assign        00000001800143d0     sf_runtime:sf_runtime.dll
 0002:000003d8       __imp_sf_mex_getcell       00000001800143d8     sf_runtime:sf_runtime.dll
 0002:000003e0       __imp_sf_mex_setcell       00000001800143e0     sf_runtime:sf_runtime.dll
 0002:000003e8       __imp_sf_mex_createcellmatrix 00000001800143e8     sf_runtime:sf_runtime.dll
 0002:000003f0       __imp_sf_mex_create        00000001800143f0     sf_runtime:sf_runtime.dll
 0002:000003f8       __imp_sf_mex_createstruct  00000001800143f8     sf_runtime:sf_runtime.dll
 0002:00000400       __imp_sf_mex_addfield      0000000180014400     sf_runtime:sf_runtime.dll
 0002:00000408       __imp_sf_mex_error_message 0000000180014408     sf_runtime:sf_runtime.dll
 0002:00000410       __imp_sf_get_time          0000000180014410     sf_runtime:sf_runtime.dll
 0002:00000418       __imp_sf_set_rtw_dwork_info 0000000180014418     sf_runtime:sf_runtime.dll
 0002:00000420       __imp_sf_clear_rtw_identifier 0000000180014420     sf_runtime:sf_runtime.dll
 0002:00000428       __imp_sim_mode_is_external 0000000180014428     sf_runtime:sf_runtime.dll
 0002:00000430       __imp_sim_mode_is_rtw_gen  0000000180014430     sf_runtime:sf_runtime.dll
 0002:00000438       __imp_sf_mark_chart_expressionable_inputs 0000000180014438     sf_runtime:sf_runtime.dll
 0002:00000440       __imp_sf_mark_chart_reusable_outputs 0000000180014440     sf_runtime:sf_runtime.dll
 0002:00000448       __imp_sf_is_chart_inlinable 0000000180014448     sf_runtime:sf_runtime.dll
 0002:00000450       __imp_sf_update_buildInfo  0000000180014450     sf_runtime:sf_runtime.dll
 0002:00000458       __imp_sf_rtw_info_uint_prop 0000000180014458     sf_runtime:sf_runtime.dll
 0002:00000460       __imp_sf_debug_set_machine_data_thresholds 0000000180014460     sf_runtime:sf_runtime.dll
 0002:00000468       __imp_sf_debug_set_machine_event_thresholds 0000000180014468     sf_runtime:sf_runtime.dll
 0002:00000470       __imp_sf_debug_initialize_machine 0000000180014470     sf_runtime:sf_runtime.dll
 0002:00000478       __imp_sf_load_rtw_optimization_info 0000000180014478     sf_runtime:sf_runtime.dll
 0002:00000480       \177sf_runtime_NULL_THUNK_DATA 0000000180014480     sf_runtime:sf_runtime.dll
 0002:00000488       __xc_a                     0000000180014488     MSVCRT:cinitexe.obj
 0002:00000490       __xc_z                     0000000180014490     MSVCRT:cinitexe.obj
 0002:00000498       __xi_a                     0000000180014498     MSVCRT:cinitexe.obj
 0002:000004b0       __xi_z                     00000001800144b0     MSVCRT:cinitexe.obj
 0002:000004c0       __real@41b0ce0d5e000000    00000001800144c0     untitled_sfun.obj
 0002:000004c8       __real@41b7aa4733000000    00000001800144c8     untitled_sfun.obj
 0002:000004d0       __real@41d0bc0daa800000    00000001800144d0     untitled_sfun.obj
 0002:000004d8       __real@41d1448da3800000    00000001800144d8     untitled_sfun.obj
 0002:000004e0       __real@41d9dfa017000000    00000001800144e0     untitled_sfun.obj
 0002:000004e8       __real@41ddae3573400000    00000001800144e8     untitled_sfun.obj
 0002:000004f0       __real@41dee3b2e3000000    00000001800144f0     untitled_sfun.obj
 0002:000004f8       __real@41e1914a24400000    00000001800144f8     untitled_sfun.obj
 0002:00000500       __real@41e1e4a741400000    0000000180014500     untitled_sfun.obj
 0002:00000508       __real@41e6cf0aa2400000    0000000180014508     untitled_sfun.obj
 0002:00000510       __real@41e6eb9af9800000    0000000180014510     untitled_sfun.obj
 0002:00000518       __real@41e8038ce8200000    0000000180014518     untitled_sfun.obj
 0002:00000520       __real@41ead1319ec00000    0000000180014520     untitled_sfun.obj
 0002:00000528       __real@41ef896ba8e00000    0000000180014528     untitled_sfun.obj
 0002:00000530       __real@41efa6c676400000    0000000180014530     untitled_sfun.obj
 0002:00000538       __real@41efb18590e00000    0000000180014538     untitled_sfun.obj
 0002:00000540       __real@3f50624dd2f1a9fc    0000000180014540     c1_untitled.obj
 0002:00000548       __real@3f847ae147ae147b    0000000180014548     c1_untitled.obj
 0002:00000550       __real@3fac990d829f820f    0000000180014550     c1_untitled.obj
 0002:00000558       __real@3fac990d829f8211    0000000180014558     c1_untitled.obj
 0002:00000560       __real@3fb236d7786d44f3    0000000180014560     c1_untitled.obj
 0002:00000568       __real@3fb352a843808851    0000000180014568     c1_untitled.obj
 0002:00000570       __real@3ff0000000000000    0000000180014570     c1_untitled.obj
 0002:00000578       __real@4000000000000000    0000000180014578     c1_untitled.obj
 0002:00000580       __real@4010000000000000    0000000180014580     c1_untitled.obj
 0002:00000588       __real@4014000000000000    0000000180014588     c1_untitled.obj
 0002:00000590       __real@4018000000000000    0000000180014590     c1_untitled.obj
 0002:00000598       __real@4020000000000000    0000000180014598     c1_untitled.obj
 0002:000005a0       __real@4024000000000000    00000001800145a0     c1_untitled.obj
 0002:000005a8       __real@4039000000000000    00000001800145a8     c1_untitled.obj
 0002:000005b0       __real@4042800000000000    00000001800145b0     c1_untitled.obj
 0002:000005b8       __real@4049000000000000    00000001800145b8     c1_untitled.obj
 0002:000005c0       __real@405bc00000000000    00000001800145c0     c1_untitled.obj
 0002:000005c8       __real@406f400000000000    00000001800145c8     c1_untitled.obj
 0002:000005d0       __real@41c0b1da87800000    00000001800145d0     c1_untitled.obj
 0002:000005d8       __real@41c397fc39800000    00000001800145d8     c1_untitled.obj
 0002:000005e0       __real@41c8cae282000000    00000001800145e0     c1_untitled.obj
 0002:000005e8       __real@41e72ec212a00000    00000001800145e8     c1_untitled.obj
 0002:000005f0       __xmm@80000000000000008000000000000000 00000001800145f0     c1_untitled.obj
 0002:00000600       DYNAMIC_DIMENSION_DEF      0000000180014600     untitled_sfun_registry.obj
 0002:00000620       _ssBadLevel2InputAccessMsg 0000000180014620     untitled_sfun_registry.obj
 0002:000007b0       _ssBadLevel2DirectFeedMsg  00000001800147b0     untitled_sfun_registry.obj
 0002:000008f0       _ssBadLevel2DirectFeedSolutionMsg 00000001800148f0     untitled_sfun_registry.obj
 0002:00000960       _ssBadLevel2ZeroDirectFeedMsg 0000000180014960     untitled_sfun_registry.obj
 0002:00000aa0       _ssBadLevel2ZeroDirectFeedMsg2 0000000180014aa0     untitled_sfun_registry.obj
 0002:00000b88       __real@0000000000000000    0000000180014b88     untitled_sfun_registry.obj
 0002:00000b90       __real@41602cbca0000000    0000000180014b90     untitled_sfun_registry.obj
 0002:00000b98       __real@bff0000000000000    0000000180014b98     untitled_sfun_registry.obj
 0002:00000bb0       _pDefaultRawDllMain        0000000180014bb0     MSVCRT:crtdll.obj
 0002:00000bb0       _pRawDllMain               0000000180014bb0     MSVCRT:crtdll.obj
 0002:00000bb8       ?ProcessDetach@NativeDll@<CrtImplementationDetails>@@0IB 0000000180014bb8     MSVCRT:initsect.obj
 0002:00000bbc       ?ProcessAttach@NativeDll@<CrtImplementationDetails>@@0IB 0000000180014bbc     MSVCRT:initsect.obj
 0002:00000bc0       ?ThreadAttach@NativeDll@<CrtImplementationDetails>@@0IB 0000000180014bc0     MSVCRT:initsect.obj
 0002:00000bc4       ?ThreadDetach@NativeDll@<CrtImplementationDetails>@@0IB 0000000180014bc4     MSVCRT:initsect.obj
 0002:00000bc8       ?ProcessVerifier@NativeDll@<CrtImplementationDetails>@@0IB 0000000180014bc8     MSVCRT:initsect.obj
 0002:00000bcc       ?value@?$integral_constant@_N$0A@@std@@2_NB 0000000180014bcc     MSVCRT:tncleanup.obj
 0002:00000bcd       ?value@?$integral_constant@_N$00@std@@2_NB 0000000180014bcd     MSVCRT:tncleanup.obj
 0002:00000bd0       ?value@?$_Sizeof@U_Nil@std@@U12@U12@U12@U12@U12@U12@U12@@std@@2_KB 0000000180014bd0     MSVCRT:tncleanup.obj
 0002:00000be0       _load_config_used          0000000180014be0     MSVCRT:loadcfg.obj
 0002:00000c50       __rtc_iaa                  0000000180014c50     MSVCRT:initsect.obj
 0002:00000c58       __rtc_izz                  0000000180014c58     MSVCRT:initsect.obj
 0002:00000c60       __rtc_taa                  0000000180014c60     MSVCRT:initsect.obj
 0002:00000c68       __rtc_tzz                  0000000180014c68     MSVCRT:initsect.obj
 0002:00001394       __IMPORT_DESCRIPTOR_sf_runtime 0000000180015394     sf_runtime:sf_runtime.dll
 0002:000013a8       __IMPORT_DESCRIPTOR_libmx  00000001800153a8     libmx:libmx.dll
 0002:000013bc       __IMPORT_DESCRIPTOR_libmex 00000001800153bc     libmex:libmex.dll
 0002:000013d0       __IMPORT_DESCRIPTOR_libut  00000001800153d0     libut:libut.dll
 0002:000013e4       __IMPORT_DESCRIPTOR_libmwmathutil 00000001800153e4     libmwmathutil:libmwmathutil.dll
 0002:000013f8       __IMPORT_DESCRIPTOR_MSVCR110 00000001800153f8     MSVCRT:MSVCR110.dll
 0002:0000140c       __IMPORT_DESCRIPTOR_KERNEL32 000000018001540c     kernel32:KERNEL32.dll
 0002:00001420       __NULL_IMPORT_DESCRIPTOR   0000000180015420     sf_runtime:sf_runtime.dll
 0003:00003288       DYNAMIC_DIMENSION          000000018001a288     untitled_sfun_registry.obj
 0003:00003f80       __security_cookie          000000018001af80     MSVCRT:gs_cookie.obj
 0003:00003f88       __security_cookie_complement 000000018001af88     MSVCRT:gs_cookie.obj
 0003:00003f90       _fltused                   000000018001af90     MSVCRT:dllsupp.obj
 0003:00003f94       __native_dllmain_reason    000000018001af94     MSVCRT:natstart.obj
 0003:00003fc8       sfGlobalDebugInstanceStruct 000000018001afc8     untitled_sfun_registry.obj
 0003:00004628       ?__type_info_root_node@@3U__type_info_node@@A 000000018001b628     MSVCRT:tncleanup.obj
 0003:00004638       _untitledMachineNumber_    000000018001b638     <common>
 0003:00004640       __native_startup_lock      000000018001b640     <common>
 0003:00004648       __native_startup_state     000000018001b648     <common>
 0003:00004650       __onexitend                000000018001b650     <common>
 0003:00004658       __onexitbegin              000000018001b658     <common>
 0003:00004660       __dyn_tls_init_callback    000000018001b660     <common>

 entry point at        0001:00012874

 Static symbols

 0000:00000000       .debug$S                   0000000180000000     kernel32:KERNEL32.dll
 0000:00000000       .debug$S                   0000000180000000     kernel32:KERNEL32.dll
 0000:00000000       .debug$S                   0000000180000000     kernel32:KERNEL32.dll
 0000:00000000       .debug$S                   0000000180000000     kernel32:KERNEL32.dll
 0000:00000000       .debug$S                   0000000180000000     kernel32:KERNEL32.dll
 0000:00000000       .debug$S                   0000000180000000     kernel32:KERNEL32.dll
 0000:00000000       .debug$S                   0000000180000000     kernel32:KERNEL32.dll
 0000:00000000       .debug$S                   0000000180000000     kernel32:KERNEL32.dll
 0000:00000000       .debug$S                   0000000180000000     kernel32:KERNEL32.dll
 0000:00000000       .debug$S                   0000000180000000     sf_runtime:sf_runtime.dll
 0000:00000000       .debug$S                   0000000180000000     MSVCRT:MSVCR110.dll
 0000:00000000       .debug$S                   0000000180000000     MSVCRT:MSVCR110.dll
 0000:00000000       .debug$S                   0000000180000000     MSVCRT:MSVCR110.dll
 0000:00000000       .debug$S                   0000000180000000     MSVCRT:MSVCR110.dll
 0000:00000000       .debug$S                   0000000180000000     MSVCRT:MSVCR110.dll
 0000:00000000       .debug$S                   0000000180000000     MSVCRT:MSVCR110.dll
 0000:00000000       .debug$S                   0000000180000000     MSVCRT:MSVCR110.dll
 0000:00000000       .debug$S                   0000000180000000     MSVCRT:MSVCR110.dll
 0000:00000000       .debug$S                   0000000180000000     MSVCRT:MSVCR110.dll
 0000:00000000       .debug$S                   0000000180000000     MSVCRT:MSVCR110.dll
 0000:00000000       .debug$S                   0000000180000000     MSVCRT:MSVCR110.dll
 0000:00000000       .debug$S                   0000000180000000     MSVCRT:MSVCR110.dll
 0000:00000000       .debug$S                   0000000180000000     MSVCRT:MSVCR110.dll
 0000:00000000       .debug$S                   0000000180000000     MSVCRT:MSVCR110.dll
 0000:00000000       .debug$S                   0000000180000000     MSVCRT:MSVCR110.dll
 0000:00000000       .debug$S                   0000000180000000     MSVCRT:MSVCR110.dll
 0000:00000000       .debug$S                   0000000180000000     MSVCRT:MSVCR110.dll
 0000:00000000       .debug$S                   0000000180000000     MSVCRT:MSVCR110.dll
 0000:00000000       .debug$S                   0000000180000000     MSVCRT:MSVCR110.dll
 0000:00000000       .debug$S                   0000000180000000     MSVCRT:MSVCR110.dll
 0000:00000000       .debug$S                   0000000180000000     MSVCRT:MSVCR110.dll
 0000:00000000       .debug$S                   0000000180000000     MSVCRT:MSVCR110.dll
 0000:00000000       .debug$S                   0000000180000000     MSVCRT:MSVCR110.dll
 0000:00000000       .debug$S                   0000000180000000     MSVCRT:MSVCR110.dll
 0000:00000000       .debug$S                   0000000180000000     MSVCRT:MSVCR110.dll
 0000:00000000       .debug$S                   0000000180000000     sf_runtime:sf_runtime.dll
 0000:00000000       .debug$S                   0000000180000000     sf_runtime:sf_runtime.dll
 0000:00000000       .debug$S                   0000000180000000     sf_runtime:sf_runtime.dll
 0000:00000000       .debug$S                   0000000180000000     sf_runtime:sf_runtime.dll
 0000:00000000       .debug$S                   0000000180000000     sf_runtime:sf_runtime.dll
 0000:00000000       .debug$S                   0000000180000000     sf_runtime:sf_runtime.dll
 0000:00000000       .debug$S                   0000000180000000     sf_runtime:sf_runtime.dll
 0000:00000000       .debug$S                   0000000180000000     sf_runtime:sf_runtime.dll
 0000:00000000       .debug$S                   0000000180000000     sf_runtime:sf_runtime.dll
 0000:00000000       .debug$S                   0000000180000000     sf_runtime:sf_runtime.dll
 0000:00000000       .debug$S                   0000000180000000     sf_runtime:sf_runtime.dll
 0000:00000000       .debug$S                   0000000180000000     sf_runtime:sf_runtime.dll
 0000:00000000       .debug$S                   0000000180000000     sf_runtime:sf_runtime.dll
 0000:00000000       .debug$S                   0000000180000000     sf_runtime:sf_runtime.dll
 0000:00000000       .debug$S                   0000000180000000     sf_runtime:sf_runtime.dll
 0000:00000000       .debug$S                   0000000180000000     sf_runtime:sf_runtime.dll
 0000:00000000       .debug$S                   0000000180000000     sf_runtime:sf_runtime.dll
 0000:00000000       .debug$S                   0000000180000000     sf_runtime:sf_runtime.dll
 0000:00000000       .debug$S                   0000000180000000     sf_runtime:sf_runtime.dll
 0000:00000000       .debug$S                   0000000180000000     sf_runtime:sf_runtime.dll
 0000:00000000       .debug$S                   0000000180000000     sf_runtime:sf_runtime.dll
 0000:00000000       .debug$S                   0000000180000000     sf_runtime:sf_runtime.dll
 0000:00000000       .debug$S                   0000000180000000     sf_runtime:sf_runtime.dll
 0000:00000000       .debug$S                   0000000180000000     sf_runtime:sf_runtime.dll
 0000:00000000       .debug$S                   0000000180000000     sf_runtime:sf_runtime.dll
 0000:00000000       .debug$S                   0000000180000000     sf_runtime:sf_runtime.dll
 0000:00000000       .debug$S                   0000000180000000     sf_runtime:sf_runtime.dll
 0000:00000000       .debug$S                   0000000180000000     sf_runtime:sf_runtime.dll
 0000:00000000       .debug$S                   0000000180000000     sf_runtime:sf_runtime.dll
 0000:00000000       .debug$S                   0000000180000000     sf_runtime:sf_runtime.dll
 0000:00000000       .debug$S                   0000000180000000     sf_runtime:sf_runtime.dll
 0000:00000000       .debug$S                   0000000180000000     sf_runtime:sf_runtime.dll
 0000:00000000       .debug$S                   0000000180000000     sf_runtime:sf_runtime.dll
 0000:00000000       .debug$S                   0000000180000000     sf_runtime:sf_runtime.dll
 0000:00000000       .debug$S                   0000000180000000     sf_runtime:sf_runtime.dll
 0000:00000000       .debug$S                   0000000180000000     sf_runtime:sf_runtime.dll
 0000:00000000       .debug$S                   0000000180000000     libmwmathutil:libmwmathutil.dll
 0000:00000000       .debug$S                   0000000180000000     libmwmathutil:libmwmathutil.dll
 0000:00000000       .debug$S                   0000000180000000     libmwmathutil:libmwmathutil.dll
 0000:00000000       .debug$S                   0000000180000000     libmwmathutil:libmwmathutil.dll
 0000:00000000       .debug$S                   0000000180000000     sf_runtime:sf_runtime.dll
 0000:00000000       .debug$S                   0000000180000000     libut:libut.dll
 0000:00000000       .debug$S                   0000000180000000     libut:libut.dll
 0000:00000000       .debug$S                   0000000180000000     sf_runtime:sf_runtime.dll
 0000:00000000       .debug$S                   0000000180000000     libmex:libmex.dll
 0000:00000000       .debug$S                   0000000180000000     libmex:libmex.dll
 0000:00000000       .debug$S                   0000000180000000     libmex:libmex.dll
 0000:00000000       .debug$S                   0000000180000000     libmex:libmex.dll
 0000:00000000       .debug$S                   0000000180000000     libmex:libmex.dll
 0000:00000000       .debug$S                   0000000180000000     libmex:libmex.dll
 0000:00000000       .debug$S                   0000000180000000     libmex:libmex.dll
 0000:00000000       .debug$S                   0000000180000000     sf_runtime:sf_runtime.dll
 0000:00000000       .debug$S                   0000000180000000     libmx:libmx.dll
 0000:00000000       .debug$S                   0000000180000000     libmx:libmx.dll
 0000:00000000       .debug$S                   0000000180000000     libmx:libmx.dll
 0000:00000000       .debug$S                   0000000180000000     libmx:libmx.dll
 0000:00000000       .debug$S                   0000000180000000     libmx:libmx.dll
 0000:00000000       .debug$S                   0000000180000000     libmx:libmx.dll
 0000:00000000       .debug$S                   0000000180000000     libmx:libmx.dll
 0000:00000000       .debug$S                   0000000180000000     libmx:libmx.dll
 0000:00000000       .debug$S                   0000000180000000     libmx:libmx.dll
 0000:00000000       .debug$S                   0000000180000000     libmx:libmx.dll
 0000:00000000       .debug$S                   0000000180000000     libmx:libmx.dll
 0000:00000000       .debug$S                   0000000180000000     libmx:libmx.dll
 0000:00000000       .debug$S                   0000000180000000     libmx:libmx.dll
 0000:00000000       .debug$S                   0000000180000000     libmx:libmx.dll
 0000:00000000       .debug$S                   0000000180000000     sf_runtime:sf_runtime.dll
 0000:00000000       .debug$S                   0000000180000000     sf_runtime:sf_runtime.dll
 0000:00000000       .debug$S                   0000000180000000     sf_runtime:sf_runtime.dll
 0000:00000000       .debug$S                   0000000180000000     sf_runtime:sf_runtime.dll
 0000:00000000       .debug$S                   0000000180000000     sf_runtime:sf_runtime.dll
 0000:00000000       .debug$S                   0000000180000000     sf_runtime:sf_runtime.dll
 0000:00000000       .debug$S                   0000000180000000     sf_runtime:sf_runtime.dll
 0000:00000000       .debug$S                   0000000180000000     sf_runtime:sf_runtime.dll
 0000:00000000       .debug$S                   0000000180000000     sf_runtime:sf_runtime.dll
 0000:00000000       .debug$S                   0000000180000000     sf_runtime:sf_runtime.dll
 0000:00000000       .debug$S                   0000000180000000     sf_runtime:sf_runtime.dll
 0000:00000000       .debug$S                   0000000180000000     sf_runtime:sf_runtime.dll
 0000:00000000       .debug$S                   0000000180000000     sf_runtime:sf_runtime.dll
 0000:00000000       .debug$S                   0000000180000000     sf_runtime:sf_runtime.dll
 0000:00000000       .debug$S                   0000000180000000     sf_runtime:sf_runtime.dll
 0000:00000000       .debug$S                   0000000180000000     sf_runtime:sf_runtime.dll
 0000:00000000       .debug$S                   0000000180000000     sf_runtime:sf_runtime.dll
 0000:00000000       .debug$S                   0000000180000000     sf_runtime:sf_runtime.dll
 0000:00000000       .debug$S                   0000000180000000     sf_runtime:sf_runtime.dll
 0000:00000000       .debug$S                   0000000180000000     sf_runtime:sf_runtime.dll
 0000:00000000       .debug$S                   0000000180000000     sf_runtime:sf_runtime.dll
 0000:00000000       .debug$S                   0000000180000000     sf_runtime:sf_runtime.dll
 0000:00000000       .debug$S                   0000000180000000     sf_runtime:sf_runtime.dll
 0000:00000000       .debug$S                   0000000180000000     sf_runtime:sf_runtime.dll
 0000:00000000       .debug$S                   0000000180000000     sf_runtime:sf_runtime.dll
 0000:00000000       .debug$S                   0000000180000000     sf_runtime:sf_runtime.dll
 0000:00000000       .debug$S                   0000000180000000     sf_runtime:sf_runtime.dll
 0000:00000000       .debug$S                   0000000180000000     sf_runtime:sf_runtime.dll
 0000:00000000       .debug$S                   0000000180000000     sf_runtime:sf_runtime.dll
 0000:00000000       .debug$S                   0000000180000000     sf_runtime:sf_runtime.dll
 0000:00000000       .debug$S                   0000000180000000     libmx:libmx.dll
 0000:00000000       .debug$S                   0000000180000000     libmx:libmx.dll
 0000:00000000       .debug$S                   0000000180000000     libmx:libmx.dll
 0000:00000000       .debug$S                   0000000180000000     libmx:libmx.dll
 0000:00000000       .debug$S                   0000000180000000     libmx:libmx.dll
 0000:00000000       .debug$S                   0000000180000000     libmx:libmx.dll
 0000:00000000       .debug$S                   0000000180000000     libmx:libmx.dll
 0001:000013e0       initialize_c1_untitled     00000001800023e0 f   c1_untitled.obj
 0001:00001430       initialize_params_c1_untitled 0000000180002430 f   c1_untitled.obj
 0001:00001440       enable_c1_untitled         0000000180002440 f   c1_untitled.obj
 0001:00001470       disable_c1_untitled        0000000180002470 f   c1_untitled.obj
 0001:000014a0       c1_update_debugger_state_c1_untitled 00000001800024a0 f   c1_untitled.obj
 0001:000014b0       get_sim_state_c1_untitled  00000001800024b0 f   c1_untitled.obj
 0001:00001680       set_sim_state_c1_untitled  0000000180002680 f   c1_untitled.obj
 0001:00001790       finalize_c1_untitled       0000000180002790 f   c1_untitled.obj
 0001:000017a0       sf_gateway_c1_untitled     00000001800027a0 f   c1_untitled.obj
 0001:00001a30       c1_chartstep_c1_untitled   0000000180002a30 f   c1_untitled.obj
 0001:00004a60       initSimStructsc1_untitled  0000000180005a60 f   c1_untitled.obj
 0001:00004a70       init_script_number_translation 0000000180005a70 f   c1_untitled.obj
 0001:00004ac0       c1_sf_marshallOut          0000000180005ac0 f   c1_untitled.obj
 0001:00004c10       c1_emlrt_marshallIn        0000000180005c10 f   c1_untitled.obj
 0001:00004c80       c1_b_emlrt_marshallIn      0000000180005c80 f   c1_untitled.obj
 0001:00004d70       c1_sf_marshallIn           0000000180005d70 f   c1_untitled.obj
 0001:00004e70       c1_b_sf_marshallOut        0000000180005e70 f   c1_untitled.obj
 0001:00004fc0       c1_c_sf_marshallOut        0000000180005fc0 f   c1_untitled.obj
 0001:00005070       c1_c_emlrt_marshallIn      0000000180006070 f   c1_untitled.obj
 0001:00005100       c1_b_sf_marshallIn         0000000180006100 f   c1_untitled.obj
 0001:000051a0       c1_info_helper             00000001800061a0 f   c1_untitled.obj
 0001:000090f0       c1_emlrt_marshallOut       000000018000a0f0 f   c1_untitled.obj
 0001:00009180       c1_b_emlrt_marshallOut     000000018000a180 f   c1_untitled.obj
 0001:000091f0       c1_power                   000000018000a1f0 f   c1_untitled.obj
 0001:00009250       c1_eml_scalar_eg           000000018000a250 f   c1_untitled.obj
 0001:00009260       c1_rdivide                 000000018000a260 f   c1_untitled.obj
 0001:000092c0       c1_e_emlrt_marshallIn      000000018000a2c0 f   c1_untitled.obj
 0001:00009320       c1_f_emlrt_marshallIn      000000018000a320 f   c1_untitled.obj
 0001:000093b0       init_dsm_address_info      000000018000a3b0 f   c1_untitled.obj
 0001:000093c0       init_simulink_io_address   000000018000a3c0 f   c1_untitled.obj
 0001:00009bf0       sf_get_sim_state_info_c1_untitled 000000018000abf0 f   c1_untitled.obj
 0001:00009cc0       chart_debug_initialization 000000018000acc0 f   c1_untitled.obj
 0001:0000a730       sf_get_instance_specialization 000000018000b730 f   c1_untitled.obj
 0001:0000a740       sf_opaque_initialize_c1_untitled 000000018000b740 f   c1_untitled.obj
 0001:0000a780       sf_opaque_enable_c1_untitled 000000018000b780 f   c1_untitled.obj
 0001:0000a7a0       sf_opaque_disable_c1_untitled 000000018000b7a0 f   c1_untitled.obj
 0001:0000a7c0       sf_opaque_gateway_c1_untitled 000000018000b7c0 f   c1_untitled.obj
 0001:0000a7e0       sf_opaque_get_sim_state_c1_untitled 000000018000b7e0 f   c1_untitled.obj
 0001:0000a830       sf_opaque_set_sim_state_c1_untitled 000000018000b830 f   c1_untitled.obj
 0001:0000a880       sf_opaque_terminate_c1_untitled 000000018000b880 f   c1_untitled.obj
 0001:0000a920       sf_opaque_init_subchart_simstructs 000000018000b920 f   c1_untitled.obj
 0001:0000a940       mdlProcessParameters_c1_untitled 000000018000b940 f   c1_untitled.obj
 0001:0000aa20       mdlSetWorkWidths_c1_untitled 000000018000ba20 f   c1_untitled.obj
 0001:0000af70       mdlRTW_c1_untitled         000000018000bf70 f   c1_untitled.obj
 0001:0000afb0       mdlStart_c1_untitled       000000018000bfb0 f   c1_untitled.obj
 0001:0000c304       $LN107                     000000018000d304     untitled_sfun_registry.obj
 0001:0000d634       $LN17                      000000018000e634     untitled_sfun_registry.obj
 0001:0000dbbc       $LN26                      000000018000ebbc     untitled_sfun_registry.obj
 0001:0000e2a4       $LN23                      000000018000f2a4     untitled_sfun_registry.obj
 0001:0000e880       $LN26                      000000018000f880     untitled_sfun_registry.obj
 0001:00010740       sf_debug_api_wrapper       0000000180011740 f   untitled_sfun_registry.obj
 0001:00010790       ProcessMexSfunctionCmdLineCall 0000000180011790 f   untitled_sfun_registry.obj
 0001:00010ac0       getChartInfoFromSimStruct  0000000180011ac0 f   untitled_sfun_registry.obj
 0001:00010b80       mdlSetWorkWidths           0000000180011b80 f   untitled_sfun_registry.obj
 0001:00010bb0       mdlProcessParameters       0000000180011bb0 f   untitled_sfun_registry.obj
 0001:00010be0       mdl_start_processing       0000000180011be0 f   untitled_sfun_registry.obj
 0001:00010ca0       mdl_terminate_processing   0000000180011ca0 f   untitled_sfun_registry.obj
 0001:00010d20       mdlStart                   0000000180011d20 f   untitled_sfun_registry.obj
 0001:00010d50       mdlTerminate               0000000180011d50 f   untitled_sfun_registry.obj
 0001:00010d80       mdlInitializeSizes         0000000180011d80 f   untitled_sfun_registry.obj
 0001:00010db0       mdlInitializeSampleTimes   0000000180011db0 f   untitled_sfun_registry.obj
 0001:00010de0       mdl_outputs_continuous_legacy 0000000180011de0 f   untitled_sfun_registry.obj
 0001:00010ee0       mdl_outputs_processing     0000000180011ee0 f   untitled_sfun_registry.obj
 0001:00010fe0       mdl_zeroCrossings_processing 0000000180011fe0 f   untitled_sfun_registry.obj
 0001:00011020       mdlZeroCrossings           0000000180012020 f   untitled_sfun_registry.obj
 0001:00011050       mdl_derivatives_processing 0000000180012050 f   untitled_sfun_registry.obj
 0001:000110a0       mdlDerivatives             00000001800120a0 f   untitled_sfun_registry.obj
 0001:000110d0       mdl_initialize_conditions_processing 00000001800120d0 f   untitled_sfun_registry.obj
 0001:00011120       mdlInitializeConditions    0000000180012120 f   untitled_sfun_registry.obj
 0001:00011150       mdl_ext_mode_exec_processing 0000000180012150 f   untitled_sfun_registry.obj
 0001:00011190       mdlExtModeExec             0000000180012190 f   untitled_sfun_registry.obj
 0001:000111c0       mdlRTW                     00000001800121c0 f   untitled_sfun_registry.obj
 0001:00011200       mdl_enable_processing      0000000180012200 f   untitled_sfun_registry.obj
 0001:00011240       mdlEnable                  0000000180012240 f   untitled_sfun_registry.obj
 0001:00011270       mdl_disable_processing     0000000180012270 f   untitled_sfun_registry.obj
 0001:000112b0       mdlDisable                 00000001800122b0 f   untitled_sfun_registry.obj
 0001:000112e0       mdlOutputs                 00000001800122e0 f   untitled_sfun_registry.obj
 0001:000114b0       mdlGetTimeOfNextVarHit     00000001800124b0 f   untitled_sfun_registry.obj
 0001:00011500       _RegNumInputPortsCB        0000000180012500 f   untitled_sfun_registry.obj
 0001:00011580       _RegNumOutputPortsCB       0000000180012580 f   untitled_sfun_registry.obj
 0001:00011600       _CreateSimStruct           0000000180012600 f   untitled_sfun_registry.obj
 0001:00011790       _ssFatalError              0000000180012790 f   untitled_sfun_registry.obj
 0001:00011840       _ProcessMexSfunctionCmdLineCall 0000000180012840 f   untitled_sfun_registry.obj
 0001:00012560       $$000000                   0000000180013560     MSVCRT:amdsecgs.obj
 0001:000125bc       pre_c_init                 00000001800135bc f   MSVCRT:crtdll.obj
 0001:000128b4       __DllMainCRTStartup        00000001800138b4 f   MSVCRT:crtdll.obj
 0001:00012dd0       __DllMainCRTStartup$filt$0 0000000180013dd0 f   MSVCRT:crtdll.obj
 0001:00012df5       __DllMainCRTStartup$fin$1  0000000180013df5 f   MSVCRT:crtdll.obj
 0001:00012e10       _IsNonwritableInCurrentImage$filt$0 0000000180013e10 f   MSVCRT:pesect.obj
 0001:00012e30       _onexit$fin$0              0000000180013e30 f   MSVCRT:atonexit.obj
 0002:000004a0       pcinit                     00000001800144a0     MSVCRT:crtdll.obj
 0002:000004a8       pinit                      00000001800144a8     MSVCRT:atonexit.obj
 0002:00000ba0       GS_ExceptionPointers       0000000180014ba0     MSVCRT:gs_report.obj
 0002:00000c70       $unwind$load_untitled_optimization_info 0000000180014c70     untitled_sfun.obj
 0002:00000c78       $unwind$unload_untitled_optimization_info 0000000180014c78     untitled_sfun.obj
 0002:00000c80       $unwind$sf_untitled_method_dispatcher 0000000180014c80     untitled_sfun.obj
 0002:00000c88       $unwind$sf_untitled_uses_exported_functions 0000000180014c88     untitled_sfun.obj
 0002:00000c90       $unwind$sf_untitled_process_check_sum_call 0000000180014c90     untitled_sfun.obj
 0002:00000ca0       $unwind$sf_untitled_autoinheritance_info 0000000180014ca0     untitled_sfun.obj
 0002:00000cb0       $unwind$sf_untitled_get_eml_resolved_functions_info 0000000180014cb0     untitled_sfun.obj
 0002:00000cc0       $unwind$sf_untitled_third_party_uses_info 0000000180014cc0     untitled_sfun.obj
 0002:00000cd0       $unwind$sf_untitled_jit_fallback_info 0000000180014cd0     untitled_sfun.obj
 0002:00000ce0       $unwind$sf_untitled_updateBuildInfo_args_info 0000000180014ce0     untitled_sfun.obj
 0002:00000cf0       $unwind$sf_untitled_get_post_codegen_info 0000000180014cf0     untitled_sfun.obj
 0002:00000d00       $unwind$untitled_debug_initialize 0000000180014d00     untitled_sfun.obj
 0002:00000d08       $unwind$sf_c1_untitled_get_eml_resolved_functions_info 0000000180014d08     c1_untitled.obj
 0002:00000d10       $unwind$sf_c1_untitled_get_check_sum 0000000180014d10     c1_untitled.obj
 0002:00000d18       $unwind$c1_untitled_method_dispatcher 0000000180014d18     c1_untitled.obj
 0002:00000d20       $unwind$initialize_c1_untitled 0000000180014d20     c1_untitled.obj
 0002:00000d28       $unwind$enable_c1_untitled 0000000180014d28     c1_untitled.obj
 0002:00000d30       $unwind$disable_c1_untitled 0000000180014d30     c1_untitled.obj
 0002:00000d38       $unwind$get_sim_state_c1_untitled 0000000180014d38     c1_untitled.obj
 0002:00000d48       $unwind$set_sim_state_c1_untitled 0000000180014d48     c1_untitled.obj
 0002:00000d58       $unwind$sf_gateway_c1_untitled 0000000180014d58     c1_untitled.obj
 0002:00000d60       $unwind$c1_chartstep_c1_untitled 0000000180014d60     c1_untitled.obj
 0002:00000d70       $unwind$init_script_number_translation 0000000180014d70     c1_untitled.obj
 0002:00000d78       $unwind$c1_sf_marshallOut  0000000180014d78     c1_untitled.obj
 0002:00000d88       $unwind$c1_emlrt_marshallIn 0000000180014d88     c1_untitled.obj
 0002:00000d90       $unwind$c1_b_emlrt_marshallIn 0000000180014d90     c1_untitled.obj
 0002:00000da0       $unwind$c1_sf_marshallIn   0000000180014da0     c1_untitled.obj
 0002:00000db0       $unwind$c1_b_sf_marshallOut 0000000180014db0     c1_untitled.obj
 0002:00000dc0       $unwind$c1_c_sf_marshallOut 0000000180014dc0     c1_untitled.obj
 0002:00000dc8       $unwind$c1_c_emlrt_marshallIn 0000000180014dc8     c1_untitled.obj
 0002:00000dd0       $unwind$c1_b_sf_marshallIn 0000000180014dd0     c1_untitled.obj
 0002:00000dd8       $unwind$c1_info_helper     0000000180014dd8     c1_untitled.obj
 0002:00000de0       $unwind$c1_emlrt_marshallOut 0000000180014de0     c1_untitled.obj
 0002:00000de8       $unwind$c1_b_emlrt_marshallOut 0000000180014de8     c1_untitled.obj
 0002:00000df0       $unwind$c1_power           0000000180014df0     c1_untitled.obj
 0002:00000df8       $unwind$c1_rdivide         0000000180014df8     c1_untitled.obj
 0002:00000e00       $unwind$c1_e_emlrt_marshallIn 0000000180014e00     c1_untitled.obj
 0002:00000e08       $unwind$c1_f_emlrt_marshallIn 0000000180014e08     c1_untitled.obj
 0002:00000e10       $unwind$init_simulink_io_address 0000000180014e10     c1_untitled.obj
 0002:00000e18       $unwind$sf_c1_untitled_get_post_codegen_info 0000000180014e18     c1_untitled.obj
 0002:00000e20       $unwind$sf_c1_untitled_get_autoinheritance_info 0000000180014e20     c1_untitled.obj
 0002:00000e28       $unwind$sf_c1_untitled_third_party_uses_info 0000000180014e28     c1_untitled.obj
 0002:00000e30       $unwind$sf_c1_untitled_jit_fallback_info 0000000180014e30     c1_untitled.obj
 0002:00000e38       $unwind$sf_c1_untitled_updateBuildInfo_args_info 0000000180014e38     c1_untitled.obj
 0002:00000e40       $unwind$sf_get_sim_state_info_c1_untitled 0000000180014e40     c1_untitled.obj
 0002:00000e48       $unwind$chart_debug_initialization 0000000180014e48     c1_untitled.obj
 0002:00000e50       $unwind$sf_opaque_initialize_c1_untitled 0000000180014e50     c1_untitled.obj
 0002:00000e58       $unwind$sf_opaque_enable_c1_untitled 0000000180014e58     c1_untitled.obj
 0002:00000e60       $unwind$sf_opaque_disable_c1_untitled 0000000180014e60     c1_untitled.obj
 0002:00000e68       $unwind$sf_opaque_gateway_c1_untitled 0000000180014e68     c1_untitled.obj
 0002:00000e70       $unwind$sf_opaque_get_sim_state_c1_untitled 0000000180014e70     c1_untitled.obj
 0002:00000e78       $unwind$sf_opaque_set_sim_state_c1_untitled 0000000180014e78     c1_untitled.obj
 0002:00000e80       $unwind$sf_opaque_terminate_c1_untitled 0000000180014e80     c1_untitled.obj
 0002:00000e88       $unwind$sf_opaque_init_subchart_simstructs 0000000180014e88     c1_untitled.obj
 0002:00000e90       $unwind$mdlProcessParameters_c1_untitled 0000000180014e90     c1_untitled.obj
 0002:00000e98       $unwind$mdlSetWorkWidths_c1_untitled 0000000180014e98     c1_untitled.obj
 0002:00000ea0       $unwind$mdlRTW_c1_untitled 0000000180014ea0     c1_untitled.obj
 0002:00000ea8       $unwind$mdlStart_c1_untitled 0000000180014ea8     c1_untitled.obj
 0002:00000eb0       $unwind$mexFunction        0000000180014eb0     untitled_sfun_registry.obj
 0002:00000eb8       $unwind$_ssSetInputPortDirectFeedThroughFcn 0000000180014eb8     untitled_sfun_registry.obj
 0002:00000ec0       $unwind$_ssGetInputPortSignalPtrsFcn 0000000180014ec0     untitled_sfun_registry.obj
 0002:00000ec8       $unwind$_ssGetInputPortSignalFcn 0000000180014ec8     untitled_sfun_registry.obj
 0002:00000ed0       $unwind$_ssSetInputPortReusableFcn 0000000180014ed0     untitled_sfun_registry.obj
 0002:00000ee0       $unwind$_ssSetOutputPortReusableFcn 0000000180014ee0     untitled_sfun_registry.obj
 0002:00000ef0       $unwind$ssGetIsZeroCrossControlDisabled 0000000180014ef0     untitled_sfun_registry.obj
 0002:00000ef8       $unwind$ssSetIsInputPortUsedForContZcSignal 0000000180014ef8     untitled_sfun_registry.obj
 0002:00000f00       $unwind$ssSetZcSignalIsZcElementDisc 0000000180014f00     untitled_sfun_registry.obj
 0002:00000f10       $unwind$ssSetZcSignalName  0000000180014f10     untitled_sfun_registry.obj
 0002:00000f18       $unwind$ssSetZcSignalWidth 0000000180014f18     untitled_sfun_registry.obj
 0002:00000f20       $unwind$ssSetZcSignalZcEventType 0000000180014f20     untitled_sfun_registry.obj
 0002:00000f28       $unwind$ssSetZcSignalType  0000000180014f28     untitled_sfun_registry.obj
 0002:00000f30       $unwind$ssSetZcSignalZcTol 0000000180014f30     untitled_sfun_registry.obj
 0002:00000f38       $unwind$ssSetZcSignalNeedsEventNotification 0000000180014f38     untitled_sfun_registry.obj
 0002:00000f40       $unwind$ssCreateAndAddZcSignalInfo 0000000180014f40     untitled_sfun_registry.obj
 0002:00000f48       $unwind$ssCloneAndAddZcSignalInfo 0000000180014f48     untitled_sfun_registry.obj
 0002:00000f50       $unwind$ssGetNumZcSignals  0000000180014f50     untitled_sfun_registry.obj
 0002:00000f58       $unwind$ssGetZcSignalVector 0000000180014f58     untitled_sfun_registry.obj
 0002:00000f60       $unwind$ssGetZcSignalName  0000000180014f60     untitled_sfun_registry.obj
 0002:00000f68       $unwind$ssGetZcSignalWidth 0000000180014f68     untitled_sfun_registry.obj
 0002:00000f70       $unwind$ssGetZcSignalZcEventType 0000000180014f70     untitled_sfun_registry.obj
 0002:00000f78       $unwind$ssGetZcSignalZcEvents 0000000180014f78     untitled_sfun_registry.obj
 0002:00000f80       $unwind$ssGetZcSignalType  0000000180014f80     untitled_sfun_registry.obj
 0002:00000f88       $unwind$ssGetZcSignalZcTol 0000000180014f88     untitled_sfun_registry.obj
 0002:00000f90       $unwind$ssGetZcSignalNeedsEventNotification 0000000180014f90     untitled_sfun_registry.obj
 0002:00000f98       $unwind$ssGetZcSignalIsZcElementDisc 0000000180014f98     untitled_sfun_registry.obj
 0002:00000fa8       $unwind$ssGetIsInputPortElementContinuous 0000000180014fa8     untitled_sfun_registry.obj
 0002:00000fb8       $unwind$ssGetDTypeIdFromMxArray 0000000180014fb8     untitled_sfun_registry.obj
 0002:00000fc0       $unwind$ssWriteRTWStr      0000000180014fc0     untitled_sfun_registry.obj
 0002:00000fc8       $unwind$ssWriteRTWNameValuePair 0000000180014fc8     untitled_sfun_registry.obj
 0002:00000fd0       $unwind$ssWriteRTWParamSettings 0000000180014fd0     untitled_sfun_registry.obj
 0002:00000fd8       $unwind$ssWriteRTWParameters 0000000180014fd8     untitled_sfun_registry.obj
 0002:00000fe0       $unwind$ssWriteRTWWorkVect 0000000180014fe0     untitled_sfun_registry.obj
 0002:00000ff4       $unwind$ssWriteRTWMxVectParam 0000000180014ff4     untitled_sfun_registry.obj
 0002:00000ffc       $unwind$ssWriteRTWMx2dMatParam 0000000180014ffc     untitled_sfun_registry.obj
 0002:00001004       $unwind$_ssSetInputPortMatrixDimensions 0000000180015004     untitled_sfun_registry.obj
 0002:00001010       $unwind$_ssSetOutputPortMatrixDimensions 0000000180015010     untitled_sfun_registry.obj
 0002:0000101c       $unwind$_ssSetInputPortVectorDimension 000000018001501c     untitled_sfun_registry.obj
 0002:00001028       $unwind$_ssSetOutputPortVectorDimension 0000000180015028     untitled_sfun_registry.obj
 0002:00001034       $unwind$ssIsRunTimeParamTunable 0000000180015034     untitled_sfun_registry.obj
 0002:0000103c       $unwind$ssGetSFuncBlockHandle 000000018001503c     untitled_sfun_registry.obj
 0002:00001044       $unwind$_ssGetCurrentInputPortWidth 0000000180015044     untitled_sfun_registry.obj
 0002:0000104c       $unwind$_ssGetCurrentOutputPortWidth 000000018001504c     untitled_sfun_registry.obj
 0002:00001054       $unwind$_ssGetCallSystemNumFcnCallDestinations 0000000180015054     untitled_sfun_registry.obj
 0002:0000105c       $unwind$ssWarning          000000018001505c     untitled_sfun_registry.obj
 0002:00001070       $unwind$_ssGetAbsTol       0000000180015070     untitled_sfun_registry.obj
 0002:00001078       $unwind$sf_process_check_sum_call 0000000180015078     untitled_sfun_registry.obj
 0002:00001080       $unwind$sf_process_machine_uses_exported_functions_call 0000000180015080     untitled_sfun_registry.obj
 0002:00001090       $unwind$sf_process_autoinheritance_call 0000000180015090     untitled_sfun_registry.obj
 0002:000010a0       $unwind$sf_process_get_third_party_uses_info_call 00000001800150a0     untitled_sfun_registry.obj
 0002:000010b0       $unwind$sf_process_get_jit_fallback_info_call 00000001800150b0     untitled_sfun_registry.obj
 0002:000010c0       $unwind$sf_process_get_updateBuildInfo_args_info_call 00000001800150c0     untitled_sfun_registry.obj
 0002:000010d0       $unwind$sf_process_get_eml_resolved_functions_info_call 00000001800150d0     untitled_sfun_registry.obj
 0002:000010e0       $unwind$sf_process_get_post_codegen_info 00000001800150e0     untitled_sfun_registry.obj
 0002:000010f0       $unwind$sf_mex_unlock_call 00000001800150f0     untitled_sfun_registry.obj
 0002:00001100       $unwind$sf_debug_api_wrapper 0000000180015100     untitled_sfun_registry.obj
 0002:00001108       $unwind$ProcessMexSfunctionCmdLineCall 0000000180015108     untitled_sfun_registry.obj
 0002:00001110       $unwind$sf_machine_global_initializer_called 0000000180015110     untitled_sfun_registry.obj
 0002:00001118       $unwind$sf_machine_global_method_dispatcher 0000000180015118     untitled_sfun_registry.obj
[...]
 0003:00003da0       $SG17094                   000000018001ada0     untitled_sfun_registry.obj
 0003:00003dc8       $SG16085                   000000018001adc8     untitled_sfun_registry.obj
 0003:00003e00       $SG16071                   000000018001ae00     untitled_sfun_registry.obj
 0003:00003e48       $SG15068                   000000018001ae48     untitled_sfun_registry.obj
 0003:00003e60       $SG15073                   000000018001ae60     untitled_sfun_registry.obj
 0003:00003e70       $SG15091                   000000018001ae70     untitled_sfun_registry.obj
 0003:00003e80       $SG15136                   000000018001ae80     untitled_sfun_registry.obj
 0003:00003e98       $SG15167                   000000018001ae98     untitled_sfun_registry.obj
 0003:00003ea8       $SG15264                   000000018001aea8     untitled_sfun_registry.obj
 0003:00003ebc       $SG15269                   000000018001aebc     untitled_sfun_registry.obj
 0003:00003ec8       $SG15270                   000000018001aec8     untitled_sfun_registry.obj
 0003:00003ee8       $SG16357                   000000018001aee8     untitled_sfun_registry.obj
 0003:00003f28       $SG16365                   000000018001af28     untitled_sfun_registry.obj
 0003:00003f60       $SG16379                   000000018001af60     untitled_sfun_registry.obj
 0003:00003fa0       sRtwOptimizationInfoStruct 000000018001afa0     untitled_sfun.obj
 0003:00003fa8       $SG18845                   000000018001afa8     c1_untitled.obj
 0003:00003fa9       $SG18862                   000000018001afa9     c1_untitled.obj
 0003:00003faa       $SG17989                   000000018001afaa     c1_untitled.obj
 0003:00003fab       $SG18061                   000000018001afab     c1_untitled.obj
 0003:00003fac       $SG18133                   000000018001afac     c1_untitled.obj
 0003:00003fb0       _sfTime_                   000000018001afb0     c1_untitled.obj
 0003:00003fc0       $SG16720                   000000018001afc0     untitled_sfun_registry.obj
 0003:00003fd0       sfGlobalMdlStartCallCounts 000000018001afd0     untitled_sfun_registry.obj
 0003:00003fe0       ?errmsg@?N@??ssWriteRTWWorkVect@@9@9 000000018001afe0     untitled_sfun_registry.obj
 0003:000040b0       GS_ExceptionRecord         000000018001b0b0     MSVCRT:gs_report.obj
 0003:00004150       GS_ContextRecord           000000018001b150     MSVCRT:gs_report.obj
 0003:00004620       DebuggerWasPresent         000000018001b620     MSVCRT:gs_report.obj
 0003:00004624       __proc_attached            000000018001b624     MSVCRT:crtdll.obj
 0004:00000000       $pdata$load_untitled_optimization_info 000000018001c000     untitled_sfun.obj
 0004:0000000c       $pdata$unload_untitled_optimization_info 000000018001c00c     untitled_sfun.obj
 0004:00000018       $pdata$sf_untitled_method_dispatcher 000000018001c018     untitled_sfun.obj
 0004:00000024       $pdata$sf_untitled_uses_exported_functions 000000018001c024     untitled_sfun.obj
 0004:00000030       $pdata$sf_untitled_process_check_sum_call 000000018001c030     untitled_sfun.obj
 0004:0000003c       $pdata$sf_untitled_autoinheritance_info 000000018001c03c     untitled_sfun.obj
 0004:00000048       $pdata$sf_untitled_get_eml_resolved_functions_info 000000018001c048     untitled_sfun.obj
 0004:00000054       $pdata$sf_untitled_third_party_uses_info 000000018001c054     untitled_sfun.obj
 0004:00000060       $pdata$sf_untitled_jit_fallback_info 000000018001c060     untitled_sfun.obj
 0004:0000006c       $pdata$sf_untitled_updateBuildInfo_args_info 000000018001c06c     untitled_sfun.obj
 0004:00000078       $pdata$sf_untitled_get_post_codegen_info 000000018001c078     untitled_sfun.obj
 0004:00000084       $pdata$untitled_debug_initialize 000000018001c084     untitled_sfun.obj
 0004:00000090       $pdata$sf_c1_untitled_get_eml_resolved_functions_info 000000018001c090     c1_untitled.obj
 0004:0000009c       $pdata$sf_c1_untitled_get_check_sum 000000018001c09c     c1_untitled.obj
 0004:000000a8       $pdata$c1_untitled_method_dispatcher 000000018001c0a8     c1_untitled.obj
 0004:000000b4       $pdata$initialize_c1_untitled 000000018001c0b4     c1_untitled.obj
 0004:000000c0       $pdata$enable_c1_untitled  000000018001c0c0     c1_untitled.obj
 0004:000000cc       $pdata$disable_c1_untitled 000000018001c0cc     c1_untitled.obj
 0004:000000d8       $pdata$get_sim_state_c1_untitled 000000018001c0d8     c1_untitled.obj
 0004:000000e4       $pdata$set_sim_state_c1_untitled 000000018001c0e4     c1_untitled.obj
 0004:000000f0       $pdata$sf_gateway_c1_untitled 000000018001c0f0     c1_untitled.obj
 0004:000000fc       $pdata$c1_chartstep_c1_untitled 000000018001c0fc     c1_untitled.obj
 0004:00000108       $pdata$init_script_number_translation 000000018001c108     c1_untitled.obj
 0004:00000114       $pdata$c1_sf_marshallOut   000000018001c114     c1_untitled.obj
 0004:00000120       $pdata$c1_emlrt_marshallIn 000000018001c120     c1_untitled.obj
 0004:0000012c       $pdata$c1_b_emlrt_marshallIn 000000018001c12c     c1_untitled.obj
 0004:00000138       $pdata$c1_sf_marshallIn    000000018001c138     c1_untitled.obj
 0004:00000144       $pdata$c1_b_sf_marshallOut 000000018001c144     c1_untitled.obj
 0004:00000150       $pdata$c1_c_sf_marshallOut 000000018001c150     c1_untitled.obj
 0004:0000015c       $pdata$c1_c_emlrt_marshallIn 000000018001c15c     c1_untitled.obj
 0004:00000168       $pdata$c1_b_sf_marshallIn  000000018001c168     c1_untitled.obj
 0004:00000174       $pdata$c1_info_helper      000000018001c174     c1_untitled.obj
 0004:00000180       $pdata$c1_emlrt_marshallOut 000000018001c180     c1_untitled.obj
 0004:0000018c       $pdata$c1_b_emlrt_marshallOut 000000018001c18c     c1_untitled.obj
 0004:00000198       $pdata$c1_power            000000018001c198     c1_untitled.obj
 0004:000001a4       $pdata$c1_rdivide          000000018001c1a4     c1_untitled.obj
 0004:000001b0       $pdata$c1_e_emlrt_marshallIn 000000018001c1b0     c1_untitled.obj
 0004:000001bc       $pdata$c1_f_emlrt_marshallIn 000000018001c1bc     c1_untitled.obj
 0004:000001c8       $pdata$init_simulink_io_address 000000018001c1c8     c1_untitled.obj
 0004:000001d4       $pdata$sf_c1_untitled_get_post_codegen_info 000000018001c1d4     c1_untitled.obj
 0004:000001e0       $pdata$sf_c1_untitled_get_autoinheritance_info 000000018001c1e0     c1_untitled.obj
 0004:000001ec       $pdata$sf_c1_untitled_third_party_uses_info 000000018001c1ec     c1_untitled.obj
 0004:000001f8       $pdata$sf_c1_untitled_jit_fallback_info 000000018001c1f8     c1_untitled.obj
 0004:00000204       $pdata$sf_c1_untitled_updateBuildInfo_args_info 000000018001c204     c1_untitled.obj
 0004:00000210       $pdata$sf_get_sim_state_info_c1_untitled 000000018001c210     c1_untitled.obj
 0004:0000021c       $pdata$chart_debug_initialization 000000018001c21c     c1_untitled.obj
 0004:00000228       $pdata$sf_opaque_initialize_c1_untitled 000000018001c228     c1_untitled.obj
 0004:00000234       $pdata$sf_opaque_enable_c1_untitled 000000018001c234     c1_untitled.obj
 0004:00000240       $pdata$sf_opaque_disable_c1_untitled 000000018001c240     c1_untitled.obj
 0004:0000024c       $pdata$sf_opaque_gateway_c1_untitled 000000018001c24c     c1_untitled.obj
 0004:00000258       $pdata$sf_opaque_get_sim_state_c1_untitled 000000018001c258     c1_untitled.obj
 0004:00000264       $pdata$sf_opaque_set_sim_state_c1_untitled 000000018001c264     c1_untitled.obj
 0004:00000270       $pdata$sf_opaque_terminate_c1_untitled 000000018001c270     c1_untitled.obj
 0004:0000027c       $pdata$sf_opaque_init_subchart_simstructs 000000018001c27c     c1_untitled.obj
 0004:00000288       $pdata$mdlProcessParameters_c1_untitled 000000018001c288     c1_untitled.obj
 0004:00000294       $pdata$mdlSetWorkWidths_c1_untitled 000000018001c294     c1_untitled.obj
 0004:000002a0       $pdata$mdlRTW_c1_untitled  000000018001c2a0     c1_untitled.obj
 0004:000002ac       $pdata$mdlStart_c1_untitled 000000018001c2ac     c1_untitled.obj
 0004:000002b8       $pdata$mexFunction         000000018001c2b8     untitled_sfun_registry.obj
 0004:000002c4       $pdata$_ssSetInputPortDirectFeedThroughFcn 000000018001c2c4     untitled_sfun_registry.obj
 0004:000002d0       $pdata$_ssGetInputPortSignalPtrsFcn 000000018001c2d0     untitled_sfun_registry.obj
 0004:000002dc       $pdata$_ssGetInputPortSignalFcn 000000018001c2dc     untitled_sfun_registry.obj
 0004:000002e8       $pdata$_ssSetInputPortReusableFcn 000000018001c2e8     untitled_sfun_registry.obj
 0004:000002f4       $pdata$_ssSetOutputPortReusableFcn 000000018001c2f4     untitled_sfun_registry.obj
 0004:00000300       $pdata$ssGetIsZeroCrossControlDisabled 000000018001c300     untitled_sfun_registry.obj
 0004:0000030c       $pdata$ssSetIsInputPortUsedForContZcSignal 000000018001c30c     untitled_sfun_registry.obj
 0004:00000318       $pdata$ssSetZcSignalIsZcElementDisc 000000018001c318     untitled_sfun_registry.obj
 0004:00000324       $pdata$ssSetZcSignalName   000000018001c324     untitled_sfun_registry.obj
 0004:00000330       $pdata$ssSetZcSignalWidth  000000018001c330     untitled_sfun_registry.obj
 0004:0000033c       $pdata$ssSetZcSignalZcEventType 000000018001c33c     untitled_sfun_registry.obj
 0004:00000348       $pdata$ssSetZcSignalType   000000018001c348     untitled_sfun_registry.obj
 0004:00000354       $pdata$ssSetZcSignalZcTol  000000018001c354     untitled_sfun_registry.obj
 0004:00000360       $pdata$ssSetZcSignalNeedsEventNotification 000000018001c360     untitled_sfun_registry.obj
 0004:0000036c       $pdata$ssCreateAndAddZcSignalInfo 000000018001c36c     untitled_sfun_registry.obj
 0004:00000378       $pdata$ssCloneAndAddZcSignalInfo 000000018001c378     untitled_sfun_registry.obj
 0004:00000384       $pdata$ssGetNumZcSignals   000000018001c384     untitled_sfun_registry.obj
 0004:00000390       $pdata$ssGetZcSignalVector 000000018001c390     untitled_sfun_registry.obj
 0004:0000039c       $pdata$ssGetZcSignalName   000000018001c39c     untitled_sfun_registry.obj
 0004:000003a8       $pdata$ssGetZcSignalWidth  000000018001c3a8     untitled_sfun_registry.obj
 0004:000003b4       $pdata$ssGetZcSignalZcEventType 000000018001c3b4     untitled_sfun_registry.obj
 0004:000003c0       $pdata$ssGetZcSignalZcEvents 000000018001c3c0     untitled_sfun_registry.obj
 0004:000003cc       $pdata$ssGetZcSignalType   000000018001c3cc     untitled_sfun_registry.obj
 0004:000003d8       $pdata$ssGetZcSignalZcTol  000000018001c3d8     untitled_sfun_registry.obj
 0004:000003e4       $pdata$ssGetZcSignalNeedsEventNotification 000000018001c3e4     untitled_sfun_registry.obj
 0004:000003f0       $pdata$ssGetZcSignalIsZcElementDisc 000000018001c3f0     untitled_sfun_registry.obj
 0004:000003fc       $pdata$ssGetIsInputPortElementContinuous 000000018001c3fc     untitled_sfun_registry.obj
 0004:00000408       $pdata$ssGetDTypeIdFromMxArray 000000018001c408     untitled_sfun_registry.obj
 0004:00000414       $pdata$ssWriteRTWStr       000000018001c414     untitled_sfun_registry.obj
 0004:00000420       $pdata$ssWriteRTWNameValuePair 000000018001c420     untitled_sfun_registry.obj
 0004:0000042c       $pdata$ssWriteRTWParamSettings 000000018001c42c     untitled_sfun_registry.obj
 0004:00000438       $pdata$ssWriteRTWParameters 000000018001c438     untitled_sfun_registry.obj
 0004:00000444       $pdata$ssWriteRTWWorkVect  000000018001c444     untitled_sfun_registry.obj
 0004:00000450       $pdata$ssWriteRTWMxVectParam 000000018001c450     untitled_sfun_registry.obj
 0004:0000045c       $pdata$ssWriteRTWMx2dMatParam 000000018001c45c     untitled_sfun_registry.obj
 0004:00000468       $pdata$_ssSetInputPortMatrixDimensions 000000018001c468     untitled_sfun_registry.obj
 0004:00000474       $pdata$_ssSetOutputPortMatrixDimensions 000000018001c474     untitled_sfun_registry.obj
 0004:00000480       $pdata$_ssSetInputPortVectorDimension 000000018001c480     untitled_sfun_registry.obj
 0004:0000048c       $pdata$_ssSetOutputPortVectorDimension 000000018001c48c     untitled_sfun_registry.obj
 0004:00000498       $pdata$ssIsRunTimeParamTunable 000000018001c498     untitled_sfun_registry.obj
 0004:000004a4       $pdata$ssGetSFuncBlockHandle 000000018001c4a4     untitled_sfun_registry.obj
 0004:000004b0       $pdata$_ssGetCurrentInputPortWidth 000000018001c4b0     untitled_sfun_registry.obj
 0004:000004bc       $pdata$_ssGetCurrentOutputPortWidth 000000018001c4bc     untitled_sfun_registry.obj
 0004:000004c8       $pdata$_ssGetCallSystemNumFcnCallDestinations 000000018001c4c8     untitled_sfun_registry.obj
 0004:000004d4       $pdata$ssWarning           000000018001c4d4     untitled_sfun_registry.obj
 0004:000004e0       $pdata$_ssGetAbsTol        000000018001c4e0     untitled_sfun_registry.obj
 0004:000004ec       $pdata$sf_process_check_sum_call 000000018001c4ec     untitled_sfun_registry.obj
 0004:000004f8       $pdata$sf_process_machine_uses_exported_functions_call 000000018001c4f8     untitled_sfun_registry.obj
 0004:00000504       $pdata$sf_process_autoinheritance_call 000000018001c504     untitled_sfun_registry.obj
 0004:00000510       $pdata$sf_process_get_third_party_uses_info_call 000000018001c510     untitled_sfun_registry.obj
 0004:0000051c       $pdata$sf_process_get_jit_fallback_info_call 000000018001c51c     untitled_sfun_registry.obj
 0004:00000528       $pdata$sf_process_get_updateBuildInfo_args_info_call 000000018001c528     untitled_sfun_registry.obj
 0004:00000534       $pdata$sf_process_get_eml_resolved_functions_info_call 000000018001c534     untitled_sfun_registry.obj
 0004:00000540       $pdata$sf_process_get_post_codegen_info 000000018001c540     untitled_sfun_registry.obj
 0004:0000054c       $pdata$sf_mex_unlock_call  000000018001c54c     untitled_sfun_registry.obj
 0004:00000558       $pdata$sf_debug_api_wrapper 000000018001c558     untitled_sfun_registry.obj
 0004:00000564       $pdata$ProcessMexSfunctionCmdLineCall 000000018001c564     untitled_sfun_registry.obj
 0004:00000570       $pdata$sf_machine_global_initializer_called 000000018001c570     untitled_sfun_registry.obj
 0004:0000057c       $pdata$sf_machine_global_method_dispatcher 000000018001c57c     untitled_sfun_registry.obj
 0004:00000588       $pdata$sf_machine_global_terminator 000000018001c588     untitled_sfun_registry.obj
 0004:00000594       $pdata$sf_register_machine_exported_symbols 000000018001c594     untitled_sfun_registry.obj
 0004:000005a0       $pdata$sf_machine_global_initializer 000000018001c5a0     untitled_sfun_registry.obj
 0004:000005ac       $pdata$getChartInfoFromSimStruct 000000018001c5ac     untitled_sfun_registry.obj
 0004:000005b8       $pdata$mdlGetSimState      000000018001c5b8     untitled_sfun_registry.obj
 0004:000005c4       $pdata$mdlSetSimState      000000018001c5c4     untitled_sfun_registry.obj
 0004:000005d0       $pdata$mdlSetWorkWidths    000000018001c5d0     untitled_sfun_registry.obj
 0004:000005dc       $pdata$mdlProcessParameters 000000018001c5dc     untitled_sfun_registry.obj
 0004:000005e8       $pdata$mdl_start_processing 000000018001c5e8     untitled_sfun_registry.obj
 0004:000005f4       $pdata$mdl_terminate_processing 000000018001c5f4     untitled_sfun_registry.obj
 0004:00000600       $pdata$mdlStart            000000018001c600     untitled_sfun_registry.obj
 0004:0000060c       $pdata$mdlTerminate        000000018001c60c     untitled_sfun_registry.obj
 0004:00000618       $pdata$mdlInitializeSizes  000000018001c618     untitled_sfun_registry.obj
 0004:00000624       $pdata$mdlInitializeSampleTimes 000000018001c624     untitled_sfun_registry.obj
 0004:00000630       $pdata$mdl_outputs_continuous_legacy 000000018001c630     untitled_sfun_registry.obj
 0004:0000063c       $pdata$mdl_outputs_processing 000000018001c63c     untitled_sfun_registry.obj
 0004:00000648       $pdata$mdl_zeroCrossings_processing 000000018001c648     untitled_sfun_registry.obj
 0004:00000654       $pdata$mdlZeroCrossings    000000018001c654     untitled_sfun_registry.obj
 0004:00000660       $pdata$mdl_derivatives_processing 000000018001c660     untitled_sfun_registry.obj
 0004:0000066c       $pdata$mdlDerivatives      000000018001c66c     untitled_sfun_registry.obj
 0004:00000678       $pdata$mdl_initialize_conditions_processing 000000018001c678     untitled_sfun_registry.obj
 0004:00000684       $pdata$mdlInitializeConditions 000000018001c684     untitled_sfun_registry.obj
 0004:00000690       $pdata$mdl_ext_mode_exec_processing 000000018001c690     untitled_sfun_registry.obj
 0004:0000069c       $pdata$mdlExtModeExec      000000018001c69c     untitled_sfun_registry.obj
 0004:000006a8       $pdata$mdlRTW              000000018001c6a8     untitled_sfun_registry.obj
 0004:000006b4       $pdata$mdl_enable_processing 000000018001c6b4     untitled_sfun_registry.obj
 0004:000006c0       $pdata$mdlEnable           000000018001c6c0     untitled_sfun_registry.obj
 0004:000006cc       $pdata$mdl_disable_processing 000000018001c6cc     untitled_sfun_registry.obj
 0004:000006d8       $pdata$mdlDisable          000000018001c6d8     untitled_sfun_registry.obj
 0004:000006e4       $pdata$mdlOutputs          000000018001c6e4     untitled_sfun_registry.obj
 0004:000006f0       $pdata$ProcessMexSfunctionEveryCall 000000018001c6f0     untitled_sfun_registry.obj
 0004:000006fc       $pdata$_RegNumInputPortsCB 000000018001c6fc     untitled_sfun_registry.obj
 0004:00000708       $pdata$_RegNumOutputPortsCB 000000018001c708     untitled_sfun_registry.obj
 0004:00000714       $pdata$_CreateSimStruct    000000018001c714     untitled_sfun_registry.obj
 0004:00000720       $pdata$_ssFatalError       000000018001c720     untitled_sfun_registry.obj
 0004:0000072c       $pdata$_ProcessMexSfunctionCmdLineCall 000000018001c72c     untitled_sfun_registry.obj
 0004:00000738       $pdata$__raise_securityfailure 000000018001c738     MSVCRT:gs_report.obj
 0004:00000744       $pdata$__report_gsfailure  000000018001c744     MSVCRT:gs_report.obj
 0004:00000750       $pdata$__report_rangecheckfailure 000000018001c750     MSVCRT:gs_report.obj
 0004:0000075c       $pdata$__report_securityfailure 000000018001c75c     MSVCRT:gs_report.obj
 0004:00000768       $pdata$__report_securityfailureEx 000000018001c768     MSVCRT:gs_report.obj
 0004:00000774       $pdata$__GSHandlerCheck    000000018001c774     MSVCRT:gshandler.obj
 0004:00000780       $pdata$__GSHandlerCheckCommon 000000018001c780     MSVCRT:gshandler.obj
 0004:00000798       $pdata$pre_c_init          000000018001c798     MSVCRT:crtdll.obj
 0004:000007a4       $pdata$_CRT_INIT           000000018001c7a4     MSVCRT:crtdll.obj
 0004:000007b0       $pdata$_DllMainCRTStartup  000000018001c7b0     MSVCRT:crtdll.obj
 0004:000007bc       $pdata$__DllMainCRTStartup 000000018001c7bc     MSVCRT:crtdll.obj
 0004:000007c8       $pdata$_IsNonwritableInCurrentImage 000000018001c7c8     MSVCRT:pesect.obj
 0004:000007d4       $pdata$__atonexitinit      000000018001c7d4     MSVCRT:atonexit.obj
 0004:000007e0       $pdata$_onexit             000000018001c7e0     MSVCRT:atonexit.obj
 0004:000007ec       $pdata$atexit              000000018001c7ec     MSVCRT:atonexit.obj
 0004:000007f8       $pdata$__security_init_cookie 000000018001c7f8     MSVCRT:gs_support.obj
 0004:00000804       $pdata$DllMain             000000018001c804     MSVCRT:dllmain.obj
 0004:00000810       $pdata$_RTC_Initialize     000000018001c810     MSVCRT:initsect.obj
 0004:0000081c       $pdata$_RTC_Terminate      000000018001c81c     MSVCRT:initsect.obj
 0004:00000828       $pdata$__DllMainCRTStartup$filt$0 000000018001c828     MSVCRT:crtdll.obj
 0004:00000834       $pdata$__DllMainCRTStartup$fin$1 000000018001c834     MSVCRT:crtdll.obj
 0004:00000840       $pdata$_IsNonwritableInCurrentImage$filt$0 000000018001c840     MSVCRT:pesect.obj
 0004:0000084c       $pdata$_onexit$fin$0       000000018001c84c     MSVCRT:atonexit.obj
